07-05 20:50:15.981 27235 27235 D Launcher.CellLayout: touch item:ShortcutInfo, id=1082, itemType=0, user=UserHandle{0}, mIconType=0, pkgName=work.dynet.developer, className=work.dynet.developer.MainActivity, screenId=3, container=-100, cellX=1, cellY=4, spanX=1, spanY=1
07-05 20:50:16.023 26590 27040 I ActivityTaskManager: START u0 {act=android.intent.action.MAIN cat=[android.intent.category.LAUNCHER] flg=0x10200000 cmp=work.dynet.developer/.MainActivity bnds=[328,1351][500,1523] (has extras)} from uid 10087 from pid 27235 callingPackage com.miui.home
07-05 20:50:16.050 26590 28074 I PowerHalWrapper: amsBoostNotify pid:27235,activity:com.miui.home.launcher.Launcher, package:com.miui.home, mProcessCreatePackwork.dynet.developer 
07-05 20:50:16.051   852  2570 E BufferQueueDebug: [Splash Screen work.dynet.developer#0](this:0xb400007423d42900,id:-1,api:0,p:-1,c:-1) id info cannot be read from 'Splash Screen work.dynet.developer#0'
07-05 20:50:16.052   852  2570 I BufferQueueDebug: [Splash Screen work.dynet.developer#0](this:0xb400007423d42900,id:-1,api:0,p:-1,c:-1) BufferQueue core=(852:/system/bin/surfaceflinger)
07-05 20:50:16.063 26590 26611 I PowerHalWrapper: amsBoostProcessCreate package:work.dynet.developer 
07-05 20:50:16.063 26590 26611 D SBE-LaunchIdentify: SBE boost:work.dynet.developer begin
07-05 20:50:16.077 26590 26630 I ActivityManager: Start proc 8629:work.dynet.developer/u0a923 for pre-top-activity {work.dynet.developer/work.dynet.developer.MainActivity} caller=others
07-05 20:50:16.109 26590 28074 I PowerHalWrapper: amsBoostNotify pid:8629,activity:work.dynet.developer.MainActivity, package:work.dynet.developer, mProcessCreatePackwork.dynet.developer 
07-05 20:50:16.109   760   837 I libPowerHal: [perfNotifyAppState] pack:work.dynet.developer, act:work.dynet.developer.MainActivity, state:1, pid:8629, uid:10923, fps:-1
07-05 20:50:16.109   760   837 I libPowerHal: [perfNotifyAppState] foreground:work.dynet.developer, pid:8629, uid:10923
07-05 20:50:16.110   760   837 I UxUtility: notifyForegroundApp pack:work.dynet.developer, uid:10923
07-05 20:50:16.110   760   787 I mtkpower@impl: [notifyAppState] pc:1, com.miui.home => work.dynet.developer
07-05 20:50:16.111 27235 14595 D AppObserver: ForegroundInfo{mForegroundPackageName='work.dynet.developer', mForegroundUid=10923, mForegroundPid=8629, mLastForegroundPackageName='com.miui.home', mLastForegroundUid=10087, mLastForegroundPid=27235, mMultiWindowForegroundPackageName='work.dynet.developer', mMultiWindowForegroundUid=10923, mFlags=1}
07-05 20:50:16.113 30837 30854 D PerfEngineController: ForegroundInfo{mForegroundPackageName='work.dynet.developer', mForegroundUid=10923, mForegroundPid=8629, mLastForegroundPackageName='com.miui.home', mLastForegroundUid=10087, mLastForegroundPid=27235, mMultiWindowForegroundPackageName='work.dynet.developer', mMultiWindowForegroundUid=10923, mFlags=1}
07-05 20:50:16.113 27986 28268 I ProcessMonitor: onForegroundInfoChanged: ForegroundInfo{mForegroundPackageName='work.dynet.developer', mForegroundUid=10923, mForegroundPid=8629, mLastForegroundPackageName='com.miui.home', mLastForegroundUid=10087, mLastForegroundPid=27235, mMultiWindowForegroundPackageName='work.dynet.developer', mMultiWindowForegroundUid=10923, mFlags=1}
07-05 20:50:16.114  3830  3844 I GST     : forePkg: work.dynet.developer, preForePkg: com.miui.home
07-05 20:50:16.115 30837 31306 D LS-ForegroundStatusManager: handleMessage ForegroundInfoChanged. pkg = work.dynet.developer, uid = 10923, mCurrentForegroundUid = 10087
07-05 20:50:16.116 29009 29009 D AppLifecycleObserver: onReceive: work.dynet.developer FOREGROUND
07-05 20:50:16.116 29009 29009 I GameEventTag: notify failed, pkg=work.dynet.developer event=3 version not match
07-05 20:50:16.117 27986 28268 I GameBoosterService: onForegroundInfoChanged: Cur=work.dynet.developer	 last=com.miui.home
07-05 20:50:16.118 27986 28268 D GameBoosterService: onGameStatusChange foreground:ForegroundInfo{mForegroundPackageName='work.dynet.developer', mForegroundUid=10923, mForegroundPid=8629, mLastForegroundPackageName='com.miui.home', mLastForegroundUid=10087, mLastForegroundPid=27235, mMultiWindowForegroundPackageName='work.dynet.developer', mMultiWindowForegroundUid=10923, mFlags=1}
07-05 20:50:16.119 27986 30736 E SuggestManager: openApp name = work.dynet.developer
07-05 20:50:16.120 28133  2251 W MQSService: CallerName:work.dynet.developer,calling Uid:10923
07-05 20:50:16.120 28133  2251 D MQSService: registerApplicationScoutThread pid = 8629, packageName = work.dynet.developer
07-05 20:50:16.121 29009 29009 D PkgUtils: getApplicationInfo packageName:work.dynet.developer, flags:128 applicationInfo:ApplicationInfo{82d9358 work.dynet.developer} needSecondSpace:false
07-05 20:50:16.140  8629  8629 V GraphicsEnvironment: ANGLE Developer option for 'work.dynet.developer' set to: 'default'
07-05 20:50:16.142  8629  8629 I ForceDarkHelperStubImpl: initialize for work.dynet.developer , ForceDarkOrigin
07-05 20:50:16.149 27235 27605 W RecentsModel: getRunningTask   taskInfo=TaskInfo{userId=0 taskId=14139 displayId=0 isRunning=true baseIntent=Intent { act=android.intent.action.MAIN cat=[android.intent.category.LAUNCHER] flg=0x10200000 cmp=work.dynet.developer/.MainActivity } baseActivity=ComponentInfo{work.dynet.developer/work.dynet.developer.MainActivity} topActivity=ComponentInfo{work.dynet.developer/work.dynet.developer.MainActivity} origActivity=null realActivity=ComponentInfo{work.dynet.developer/work.dynet.developer.MainActivity} numActivities=1 lastActiveTime=29298684133 supportsSplitScreenMultiWindow=true supportsMultiWindow=true resizeMode=1 isResizeable=true token=WCT{android.window.IWindowContainerToken$Stub$Proxy@3d1588a} topActivityType=1 pictureInPictureParams=PictureInPictureParams( aspectRatio=null sourceRectHint=null hasSetActions=false isAutoPipEnabled=false isSeamlessResizeEnabled=true) displayCutoutSafeInsets=Rect(0, 99 - 0, 0) topActivityInfo=ActivityInfo{dd8eefb work.dynet.developer.MainActivity} launchCookies=[] positionInParent=Point(0, 0) parentTaskId=-1 isFocused=false isVisible=true topActivityInSizeCompat=false locusId= null windowMode=0}
07-05 20:50:16.150 27235 27605 W RecentsModel: getTaskInfoIgnoreHomeAndFreeform   taskInfo=ComponentInfo{work.dynet.developer/work.dynet.developer.MainActivity}
07-05 20:50:16.153 27235 27605 E ActivityManagerWrapper: getRecentTasks: taskId=14139   userId=0   baseIntent=Intent { act=android.intent.action.MAIN flag=270532608 cmp=ComponentInfo{work.dynet.developer/work.dynet.developer.MainActivity} }
07-05 20:50:16.180  8629  8629 E AndroidRuntime: Process: work.dynet.developer, PID: 8629
07-05 20:50:16.180  8629  8629 E AndroidRuntime: java.lang.RuntimeException: Unable to instantiate activity ComponentInfo{work.dynet.developer/work.dynet.developer.MainActivity}: java.lang.ClassNotFoundException: Didn't find class "work.dynet.developer.MainActivity" on path: DexPathList[[zip file "/data/app/~~NRuCeHs87QVAqZI8u8MQgQ==/work.dynet.developer-DY226kcHQeA9-wMgTAi1lA==/base.apk"],nativeLibraryDirectories=[/data/app/~~NRuCeHs87QVAqZI8u8MQgQ==/work.dynet.developer-DY226kcHQeA9-wMgTAi1lA==/lib/arm64, /data/app/~~NRuCeHs87QVAqZI8u8MQgQ==/work.dynet.developer-DY226kcHQeA9-wMgTAi1lA==/base.apk!/lib/arm64-v8a, /system/lib64, /system/system_ext/lib64]]
07-05 20:50:16.180  8629  8629 E AndroidRuntime: Caused by: java.lang.ClassNotFoundException: Didn't find class "work.dynet.developer.MainActivity" on path: DexPathList[[zip file "/data/app/~~NRuCeHs87QVAqZI8u8MQgQ==/work.dynet.developer-DY226kcHQeA9-wMgTAi1lA==/base.apk"],nativeLibraryDirectories=[/data/app/~~NRuCeHs87QVAqZI8u8MQgQ==/work.dynet.developer-DY226kcHQeA9-wMgTAi1lA==/lib/arm64, /data/app/~~NRuCeHs87QVAqZI8u8MQgQ==/work.dynet.developer-DY226kcHQeA9-wMgTAi1lA==/base.apk!/lib/arm64-v8a, /system/lib64, /system/system_ext/lib64]]
07-05 20:50:16.180  8629  8651 D libMEOW : applied 0 plugin for [work.dynet.developer].
07-05 20:50:16.195   760   837 I libPowerHal: [perfNotifyAppState] pack:work.dynet.developer, act:work.dynet.developer, state:3, pid:8629, uid:10923, fps:-1
07-05 20:50:16.195   760   837 I libPowerHal: [perfNotifyAppState] pack:work.dynet.developer, pid:8629, STATE_DEAD
07-05 20:50:16.196 26590 28074 W ActivityTaskManager:   Force finishing activity work.dynet.developer/.MainActivity
07-05 20:50:16.201 28133 28322 D DigestGenerator: digest=============work.dynet.developerjava.lang.RuntimeException: Unable to instantiate activity ComponentInfo{work.dynet.developer/work.dynet.developer.MainActivity}: java.lang.ClassNotFoundException: Didn't find class "work.dynet.developer.MainActivity" on path: DexPathList[[zip file "XXbase.apk!/lib/arm-va, /system/lib /system/system_ext/lib]]
07-05 20:50:16.201 28133 28322 D DigestGenerator: Caused by: java.lang.ClassNotFoundException: Didn't find class "work.dynet.developer.MainActivity" on path: DexPathList[[zip file "XXbase.apk!/lib/arm-va, /system/lib /system/system_ext/lib]]
07-05 20:50:16.201   852   852 I SurfaceFlinger: operator()(), mtkRenderCntDebug 67277924, screenshot (Splash Screen work.dynet.developer#0)
07-05 20:50:16.241 26590 27040 I ActivityManager: Process work.dynet.developer (pid 8629) has died: fg  TOP 
07-05 20:50:16.243   760   837 I libPowerHal: [perfNotifyAppState] pack:work.dynet.developer, act:work.dynet.developer, state:3, pid:8629, uid:10923, fps:-1
07-05 20:50:16.243   760   837 I libPowerHal: [perfNotifyAppState] pack:work.dynet.developer, pid:8629, STATE_DEAD
07-05 20:50:16.244 29009 29009 D AppLifecycleObserver: onReceive: work.dynet.developer DESTROY
07-05 20:50:16.244 29009 29009 D PkgUtils: getApplicationInfo packageName:work.dynet.developer, flags:128 applicationInfo:ApplicationInfo{82d9358 work.dynet.developer} needSecondSpace:false
07-05 20:50:16.269 26590 27366 D WindowManager: setParent old=ActivityRecord{51dd58a u0 work.dynet.developer/.MainActivity t14139 f} isExiting},new=null,this window=Window{39f48d7 u0 Splash Screen work.dynet.developer},callers=com.android.server.wm.WindowContainer.removeChild:613 com.android.server.wm.ActivityRecord.removeChild:4232 com.android.server.wm.ActivityRecord.removeChild:417 com.android.server.wm.WindowContainer.removeImmediately:665 com.android.server.wm.WindowState.removeImmediately:2523 com.android.server.wm.WindowState.destroySurface:3712 
07-05 20:50:16.269 26590 27366 W InputManager-JNI: Input channel object '39f48d7 Splash Screen work.dynet.developer (client)' was disposed without first being removed with the input manager!
07-05 20:50:16.284 27235 14595 D AppObserver: ForegroundInfo{mForegroundPackageName='com.miui.home', mForegroundUid=10087, mForegroundPid=27235, mLastForegroundPackageName='work.dynet.developer', mLastForegroundUid=10923, mLastForegroundPid=8629, mMultiWindowForegroundPackageName='com.miui.home', mMultiWindowForegroundUid=10087, mFlags=0}
07-05 20:50:16.284 30837 30932 D PerfEngineController: ForegroundInfo{mForegroundPackageName='com.miui.home', mForegroundUid=10087, mForegroundPid=27235, mLastForegroundPackageName='work.dynet.developer', mLastForegroundUid=10923, mLastForegroundPid=8629, mMultiWindowForegroundPackageName='com.miui.home', mMultiWindowForegroundUid=10087, mFlags=0}
07-05 20:50:16.284  3830  3844 I GST     : forePkg: com.miui.home, preForePkg: work.dynet.developer
07-05 20:50:16.284 27986 28268 I ProcessMonitor: onForegroundInfoChanged: ForegroundInfo{mForegroundPackageName='com.miui.home', mForegroundUid=10087, mForegroundPid=27235, mLastForegroundPackageName='work.dynet.developer', mLastForegroundUid=10923, mLastForegroundPid=8629, mMultiWindowForegroundPackageName='com.miui.home', mMultiWindowForegroundUid=10087, mFlags=0}
07-05 20:50:16.284 30837 31207 I ThermalInfoCollector: collectForgroundAppsInfo: work.dynet.developer
07-05 20:50:16.285 27986 28268 I GameBoosterService: onForegroundInfoChanged: Cur=com.miui.home	 last=work.dynet.developer
07-05 20:50:16.285 26590 26612 D WindowManager: setParent old=Task{78027fb #14139 type=standard I=work.dynet.developer/.MainActivity U=0 visible=false mode=fullscreen translucent=true sz=0},new=null,this window=ActivityRecord{51dd58a u0 work.dynet.developer/.MainActivity t14139 f}},callers=com.android.server.wm.WindowContainer.removeChild:613 com.android.server.wm.Task.removeChild:1895 com.android.server.wm.Task.removeChild:1876 com.android.server.wm.WindowContainer.removeImmediately:665 com.android.server.wm.WindowToken.removeImmediately:363 com.android.server.wm.ActivityRecord.removeImmediately:4049 
07-05 20:50:16.285 27986 28268 D GameBoosterService: onGameStatusChange foreground:ForegroundInfo{mForegroundPackageName='com.miui.home', mForegroundUid=10087, mForegroundPid=27235, mLastForegroundPackageName='work.dynet.developer', mLastForegroundUid=10923, mLastForegroundPid=8629, mMultiWindowForegroundPackageName='com.miui.home', mMultiWindowForegroundUid=10087, mFlags=0}
07-05 20:50:16.287 26590 26612 D WindowManager: setParent old=DefaultTaskDisplayArea@199727272,new=null,this window=Task{78027fb #14139 type=standard I=work.dynet.developer/.MainActivity U=0 visible=false mode=fullscreen translucent=true sz=0},callers=com.android.server.wm.WindowContainer.removeChild:613 com.android.server.wm.TaskDisplayArea.removeChildTask:402 com.android.server.wm.TaskDisplayArea.removeChild:393 com.android.server.wm.WindowContainer.removeImmediately:665 com.android.server.wm.Task.removeImmediately:3694 com.android.server.wm.Task.removeIfPossible:1085 
07-05 20:50:16.548   852   852 I BufferQueueDebug: [Splash Screen work.dynet.developer#0](this:0xb400007423d42900,id:-1,api:0,p:-1,c:852) onDestructor()
07-05 20:50:16.599 27235 27235 D Launcher.CellLayout: touch item:ShortcutInfo, id=1082, itemType=0, user=UserHandle{0}, mIconType=0, pkgName=work.dynet.developer, className=work.dynet.developer.MainActivity, screenId=3, container=-100, cellX=1, cellY=4, spanX=1, spanY=1
07-05 20:50:16.641 26590 27486 I ActivityTaskManager: START u0 {act=android.intent.action.MAIN cat=[android.intent.category.LAUNCHER] flg=0x10200000 cmp=work.dynet.developer/.MainActivity bnds=[328,1350][500,1522] (has extras)} from uid 10087 from pid 27235 callingPackage com.miui.home
07-05 20:50:16.661 26590 28945 I PowerHalWrapper: amsBoostNotify pid:27235,activity:com.miui.home.launcher.Launcher, package:com.miui.home, mProcessCreatePackwork.dynet.developer 
07-05 20:50:16.667 26590 26611 I PowerHalWrapper: amsBoostProcessCreate package:work.dynet.developer 
07-05 20:50:16.668 26590 26611 D SBE-LaunchIdentify: SBE boost:work.dynet.developer begin
07-05 20:50:16.671   852  2570 E BufferQueueDebug: [Splash Screen work.dynet.developer#0](this:0xb4000074240ea900,id:-1,api:0,p:-1,c:-1) id info cannot be read from 'Splash Screen work.dynet.developer#0'
07-05 20:50:16.671   852  2570 I BufferQueueDebug: [Splash Screen work.dynet.developer#0](this:0xb4000074240ea900,id:-1,api:0,p:-1,c:-1) BufferQueue core=(852:/system/bin/surfaceflinger)
07-05 20:50:16.677 26590 26630 I ActivityManager: Start proc 8656:work.dynet.developer/u0a923 for pre-top-activity {work.dynet.developer/work.dynet.developer.MainActivity} caller=others
07-05 20:50:16.707 26590 26611 W ActivityTaskManager: Activity top resumed state loss timeout for ActivityRecord{51dd58a u0 work.dynet.developer/.MainActivity t-1 f}}
07-05 20:50:16.709 26590 28072 I PowerHalWrapper: amsBoostNotify pid:8656,activity:work.dynet.developer.MainActivity, package:work.dynet.developer, mProcessCreatePackwork.dynet.developer 
07-05 20:50:16.709   760   837 I libPowerHal: [perfNotifyAppState] pack:work.dynet.developer, act:work.dynet.developer.MainActivity, state:1, pid:8656, uid:10923, fps:-1
07-05 20:50:16.709   760   787 I mtkpower@impl: [notifyAppState] act moe.shizuku.manager.MainActivity => work.dynet.developer.MainActivity
07-05 20:50:16.711 27235 14595 D AppObserver: ForegroundInfo{mForegroundPackageName='work.dynet.developer', mForegroundUid=10923, mForegroundPid=8656, mLastForegroundPackageName='com.miui.home', mLastForegroundUid=10087, mLastForegroundPid=27235, mMultiWindowForegroundPackageName='work.dynet.developer', mMultiWindowForegroundUid=10923, mFlags=1}
07-05 20:50:16.712 30837 30932 D PerfEngineController: ForegroundInfo{mForegroundPackageName='work.dynet.developer', mForegroundUid=10923, mForegroundPid=8656, mLastForegroundPackageName='com.miui.home', mLastForegroundUid=10087, mLastForegroundPid=27235, mMultiWindowForegroundPackageName='work.dynet.developer', mMultiWindowForegroundUid=10923, mFlags=1}
07-05 20:50:16.712  3830  3844 I GST     : forePkg: work.dynet.developer, preForePkg: com.miui.home
07-05 20:50:16.712 27986 17504 I ProcessMonitor: onForegroundInfoChanged: ForegroundInfo{mForegroundPackageName='work.dynet.developer', mForegroundUid=10923, mForegroundPid=8656, mLastForegroundPackageName='com.miui.home', mLastForegroundUid=10087, mLastForegroundPid=27235, mMultiWindowForegroundPackageName='work.dynet.developer', mMultiWindowForegroundUid=10923, mFlags=1}
07-05 20:50:16.712 30837 31306 D LS-ForegroundStatusManager: handleMessage ForegroundInfoChanged. pkg = work.dynet.developer, uid = 10923, mCurrentForegroundUid = 10087
07-05 20:50:16.713 27986 17504 I GameBoosterService: onForegroundInfoChanged: Cur=work.dynet.developer	 last=com.miui.home
07-05 20:50:16.716 27986 17504 D GameBoosterService: onGameStatusChange foreground:ForegroundInfo{mForegroundPackageName='work.dynet.developer', mForegroundUid=10923, mForegroundPid=8656, mLastForegroundPackageName='com.miui.home', mLastForegroundUid=10087, mLastForegroundPid=27235, mMultiWindowForegroundPackageName='work.dynet.developer', mMultiWindowForegroundUid=10923, mFlags=1}
07-05 20:50:16.718 28133  2251 W MQSService: CallerName:work.dynet.developer,calling Uid:10923
07-05 20:50:16.718 28133  2251 D MQSService: registerApplicationScoutThread pid = 8656, packageName = work.dynet.developer
07-05 20:50:16.721 29009 29009 D AppLifecycleObserver: onReceive: work.dynet.developer FOREGROUND
07-05 20:50:16.721 29009 29009 I GameEventTag: notify failed, pkg=work.dynet.developer event=3 version not match
07-05 20:50:16.722 29009 29009 D PkgUtils: getApplicationInfo packageName:work.dynet.developer, flags:128 applicationInfo:ApplicationInfo{82d9358 work.dynet.developer} needSecondSpace:false
07-05 20:50:16.722 27986 30736 E SuggestManager: openApp name = work.dynet.developer
07-05 20:50:16.733  8656  8656 V GraphicsEnvironment: ANGLE Developer option for 'work.dynet.developer' set to: 'default'
07-05 20:50:16.736  8656  8656 I ForceDarkHelperStubImpl: initialize for work.dynet.developer , ForceDarkOrigin
07-05 20:50:16.760 27235 27605 W RecentsModel: getRunningTask   taskInfo=TaskInfo{userId=0 taskId=14140 displayId=0 isRunning=true baseIntent=Intent { act=android.intent.action.MAIN cat=[android.intent.category.LAUNCHER] flg=0x10200000 cmp=work.dynet.developer/.MainActivity } baseActivity=ComponentInfo{work.dynet.developer/work.dynet.developer.MainActivity} topActivity=ComponentInfo{work.dynet.developer/work.dynet.developer.MainActivity} origActivity=null realActivity=ComponentInfo{work.dynet.developer/work.dynet.developer.MainActivity} numActivities=1 lastActiveTime=29298684743 supportsSplitScreenMultiWindow=true supportsMultiWindow=true resizeMode=1 isResizeable=true token=WCT{android.window.IWindowContainerToken$Stub$Proxy@deeae63} topActivityType=1 pictureInPictureParams=PictureInPictureParams( aspectRatio=null sourceRectHint=null hasSetActions=false isAutoPipEnabled=false isSeamlessResizeEnabled=true) displayCutoutSafeInsets=Rect(0, 99 - 0, 0) topActivityInfo=ActivityInfo{b549a60 work.dynet.developer.MainActivity} launchCookies=[] positionInParent=Point(0, 0) parentTaskId=-1 isFocused=false isVisible=true topActivityInSizeCompat=false locusId= null windowMode=0}
07-05 20:50:16.760 27235 27605 W RecentsModel: getTaskInfoIgnoreHomeAndFreeform   taskInfo=ComponentInfo{work.dynet.developer/work.dynet.developer.MainActivity}
07-05 20:50:16.767  8656  8677 D libMEOW : applied 0 plugin for [work.dynet.developer].
07-05 20:50:16.768  8656  8656 E AndroidRuntime: Process: work.dynet.developer, PID: 8656
07-05 20:50:16.768  8656  8656 E AndroidRuntime: java.lang.RuntimeException: Unable to instantiate activity ComponentInfo{work.dynet.developer/work.dynet.developer.MainActivity}: java.lang.ClassNotFoundException: Didn't find class "work.dynet.developer.MainActivity" on path: DexPathList[[zip file "/data/app/~~NRuCeHs87QVAqZI8u8MQgQ==/work.dynet.developer-DY226kcHQeA9-wMgTAi1lA==/base.apk"],nativeLibraryDirectories=[/data/app/~~NRuCeHs87QVAqZI8u8MQgQ==/work.dynet.developer-DY226kcHQeA9-wMgTAi1lA==/lib/arm64, /data/app/~~NRuCeHs87QVAqZI8u8MQgQ==/work.dynet.developer-DY226kcHQeA9-wMgTAi1lA==/base.apk!/lib/arm64-v8a, /system/lib64, /system/system_ext/lib64]]
07-05 20:50:16.768  8656  8656 E AndroidRuntime: Caused by: java.lang.ClassNotFoundException: Didn't find class "work.dynet.developer.MainActivity" on path: DexPathList[[zip file "/data/app/~~NRuCeHs87QVAqZI8u8MQgQ==/work.dynet.developer-DY226kcHQeA9-wMgTAi1lA==/base.apk"],nativeLibraryDirectories=[/data/app/~~NRuCeHs87QVAqZI8u8MQgQ==/work.dynet.developer-DY226kcHQeA9-wMgTAi1lA==/lib/arm64, /data/app/~~NRuCeHs87QVAqZI8u8MQgQ==/work.dynet.developer-DY226kcHQeA9-wMgTAi1lA==/base.apk!/lib/arm64-v8a, /system/lib64, /system/system_ext/lib64]]
07-05 20:50:16.768 27235 27605 E ActivityManagerWrapper: getRecentTasks: taskId=14140   userId=0   baseIntent=Intent { act=android.intent.action.MAIN flag=270532608 cmp=ComponentInfo{work.dynet.developer/work.dynet.developer.MainActivity} }
07-05 20:50:16.784 28133 28322 D DigestGenerator: digest=============work.dynet.developerjava.lang.RuntimeException: Unable to instantiate activity ComponentInfo{work.dynet.developer/work.dynet.developer.MainActivity}: java.lang.ClassNotFoundException: Didn't find class "work.dynet.developer.MainActivity" on path: DexPathList[[zip file "XXbase.apk!/lib/arm-va, /system/lib /system/system_ext/lib]]
07-05 20:50:16.784 28133 28322 D DigestGenerator: Caused by: java.lang.ClassNotFoundException: Didn't find class "work.dynet.developer.MainActivity" on path: DexPathList[[zip file "XXbase.apk!/lib/arm-va, /system/lib /system/system_ext/lib]]
07-05 20:50:16.790   760   837 I libPowerHal: [perfNotifyAppState] pack:work.dynet.developer, act:work.dynet.developer, state:3, pid:8656, uid:10923, fps:-1
07-05 20:50:16.790   760   837 I libPowerHal: [perfNotifyAppState] pack:work.dynet.developer, pid:8656, STATE_DEAD
07-05 20:50:16.805 26590 27486 W ActivityTaskManager:   Force finishing activity work.dynet.developer/.MainActivity
07-05 20:50:16.809   852   852 I SurfaceFlinger: operator()(), mtkRenderCntDebug 67277925, screenshot (Splash Screen work.dynet.developer#0)
07-05 20:50:16.849 26590 28074 I ActivityManager: Process work.dynet.developer (pid 8656) has died: fg  TOP 
07-05 20:50:16.853   760   837 I libPowerHal: [perfNotifyAppState] pack:work.dynet.developer, act:work.dynet.developer, state:3, pid:8656, uid:10923, fps:-1
07-05 20:50:16.854   760   837 I libPowerHal: [perfNotifyAppState] pack:work.dynet.developer, pid:8656, STATE_DEAD
07-05 20:50:16.854 29009 29009 D AppLifecycleObserver: onReceive: work.dynet.developer DESTROY
07-05 20:50:16.861 29009 29009 D PkgUtils: getApplicationInfo packageName:work.dynet.developer, flags:128 applicationInfo:ApplicationInfo{82d9358 work.dynet.developer} needSecondSpace:false
07-05 20:50:16.887 26590 27581 D WindowManager: setParent old=ActivityRecord{9593343 u0 work.dynet.developer/.MainActivity t14140 f} isExiting},new=null,this window=Window{351c09f u0 Splash Screen work.dynet.developer},callers=com.android.server.wm.WindowContainer.removeChild:613 com.android.server.wm.ActivityRecord.removeChild:4232 com.android.server.wm.ActivityRecord.removeChild:417 com.android.server.wm.WindowContainer.removeImmediately:665 com.android.server.wm.WindowState.removeImmediately:2523 com.android.server.wm.WindowState.destroySurface:3712 
07-05 20:50:16.887 26590 27581 W InputManager-JNI: Input channel object '351c09f Splash Screen work.dynet.developer (client)' was disposed without first being removed with the input manager!
07-05 20:50:16.920 30837 30932 D PerfEngineController: ForegroundInfo{mForegroundPackageName='com.miui.home', mForegroundUid=10087, mForegroundPid=27235, mLastForegroundPackageName='work.dynet.developer', mLastForegroundUid=10923, mLastForegroundPid=8656, mMultiWindowForegroundPackageName='com.miui.home', mMultiWindowForegroundUid=10087, mFlags=0}
07-05 20:50:16.920 27235 14595 D AppObserver: ForegroundInfo{mForegroundPackageName='com.miui.home', mForegroundUid=10087, mForegroundPid=27235, mLastForegroundPackageName='work.dynet.developer', mLastForegroundUid=10923, mLastForegroundPid=8656, mMultiWindowForegroundPackageName='com.miui.home', mMultiWindowForegroundUid=10087, mFlags=0}
07-05 20:50:16.920 27986 17504 I ProcessMonitor: onForegroundInfoChanged: ForegroundInfo{mForegroundPackageName='com.miui.home', mForegroundUid=10087, mForegroundPid=27235, mLastForegroundPackageName='work.dynet.developer', mLastForegroundUid=10923, mLastForegroundPid=8656, mMultiWindowForegroundPackageName='com.miui.home', mMultiWindowForegroundUid=10087, mFlags=0}
07-05 20:50:16.920  3830  3844 I GST     : forePkg: com.miui.home, preForePkg: work.dynet.developer
07-05 20:50:16.921 27986 17504 I GameBoosterService: onForegroundInfoChanged: Cur=com.miui.home	 last=work.dynet.developer
07-05 20:50:16.921 26590 26612 D WindowManager: setParent old=Task{16b6dc0 #14140 type=standard I=work.dynet.developer/.MainActivity U=0 visible=false mode=fullscreen translucent=true sz=0},new=null,this window=ActivityRecord{9593343 u0 work.dynet.developer/.MainActivity t14140 f}},callers=com.android.server.wm.WindowContainer.removeChild:613 com.android.server.wm.Task.removeChild:1895 com.android.server.wm.Task.removeChild:1876 com.android.server.wm.WindowContainer.removeImmediately:665 com.android.server.wm.WindowToken.removeImmediately:363 com.android.server.wm.ActivityRecord.removeImmediately:4049 
07-05 20:50:16.921 30837 31207 I ThermalInfoCollector: collectForgroundAppsInfo: work.dynet.developer
07-05 20:50:16.921 27986 17504 D GameBoosterService: onGameStatusChange foreground:ForegroundInfo{mForegroundPackageName='com.miui.home', mForegroundUid=10087, mForegroundPid=27235, mLastForegroundPackageName='work.dynet.developer', mLastForegroundUid=10923, mLastForegroundPid=8656, mMultiWindowForegroundPackageName='com.miui.home', mMultiWindowForegroundUid=10087, mFlags=0}
07-05 20:50:16.922 26590 26612 D WindowManager: setParent old=DefaultTaskDisplayArea@199727272,new=null,this window=Task{16b6dc0 #14140 type=standard I=work.dynet.developer/.MainActivity U=0 visible=false mode=fullscreen translucent=true sz=0},callers=com.android.server.wm.WindowContainer.removeChild:613 com.android.server.wm.TaskDisplayArea.removeChildTask:402 com.android.server.wm.TaskDisplayArea.removeChild:393 com.android.server.wm.WindowContainer.removeImmediately:665 com.android.server.wm.Task.removeImmediately:3694 com.android.server.wm.Task.removeIfPossible:1085 
07-05 20:50:17.086 27235 27235 D Launcher.CellLayout: touch item:ShortcutInfo, id=1082, itemType=0, user=UserHandle{0}, mIconType=0, pkgName=work.dynet.developer, className=work.dynet.developer.MainActivity, screenId=3, container=-100, cellX=1, cellY=4, spanX=1, spanY=1
07-05 20:50:17.137 26590 27366 I ActivityTaskManager: START u0 {act=android.intent.action.MAIN cat=[android.intent.category.LAUNCHER] flg=0x10200000 cmp=work.dynet.developer/.MainActivity bnds=[328,1351][500,1523] (has extras)} from uid 10087 from pid 27235 callingPackage com.miui.home
07-05 20:50:17.159   852   852 I BufferQueueDebug: [Splash Screen work.dynet.developer#0](this:0xb4000074240ea900,id:-1,api:0,p:-1,c:852) onDestructor()
07-05 20:50:17.162 26590 26940 I PowerHalWrapper: amsBoostNotify pid:27235,activity:com.miui.home.launcher.Launcher, package:com.miui.home, mProcessCreatePackwork.dynet.developer 
07-05 20:50:17.170 26590 26611 I PowerHalWrapper: amsBoostProcessCreate package:work.dynet.developer 
07-05 20:50:17.170 26590 26611 D SBE-LaunchIdentify: SBE boost:work.dynet.developer begin
07-05 20:50:17.180   852   936 E BufferQueueDebug: [Splash Screen work.dynet.developer#0](this:0xb40000744fcb8900,id:-1,api:0,p:-1,c:-1) id info cannot be read from 'Splash Screen work.dynet.developer#0'
07-05 20:50:17.181   852   936 I BufferQueueDebug: [Splash Screen work.dynet.developer#0](this:0xb40000744fcb8900,id:-1,api:0,p:-1,c:-1) BufferQueue core=(852:/system/bin/surfaceflinger)
07-05 20:50:17.184 26590 26630 I ActivityManager: Start proc 8685:work.dynet.developer/u0a923 for pre-top-activity {work.dynet.developer/work.dynet.developer.MainActivity} caller=others
07-05 20:50:17.222 27986 13113 I ProcessMonitor: onForegroundInfoChanged: ForegroundInfo{mForegroundPackageName='work.dynet.developer', mForegroundUid=10923, mForegroundPid=8685, mLastForegroundPackageName='com.miui.home', mLastForegroundUid=10087, mLastForegroundPid=27235, mMultiWindowForegroundPackageName='work.dynet.developer', mMultiWindowForegroundUid=10923, mFlags=1}
07-05 20:50:17.223 27986 13113 I GameBoosterService: onForegroundInfoChanged: Cur=work.dynet.developer	 last=com.miui.home
07-05 20:50:17.223 27235 14595 D AppObserver: ForegroundInfo{mForegroundPackageName='work.dynet.developer', mForegroundUid=10923, mForegroundPid=8685, mLastForegroundPackageName='com.miui.home', mLastForegroundUid=10087, mLastForegroundPid=27235, mMultiWindowForegroundPackageName='work.dynet.developer', mMultiWindowForegroundUid=10923, mFlags=1}
07-05 20:50:17.224  3830  3844 I GST     : forePkg: work.dynet.developer, preForePkg: com.miui.home
07-05 20:50:17.225 30837 31306 D LS-ForegroundStatusManager: handleMessage ForegroundInfoChanged. pkg = work.dynet.developer, uid = 10923, mCurrentForegroundUid = 10087
07-05 20:50:17.225 30837 30932 D PerfEngineController: ForegroundInfo{mForegroundPackageName='work.dynet.developer', mForegroundUid=10923, mForegroundPid=8685, mLastForegroundPackageName='com.miui.home', mLastForegroundUid=10087, mLastForegroundPid=27235, mMultiWindowForegroundPackageName='work.dynet.developer', mMultiWindowForegroundUid=10923, mFlags=1}
07-05 20:50:17.227 28133  2251 W MQSService: CallerName:work.dynet.developer,calling Uid:10923
07-05 20:50:17.227 28133  2251 D MQSService: registerApplicationScoutThread pid = 8685, packageName = work.dynet.developer
07-05 20:50:17.227 29009 29009 D AppLifecycleObserver: onReceive: work.dynet.developer FOREGROUND
07-05 20:50:17.228 29009 29009 I GameEventTag: notify failed, pkg=work.dynet.developer event=3 version not match
07-05 20:50:17.229 27986 13113 D GameBoosterService: onGameStatusChange foreground:ForegroundInfo{mForegroundPackageName='work.dynet.developer', mForegroundUid=10923, mForegroundPid=8685, mLastForegroundPackageName='com.miui.home', mLastForegroundUid=10087, mLastForegroundPid=27235, mMultiWindowForegroundPackageName='work.dynet.developer', mMultiWindowForegroundUid=10923, mFlags=1}
07-05 20:50:17.230 27986 30736 E SuggestManager: openApp name = work.dynet.developer
07-05 20:50:17.230 29009 29009 D PkgUtils: getApplicationInfo packageName:work.dynet.developer, flags:128 applicationInfo:ApplicationInfo{82d9358 work.dynet.developer} needSecondSpace:false
07-05 20:50:17.241  8685  8685 V GraphicsEnvironment: ANGLE Developer option for 'work.dynet.developer' set to: 'default'
07-05 20:50:17.248  8685  8685 I ForceDarkHelperStubImpl: initialize for work.dynet.developer , ForceDarkOrigin
07-05 20:50:17.262 27235 27605 W RecentsModel: getRunningTask   taskInfo=TaskInfo{userId=0 taskId=14141 displayId=0 isRunning=true baseIntent=Intent { act=android.intent.action.MAIN cat=[android.intent.category.LAUNCHER] flg=0x10200000 cmp=work.dynet.developer/.MainActivity } baseActivity=ComponentInfo{work.dynet.developer/work.dynet.developer.MainActivity} topActivity=ComponentInfo{work.dynet.developer/work.dynet.developer.MainActivity} origActivity=null realActivity=ComponentInfo{work.dynet.developer/work.dynet.developer.MainActivity} numActivities=1 lastActiveTime=29298685245 supportsSplitScreenMultiWindow=true supportsMultiWindow=true resizeMode=1 isResizeable=true token=WCT{android.window.IWindowContainerToken$Stub$Proxy@30f0ca8} topActivityType=1 pictureInPictureParams=PictureInPictureParams( aspectRatio=null sourceRectHint=null hasSetActions=false isAutoPipEnabled=false isSeamlessResizeEnabled=true) displayCutoutSafeInsets=Rect(0, 99 - 0, 0) topActivityInfo=ActivityInfo{533c3c1 work.dynet.developer.MainActivity} launchCookies=[] positionInParent=Point(0, 0) parentTaskId=-1 isFocused=false isVisible=true topActivityInSizeCompat=false locusId= null windowMode=0}
07-05 20:50:17.262 27235 27605 W RecentsModel: getTaskInfoIgnoreHomeAndFreeform   taskInfo=ComponentInfo{work.dynet.developer/work.dynet.developer.MainActivity}
07-05 20:50:17.266 27235 27605 E ActivityManagerWrapper: getRecentTasks: taskId=14141   userId=0   baseIntent=Intent { act=android.intent.action.MAIN flag=270532608 cmp=ComponentInfo{work.dynet.developer/work.dynet.developer.MainActivity} }
07-05 20:50:17.276  8685  8710 D libMEOW : applied 0 plugin for [work.dynet.developer].
07-05 20:50:17.283  8685  8685 E AndroidRuntime: Process: work.dynet.developer, PID: 8685
07-05 20:50:17.283  8685  8685 E AndroidRuntime: java.lang.RuntimeException: Unable to instantiate activity ComponentInfo{work.dynet.developer/work.dynet.developer.MainActivity}: java.lang.ClassNotFoundException: Didn't find class "work.dynet.developer.MainActivity" on path: DexPathList[[zip file "/data/app/~~NRuCeHs87QVAqZI8u8MQgQ==/work.dynet.developer-DY226kcHQeA9-wMgTAi1lA==/base.apk"],nativeLibraryDirectories=[/data/app/~~NRuCeHs87QVAqZI8u8MQgQ==/work.dynet.developer-DY226kcHQeA9-wMgTAi1lA==/lib/arm64, /data/app/~~NRuCeHs87QVAqZI8u8MQgQ==/work.dynet.developer-DY226kcHQeA9-wMgTAi1lA==/base.apk!/lib/arm64-v8a, /system/lib64, /system/system_ext/lib64]]
07-05 20:50:17.283  8685  8685 E AndroidRuntime: Caused by: java.lang.ClassNotFoundException: Didn't find class "work.dynet.developer.MainActivity" on path: DexPathList[[zip file "/data/app/~~NRuCeHs87QVAqZI8u8MQgQ==/work.dynet.developer-DY226kcHQeA9-wMgTAi1lA==/base.apk"],nativeLibraryDirectories=[/data/app/~~NRuCeHs87QVAqZI8u8MQgQ==/work.dynet.developer-DY226kcHQeA9-wMgTAi1lA==/lib/arm64, /data/app/~~NRuCeHs87QVAqZI8u8MQgQ==/work.dynet.developer-DY226kcHQeA9-wMgTAi1lA==/base.apk!/lib/arm64-v8a, /system/lib64, /system/system_ext/lib64]]
07-05 20:50:17.297   760   837 I libPowerHal: [perfNotifyAppState] pack:work.dynet.developer, act:work.dynet.developer, state:3, pid:8685, uid:10923, fps:-1
07-05 20:50:17.297   760   837 I libPowerHal: [perfNotifyAppState] pack:work.dynet.developer, pid:8685, STATE_DEAD
07-05 20:50:17.299 26590 28072 W ActivityTaskManager:   Force finishing activity work.dynet.developer/.MainActivity
07-05 20:50:17.300 28133 28322 D DigestGenerator: digest=============work.dynet.developerjava.lang.RuntimeException: Unable to instantiate activity ComponentInfo{work.dynet.developer/work.dynet.developer.MainActivity}: java.lang.ClassNotFoundException: Didn't find class "work.dynet.developer.MainActivity" on path: DexPathList[[zip file "XXbase.apk!/lib/arm-va, /system/lib /system/system_ext/lib]]
07-05 20:50:17.300 28133 28322 D DigestGenerator: Caused by: java.lang.ClassNotFoundException: Didn't find class "work.dynet.developer.MainActivity" on path: DexPathList[[zip file "XXbase.apk!/lib/arm-va, /system/lib /system/system_ext/lib]]
07-05 20:50:17.304   852   852 I SurfaceFlinger: operator()(), mtkRenderCntDebug 67277926, screenshot (Splash Screen work.dynet.developer#0)
07-05 20:50:17.318 26590 26611 W ActivityTaskManager: Activity top resumed state loss timeout for ActivityRecord{9593343 u0 work.dynet.developer/.MainActivity t-1 f}}
07-05 20:50:17.348 26590 27486 I ActivityManager: Process work.dynet.developer (pid 8685) has died: fg  TOP 
07-05 20:50:17.349   760   837 I libPowerHal: [perfNotifyAppState] pack:work.dynet.developer, act:work.dynet.developer, state:3, pid:8685, uid:10923, fps:-1
07-05 20:50:17.349   760   837 I libPowerHal: [perfNotifyAppState] pack:work.dynet.developer, pid:8685, STATE_DEAD
07-05 20:50:17.351 29009 29009 D AppLifecycleObserver: onReceive: work.dynet.developer DESTROY
07-05 20:50:17.351 29009 29009 D PkgUtils: getApplicationInfo packageName:work.dynet.developer, flags:128 applicationInfo:ApplicationInfo{82d9358 work.dynet.developer} needSecondSpace:false
07-05 20:50:17.354 26590 27486 I PowerHalWrapper: amsBoostNotify pid:27235,activity:com.miui.home.launcher.Launcher, package:com.miui.home, mProcessCreatePackwork.dynet.developer 
07-05 20:50:17.356   760   787 I mtkpower@impl: [notifyAppState] pc:1, work.dynet.developer => com.miui.home
07-05 20:50:17.395 26590 27581 D WindowManager: setParent old=ActivityRecord{c087dbd u0 work.dynet.developer/.MainActivity t14141 f} isExiting},new=null,this window=Window{1eab4fe u0 Splash Screen work.dynet.developer},callers=com.android.server.wm.WindowContainer.removeChild:613 com.android.server.wm.ActivityRecord.removeChild:4232 com.android.server.wm.ActivityRecord.removeChild:417 com.android.server.wm.WindowContainer.removeImmediately:665 com.android.server.wm.WindowState.removeImmediately:2523 com.android.server.wm.WindowState.destroySurface:3712 
07-05 20:50:17.395 26590 27581 W InputManager-JNI: Input channel object '1eab4fe Splash Screen work.dynet.developer (client)' was disposed without first being removed with the input manager!
07-05 20:50:17.411 27235 29684 D AppObserver: ForegroundInfo{mForegroundPackageName='com.miui.home', mForegroundUid=10087, mForegroundPid=27235, mLastForegroundPackageName='work.dynet.developer', mLastForegroundUid=10923, mLastForegroundPid=8685, mMultiWindowForegroundPackageName='com.miui.home', mMultiWindowForegroundUid=10087, mFlags=0}
07-05 20:50:17.412  3830  3844 I GST     : forePkg: com.miui.home, preForePkg: work.dynet.developer
07-05 20:50:17.412 30837 30932 D PerfEngineController: ForegroundInfo{mForegroundPackageName='com.miui.home', mForegroundUid=10087, mForegroundPid=27235, mLastForegroundPackageName='work.dynet.developer', mLastForegroundUid=10923, mLastForegroundPid=8685, mMultiWindowForegroundPackageName='com.miui.home', mMultiWindowForegroundUid=10087, mFlags=0}
07-05 20:50:17.413 30837 31207 I ThermalInfoCollector: collectForgroundAppsInfo: work.dynet.developer
07-05 20:50:17.413 27986 23592 I ProcessMonitor: onForegroundInfoChanged: ForegroundInfo{mForegroundPackageName='com.miui.home', mForegroundUid=10087, mForegroundPid=27235, mLastForegroundPackageName='work.dynet.developer', mLastForegroundUid=10923, mLastForegroundPid=8685, mMultiWindowForegroundPackageName='com.miui.home', mMultiWindowForegroundUid=10087, mFlags=0}
07-05 20:50:17.415 27986 23592 I GameBoosterService: onForegroundInfoChanged: Cur=com.miui.home	 last=work.dynet.developer
07-05 20:50:17.416 27986 23592 D GameBoosterService: onGameStatusChange foreground:ForegroundInfo{mForegroundPackageName='com.miui.home', mForegroundUid=10087, mForegroundPid=27235, mLastForegroundPackageName='work.dynet.developer', mLastForegroundUid=10923, mLastForegroundPid=8685, mMultiWindowForegroundPackageName='com.miui.home', mMultiWindowForegroundUid=10087, mFlags=0}
07-05 20:50:17.418 26590 26612 D WindowManager: setParent old=Task{31b4fb2 #14141 type=standard I=work.dynet.developer/.MainActivity U=0 visible=false mode=fullscreen translucent=true sz=0},new=null,this window=ActivityRecord{c087dbd u0 work.dynet.developer/.MainActivity t14141 f}},callers=com.android.server.wm.WindowContainer.removeChild:613 com.android.server.wm.Task.removeChild:1895 com.android.server.wm.Task.removeChild:1876 com.android.server.wm.WindowContainer.removeImmediately:665 com.android.server.wm.WindowToken.removeImmediately:363 com.android.server.wm.ActivityRecord.removeImmediately:4049 
07-05 20:50:17.420 26590 26612 D WindowManager: setParent old=DefaultTaskDisplayArea@199727272,new=null,this window=Task{31b4fb2 #14141 type=standard I=work.dynet.developer/.MainActivity U=0 visible=false mode=fullscreen translucent=true sz=0},callers=com.android.server.wm.WindowContainer.removeChild:613 com.android.server.wm.TaskDisplayArea.removeChildTask:402 com.android.server.wm.TaskDisplayArea.removeChild:393 com.android.server.wm.WindowContainer.removeImmediately:665 com.android.server.wm.Task.removeImmediately:3694 com.android.server.wm.Task.removeIfPossible:1085 
07-05 20:50:17.508 27235 27235 D Launcher.CellLayout: touch item:ShortcutInfo, id=1082, itemType=0, user=UserHandle{0}, mIconType=0, pkgName=work.dynet.developer, className=work.dynet.developer.MainActivity, screenId=3, container=-100, cellX=1, cellY=4, spanX=1, spanY=1
07-05 20:50:17.566 26590 27581 I ActivityTaskManager: START u0 {act=android.intent.action.MAIN cat=[android.intent.category.LAUNCHER] flg=0x10200000 cmp=work.dynet.developer/.MainActivity bnds=[328,1351][500,1523] (has extras)} from uid 10087 from pid 27235 callingPackage com.miui.home
07-05 20:50:17.587 26590 27581 I PowerHalWrapper: amsBoostNotify pid:27235,activity:com.miui.home.launcher.Launcher, package:com.miui.home, mProcessCreatePackwork.dynet.developer 
07-05 20:50:17.596 26590 26611 I PowerHalWrapper: amsBoostProcessCreate package:work.dynet.developer 
07-05 20:50:17.596 26590 26611 D SBE-LaunchIdentify: SBE boost:work.dynet.developer begin
07-05 20:50:17.604   852  2570 E BufferQueueDebug: [Splash Screen work.dynet.developer#0](this:0xb400007424136100,id:-1,api:0,p:-1,c:-1) id info cannot be read from 'Splash Screen work.dynet.developer#0'
07-05 20:50:17.604   852  2570 I BufferQueueDebug: [Splash Screen work.dynet.developer#0](this:0xb400007424136100,id:-1,api:0,p:-1,c:-1) BufferQueue core=(852:/system/bin/surfaceflinger)
07-05 20:50:17.607 26590 26630 I ActivityManager: Start proc 8716:work.dynet.developer/u0a923 for pre-top-activity {work.dynet.developer/work.dynet.developer.MainActivity} caller=others
07-05 20:50:17.658 26590 28072 I PowerHalWrapper: amsBoostNotify pid:8716,activity:work.dynet.developer.MainActivity, package:work.dynet.developer, mProcessCreatePackwork.dynet.developer 
07-05 20:50:17.659   760   837 I libPowerHal: [perfNotifyAppState] pack:work.dynet.developer, act:work.dynet.developer.MainActivity, state:1, pid:8716, uid:10923, fps:-1
07-05 20:50:17.659   760   837 I libPowerHal: [perfNotifyAppState] foreground:work.dynet.developer, pid:8716, uid:10923
07-05 20:50:17.659   760   837 I UxUtility: notifyForegroundApp pack:work.dynet.developer, uid:10923
07-05 20:50:17.660   760   787 I mtkpower@impl: [notifyAppState] pc:1, com.miui.home => work.dynet.developer
07-05 20:50:17.660 27235 14595 D AppObserver: ForegroundInfo{mForegroundPackageName='work.dynet.developer', mForegroundUid=10923, mForegroundPid=8716, mLastForegroundPackageName='com.miui.home', mLastForegroundUid=10087, mLastForegroundPid=27235, mMultiWindowForegroundPackageName='work.dynet.developer', mMultiWindowForegroundUid=10923, mFlags=1}
07-05 20:50:17.661  3830  3844 I GST     : forePkg: work.dynet.developer, preForePkg: com.miui.home
07-05 20:50:17.661 30837 31823 D PerfEngineController: ForegroundInfo{mForegroundPackageName='work.dynet.developer', mForegroundUid=10923, mForegroundPid=8716, mLastForegroundPackageName='com.miui.home', mLastForegroundUid=10087, mLastForegroundPid=27235, mMultiWindowForegroundPackageName='work.dynet.developer', mMultiWindowForegroundUid=10923, mFlags=1}
07-05 20:50:17.661 27986 23592 I ProcessMonitor: onForegroundInfoChanged: ForegroundInfo{mForegroundPackageName='work.dynet.developer', mForegroundUid=10923, mForegroundPid=8716, mLastForegroundPackageName='com.miui.home', mLastForegroundUid=10087, mLastForegroundPid=27235, mMultiWindowForegroundPackageName='work.dynet.developer', mMultiWindowForegroundUid=10923, mFlags=1}
07-05 20:50:17.662 30837 31306 D LS-ForegroundStatusManager: handleMessage ForegroundInfoChanged. pkg = work.dynet.developer, uid = 10923, mCurrentForegroundUid = 10087
07-05 20:50:17.662 27986 23592 I GameBoosterService: onForegroundInfoChanged: Cur=work.dynet.developer	 last=com.miui.home
07-05 20:50:17.663 27986 23592 D GameBoosterService: onGameStatusChange foreground:ForegroundInfo{mForegroundPackageName='work.dynet.developer', mForegroundUid=10923, mForegroundPid=8716, mLastForegroundPackageName='com.miui.home', mLastForegroundUid=10087, mLastForegroundPid=27235, mMultiWindowForegroundPackageName='work.dynet.developer', mMultiWindowForegroundUid=10923, mFlags=1}
07-05 20:50:17.665 28133  2251 W MQSService: CallerName:work.dynet.developer,calling Uid:10923
07-05 20:50:17.665 28133  2251 D MQSService: registerApplicationScoutThread pid = 8716, packageName = work.dynet.developer
07-05 20:50:17.667 27986 30736 E SuggestManager: openApp name = work.dynet.developer
07-05 20:50:17.669 29009 29009 D AppLifecycleObserver: onReceive: work.dynet.developer FOREGROUND
07-05 20:50:17.669 29009 29009 I GameEventTag: notify failed, pkg=work.dynet.developer event=3 version not match
07-05 20:50:17.671 29009 29009 D PkgUtils: getApplicationInfo packageName:work.dynet.developer, flags:128 applicationInfo:ApplicationInfo{82d9358 work.dynet.developer} needSecondSpace:false
07-05 20:50:17.671   852   852 I BufferQueueDebug: [Splash Screen work.dynet.developer#0](this:0xb40000744fcb8900,id:-1,api:0,p:-1,c:852) onDestructor()
07-05 20:50:17.690 27235 27605 W RecentsModel: getRunningTask   taskInfo=TaskInfo{userId=0 taskId=14142 displayId=0 isRunning=true baseIntent=Intent { act=android.intent.action.MAIN cat=[android.intent.category.LAUNCHER] flg=0x10200000 cmp=work.dynet.developer/.MainActivity } baseActivity=ComponentInfo{work.dynet.developer/work.dynet.developer.MainActivity} topActivity=ComponentInfo{work.dynet.developer/work.dynet.developer.MainActivity} origActivity=null realActivity=ComponentInfo{work.dynet.developer/work.dynet.developer.MainActivity} numActivities=1 lastActiveTime=29298685673 supportsSplitScreenMultiWindow=true supportsMultiWindow=true resizeMode=1 isResizeable=true token=WCT{android.window.IWindowContainerToken$Stub$Proxy@62e8369} topActivityType=1 pictureInPictureParams=PictureInPictureParams( aspectRatio=null sourceRectHint=null hasSetActions=false isAutoPipEnabled=false isSeamlessResizeEnabled=true) displayCutoutSafeInsets=Rect(0, 99 - 0, 0) topActivityInfo=ActivityInfo{a0e21ee work.dynet.developer.MainActivity} launchCookies=[] positionInParent=Point(0, 0) parentTaskId=-1 isFocused=false isVisible=true topActivityInSizeCompat=false locusId= null windowMode=0}
07-05 20:50:17.690 27235 27605 W RecentsModel: getTaskInfoIgnoreHomeAndFreeform   taskInfo=ComponentInfo{work.dynet.developer/work.dynet.developer.MainActivity}
07-05 20:50:17.692  8716  8716 V GraphicsEnvironment: ANGLE Developer option for 'work.dynet.developer' set to: 'default'
07-05 20:50:17.693 27235 27605 E ActivityManagerWrapper: getRecentTasks: taskId=14142   userId=0   baseIntent=Intent { act=android.intent.action.MAIN flag=270532608 cmp=ComponentInfo{work.dynet.developer/work.dynet.developer.MainActivity} }
07-05 20:50:17.695  8716  8716 I ForceDarkHelperStubImpl: initialize for work.dynet.developer , ForceDarkOrigin
07-05 20:50:17.723  8716  8736 D libMEOW : applied 0 plugin for [work.dynet.developer].
07-05 20:50:17.726  8716  8716 E AndroidRuntime: Process: work.dynet.developer, PID: 8716
07-05 20:50:17.726  8716  8716 E AndroidRuntime: java.lang.RuntimeException: Unable to instantiate activity ComponentInfo{work.dynet.developer/work.dynet.developer.MainActivity}: java.lang.ClassNotFoundException: Didn't find class "work.dynet.developer.MainActivity" on path: DexPathList[[zip file "/data/app/~~NRuCeHs87QVAqZI8u8MQgQ==/work.dynet.developer-DY226kcHQeA9-wMgTAi1lA==/base.apk"],nativeLibraryDirectories=[/data/app/~~NRuCeHs87QVAqZI8u8MQgQ==/work.dynet.developer-DY226kcHQeA9-wMgTAi1lA==/lib/arm64, /data/app/~~NRuCeHs87QVAqZI8u8MQgQ==/work.dynet.developer-DY226kcHQeA9-wMgTAi1lA==/base.apk!/lib/arm64-v8a, /system/lib64, /system/system_ext/lib64]]
07-05 20:50:17.726  8716  8716 E AndroidRuntime: Caused by: java.lang.ClassNotFoundException: Didn't find class "work.dynet.developer.MainActivity" on path: DexPathList[[zip file "/data/app/~~NRuCeHs87QVAqZI8u8MQgQ==/work.dynet.developer-DY226kcHQeA9-wMgTAi1lA==/base.apk"],nativeLibraryDirectories=[/data/app/~~NRuCeHs87QVAqZI8u8MQgQ==/work.dynet.developer-DY226kcHQeA9-wMgTAi1lA==/lib/arm64, /data/app/~~NRuCeHs87QVAqZI8u8MQgQ==/work.dynet.developer-DY226kcHQeA9-wMgTAi1lA==/base.apk!/lib/arm64-v8a, /system/lib64, /system/system_ext/lib64]]
07-05 20:50:17.743 28133 28322 D DigestGenerator: digest=============work.dynet.developerjava.lang.RuntimeException: Unable to instantiate activity ComponentInfo{work.dynet.developer/work.dynet.developer.MainActivity}: java.lang.ClassNotFoundException: Didn't find class "work.dynet.developer.MainActivity" on path: DexPathList[[zip file "XXbase.apk!/lib/arm-va, /system/lib /system/system_ext/lib]]
07-05 20:50:17.743 28133 28322 D DigestGenerator: Caused by: java.lang.ClassNotFoundException: Didn't find class "work.dynet.developer.MainActivity" on path: DexPathList[[zip file "XXbase.apk!/lib/arm-va, /system/lib /system/system_ext/lib]]
07-05 20:50:17.760   760   837 I libPowerHal: [perfNotifyAppState] pack:work.dynet.developer, act:work.dynet.developer, state:3, pid:8716, uid:10923, fps:-1
07-05 20:50:17.760   760   837 I libPowerHal: [perfNotifyAppState] pack:work.dynet.developer, pid:8716, STATE_DEAD
07-05 20:50:17.763 26590 27393 W ActivityTaskManager:   Force finishing activity work.dynet.developer/.MainActivity
07-05 20:50:17.768   852   852 I SurfaceFlinger: operator()(), mtkRenderCntDebug 67277927, screenshot (Splash Screen work.dynet.developer#0)
07-05 20:50:17.832 26590 28945 I ActivityManager: Process work.dynet.developer (pid 8716) has died: fg  TOP 
