07-05 20:51:10.672 27235 27235 D TaskView: TaskView bind task, task=[TaskKey{id=14143, stackId=0, baseIntent=Intent { act=android.intent.action.MAIN cat=[android.intent.category.LAUNCHER] flg=0x10300000 cmp=work.dynet.developer/.MainActivity }, userId=0, lastActiveTime=29298735380, windowingMode=1, isThumbnailBlur=false, isScreening=false, topActivity=null, mHashCode=422257665}, title=dydev, titleDescription=dydev, bounds=null, isLaunchTarget=false, isStackTask=true, isSystemApp=false, isDockable=true, baseActivity=null, isLocked=false, isAccessLocked=false, mNeedHide=false] , isLock=false
07-05 20:51:10.672 27235 27235 D TaskViewThumbnail: updateThumbnailScale, t=[TaskKey{id=14143, stackId=0, baseIntent=Intent { act=android.intent.action.MAIN cat=[android.intent.category.LAUNCHER] flg=0x10300000 cmp=work.dynet.developer/.MainActivity }, userId=0, lastActiveTime=29298735380, windowingMode=1, isThumbnailBlur=false, isScreening=false, topActivity=null, mHashCode=422257665}, title=dydev, titleDescription=dydev, bounds=null, isLaunchTarget=false, isStackTask=true, isSystemApp=false, isDockable=true, baseActivity=null, isLocked=false, isAccessLocked=false, mNeedHide=false] , mThumbnailBitmapSizeAfterScaled=(469, 959)
07-05 20:51:11.602 27235 27235 D RecentsContainer: removeTask: [TaskKey{id=14143, stackId=0, baseIntent=Intent { act=android.intent.action.MAIN cat=[android.intent.category.LAUNCHER] flg=0x10300000 cmp=work.dynet.developer/.MainActivity }, userId=0, lastActiveTime=29298735380, windowingMode=1, isThumbnailBlur=false, isScreening=false, topActivity=null, mHashCode=422257665}, title=dydev, titleDescription=dydev, bounds=null, isLaunchTarget=false, isStackTask=true, isSystemApp=false, isDockable=true, baseActivity=null, isLocked=false, isAccessLocked=false, mNeedHide=false] 
07-05 20:51:11.604 26590 29111 D WindowProcessUtils: remove task: Task{f96c92 #14143 type=standard I=work.dynet.developer/.MainActivity U=0 visible=false mode=fullscreen translucent=true sz=0}
07-05 20:51:12.340 26590 27053 I PowerHalWrapper: amsBoostNotify pid:32585,activity:com.microsoft.ruby.Main, package:com.microsoft.emmx, mProcessCreatePackwork.dynet.developer 
07-05 20:51:12.348 26590 27053 I PowerHalWrapper: amsBoostNotify pid:27235,activity:com.miui.home.launcher.Launcher, package:com.miui.home, mProcessCreatePackwork.dynet.developer 
07-05 20:51:13.235 26590 26611 I PowerHalWrapper: amsBoostNotify pid:27235,activity:com.miui.home.launcher.Launcher, package:com.miui.home, mProcessCreatePackwork.dynet.developer 
07-05 20:51:56.990 26590 28072 I PowerHalWrapper: amsBoostNotify pid:27235,activity:com.miui.home.launcher.Launcher, package:com.miui.home, mProcessCreatePackwork.dynet.developer 
07-05 20:51:57.000 26590 28072 I PowerHalWrapper: amsBoostNotify pid:32585,activity:com.microsoft.ruby.Main, package:com.microsoft.emmx, mProcessCreatePackwork.dynet.developer 
07-05 20:51:57.621 26590 26611 I PowerHalWrapper: amsBoostNotify pid:32585,activity:com.microsoft.ruby.Main, package:com.microsoft.emmx, mProcessCreatePackwork.dynet.developer 
07-05 20:51:58.593 26590 28072 I PowerHalWrapper: amsBoostNotify pid:27235,activity:com.miui.home.launcher.Launcher, package:com.miui.home, mProcessCreatePackwork.dynet.developer 
07-05 20:52:07.525 26590 26728 V AppStateTracker: Package work.dynet.developer/10923 toggled into fg service restriction
07-05 20:52:07.527 26590 26728 V AppStateTracker: Package work.dynet.developer/10923 toggled into fg service restriction
07-05 20:52:07.527 26590 26728 V AppStateTracker: Package work.dynet.developer/10923 toggled into fg service restriction
07-05 20:52:37.650 11219 11231 E DatabaseUtils: java.lang.IllegalArgumentException: Failed to determine if primary:Android/data/work.dynet.developer is child of primary:Android/data: java.io.FileNotFoundException: Missing file for primary:Android/data/work.dynet.developer at /storage/emulated/0/Android/data/work.dynet.developer
07-05 20:52:48.672   760   787 I mtkpower@impl: [notifyAppState] act work.dynet.developer.MainActivity => l.ܶ۬ܽ
07-05 20:54:06.588 27235 27235 D Launcher.CellLayout: touch item:ShortcutInfo, id=1082, itemType=0, user=UserHandle{0}, mIconType=0, pkgName=work.dynet.developer, className=work.dynet.developer.MainActivity, screenId=3, container=-100, cellX=1, cellY=4, spanX=1, spanY=1
07-05 20:54:06.645 26590 27486 I ActivityTaskManager: START u0 {act=android.intent.action.MAIN cat=[android.intent.category.LAUNCHER] flg=0x10200000 cmp=work.dynet.developer/.MainActivity bnds=[328,1351][500,1523] (has extras)} from uid 10087 from pid 27235 callingPackage com.miui.home
07-05 20:54:06.683   852  1740 E BufferQueueDebug: [Splash Screen work.dynet.developer#0](this:0xb400007423fe7900,id:-1,api:0,p:-1,c:-1) id info cannot be read from 'Splash Screen work.dynet.developer#0'
07-05 20:54:06.683   852  1740 I BufferQueueDebug: [Splash Screen work.dynet.developer#0](this:0xb400007423fe7900,id:-1,api:0,p:-1,c:-1) BufferQueue core=(852:/system/bin/surfaceflinger)
07-05 20:54:06.691 26590 26611 I PowerHalWrapper: amsBoostProcessCreate package:work.dynet.developer 
07-05 20:54:06.692 26590 26611 D SBE-LaunchIdentify: SBE boost:work.dynet.developer begin
07-05 20:54:06.708 26590 26630 I ActivityManager: Start proc 11613:work.dynet.developer/u0a923 for pre-top-activity {work.dynet.developer/work.dynet.developer.MainActivity} caller=others
07-05 20:54:06.736 26590 29111 I PowerHalWrapper: amsBoostNotify pid:11613,activity:work.dynet.developer.MainActivity, package:work.dynet.developer, mProcessCreatePackwork.dynet.developer 
07-05 20:54:06.736   760   837 I libPowerHal: [perfNotifyAppState] pack:work.dynet.developer, act:work.dynet.developer.MainActivity, state:1, pid:11613, uid:10923, fps:60
07-05 20:54:06.736   760   837 I libPowerHal: [perfNotifyAppState] foreground:work.dynet.developer, pid:11613, uid:10923
07-05 20:54:06.738   760   837 I UxUtility: notifyForegroundApp pack:work.dynet.developer, uid:10923
07-05 20:54:06.738   760   787 I mtkpower@impl: [notifyAppState] pc:1, com.miui.home => work.dynet.developer
07-05 20:54:06.739 30837 31823 D PerfEngineController: ForegroundInfo{mForegroundPackageName='work.dynet.developer', mForegroundUid=10923, mForegroundPid=11613, mLastForegroundPackageName='com.miui.home', mLastForegroundUid=10087, mLastForegroundPid=27235, mMultiWindowForegroundPackageName='work.dynet.developer', mMultiWindowForegroundUid=10923, mFlags=1}
07-05 20:54:06.739 27235 14595 D AppObserver: ForegroundInfo{mForegroundPackageName='work.dynet.developer', mForegroundUid=10923, mForegroundPid=11613, mLastForegroundPackageName='com.miui.home', mLastForegroundUid=10087, mLastForegroundPid=27235, mMultiWindowForegroundPackageName='work.dynet.developer', mMultiWindowForegroundUid=10923, mFlags=1}
07-05 20:54:06.740 30837 31306 D LS-ForegroundStatusManager: handleMessage ForegroundInfoChanged. pkg = work.dynet.developer, uid = 10923, mCurrentForegroundUid = 10087
07-05 20:54:06.740  3830  3844 I GST     : forePkg: work.dynet.developer, preForePkg: com.miui.home
07-05 20:54:06.741 28133  2183 W MQSService: CallerName:work.dynet.developer,calling Uid:10923
07-05 20:54:06.742 28133  2183 D MQSService: registerApplicationScoutThread pid = 11613, packageName = work.dynet.developer
07-05 20:54:06.743 27986 30500 I ProcessMonitor: onForegroundInfoChanged: ForegroundInfo{mForegroundPackageName='work.dynet.developer', mForegroundUid=10923, mForegroundPid=11613, mLastForegroundPackageName='com.miui.home', mLastForegroundUid=10087, mLastForegroundPid=27235, mMultiWindowForegroundPackageName='work.dynet.developer', mMultiWindowForegroundUid=10923, mFlags=1}
07-05 20:54:06.744 27986 30500 I GameBoosterService: onForegroundInfoChanged: Cur=work.dynet.developer	 last=com.miui.home
07-05 20:54:06.745 27986 30500 D GameBoosterService: onGameStatusChange foreground:ForegroundInfo{mForegroundPackageName='work.dynet.developer', mForegroundUid=10923, mForegroundPid=11613, mLastForegroundPackageName='com.miui.home', mLastForegroundUid=10087, mLastForegroundPid=27235, mMultiWindowForegroundPackageName='work.dynet.developer', mMultiWindowForegroundUid=10923, mFlags=1}
07-05 20:54:06.747 27986 30736 E SuggestManager: openApp name = work.dynet.developer
07-05 20:54:06.762 11613 11613 V GraphicsEnvironment: ANGLE Developer option for 'work.dynet.developer' set to: 'default'
07-05 20:54:06.767 11613 11613 I ForceDarkHelperStubImpl: initialize for work.dynet.developer , ForceDarkOrigin
07-05 20:54:06.779 27235 27605 W RecentsModel: getRunningTask   taskInfo=TaskInfo{userId=0 taskId=14146 displayId=0 isRunning=true baseIntent=Intent { act=android.intent.action.MAIN cat=[android.intent.category.LAUNCHER] flg=0x10200000 cmp=work.dynet.developer/.MainActivity } baseActivity=ComponentInfo{work.dynet.developer/work.dynet.developer.MainActivity} topActivity=ComponentInfo{work.dynet.developer/work.dynet.developer.MainActivity} origActivity=null realActivity=ComponentInfo{work.dynet.developer/work.dynet.developer.MainActivity} numActivities=1 lastActiveTime=29298914762 supportsSplitScreenMultiWindow=true supportsMultiWindow=true resizeMode=1 isResizeable=true token=WCT{android.window.IWindowContainerToken$Stub$Proxy@f5b445b} topActivityType=1 pictureInPictureParams=PictureInPictureParams( aspectRatio=null sourceRectHint=null hasSetActions=false isAutoPipEnabled=false isSeamlessResizeEnabled=true) displayCutoutSafeInsets=Rect(0, 99 - 0, 0) topActivityInfo=ActivityInfo{21204f8 work.dynet.developer.MainActivity} launchCookies=[] positionInParent=Point(0, 0) parentTaskId=-1 isFocused=false isVisible=true topActivityInSizeCompat=false locusId= null windowMode=0}
07-05 20:54:06.779 27235 27605 W RecentsModel: getTaskInfoIgnoreHomeAndFreeform   taskInfo=ComponentInfo{work.dynet.developer/work.dynet.developer.MainActivity}
07-05 20:54:06.782 27235 27605 E ActivityManagerWrapper: getRecentTasks: taskId=14146   userId=0   baseIntent=Intent { act=android.intent.action.MAIN flag=270532608 cmp=ComponentInfo{work.dynet.developer/work.dynet.developer.MainActivity} }
07-05 20:54:06.795 11613 11613 E AndroidRuntime: Process: work.dynet.developer, PID: 11613
07-05 20:54:06.795 11613 11613 E AndroidRuntime: java.lang.RuntimeException: Unable to instantiate activity ComponentInfo{work.dynet.developer/work.dynet.developer.MainActivity}: java.lang.ClassNotFoundException: Didn't find class "work.dynet.developer.MainActivity" on path: DexPathList[[zip file "/data/app/~~NRuCeHs87QVAqZI8u8MQgQ==/work.dynet.developer-DY226kcHQeA9-wMgTAi1lA==/base.apk"],nativeLibraryDirectories=[/data/app/~~NRuCeHs87QVAqZI8u8MQgQ==/work.dynet.developer-DY226kcHQeA9-wMgTAi1lA==/lib/arm64, /data/app/~~NRuCeHs87QVAqZI8u8MQgQ==/work.dynet.developer-DY226kcHQeA9-wMgTAi1lA==/base.apk!/lib/arm64-v8a, /system/lib64, /system/system_ext/lib64]]
07-05 20:54:06.795 11613 11613 E AndroidRuntime: Caused by: java.lang.ClassNotFoundException: Didn't find class "work.dynet.developer.MainActivity" on path: DexPathList[[zip file "/data/app/~~NRuCeHs87QVAqZI8u8MQgQ==/work.dynet.developer-DY226kcHQeA9-wMgTAi1lA==/base.apk"],nativeLibraryDirectories=[/data/app/~~NRuCeHs87QVAqZI8u8MQgQ==/work.dynet.developer-DY226kcHQeA9-wMgTAi1lA==/lib/arm64, /data/app/~~NRuCeHs87QVAqZI8u8MQgQ==/work.dynet.developer-DY226kcHQeA9-wMgTAi1lA==/base.apk!/lib/arm64-v8a, /system/lib64, /system/system_ext/lib64]]
07-05 20:54:06.796 11613 11633 D libMEOW : applied 0 plugin for [work.dynet.developer].
07-05 20:54:06.811   760   837 I libPowerHal: [perfNotifyAppState] pack:work.dynet.developer, act:work.dynet.developer, state:3, pid:11613, uid:10923, fps:60
07-05 20:54:06.811   760   837 I libPowerHal: [perfNotifyAppState] pack:work.dynet.developer, pid:11613, STATE_DEAD
07-05 20:54:06.813 26590 27046 W ActivityTaskManager:   Force finishing activity work.dynet.developer/.MainActivity
07-05 20:54:06.814 28133 28322 D DigestGenerator: digest=============work.dynet.developerjava.lang.RuntimeException: Unable to instantiate activity ComponentInfo{work.dynet.developer/work.dynet.developer.MainActivity}: java.lang.ClassNotFoundException: Didn't find class "work.dynet.developer.MainActivity" on path: DexPathList[[zip file "XXbase.apk!/lib/arm-va, /system/lib /system/system_ext/lib]]
07-05 20:54:06.814 28133 28322 D DigestGenerator: Caused by: java.lang.ClassNotFoundException: Didn't find class "work.dynet.developer.MainActivity" on path: DexPathList[[zip file "XXbase.apk!/lib/arm-va, /system/lib /system/system_ext/lib]]
07-05 20:54:06.820   852   852 I SurfaceFlinger: operator()(), mtkRenderCntDebug 67278830, screenshot (Splash Screen work.dynet.developer#0)
07-05 20:54:06.838 26590 29111 I ActivityManager: Process work.dynet.developer (pid 11613) has died: fg  TOP 
07-05 20:54:06.840   760   837 I libPowerHal: [perfNotifyAppState] pack:work.dynet.developer, act:work.dynet.developer, state:3, pid:11613, uid:10923, fps:60
07-05 20:54:06.840   760   837 I libPowerHal: [perfNotifyAppState] pack:work.dynet.developer, pid:11613, STATE_DEAD
07-05 20:54:06.863 27235 14595 D AppObserver: ForegroundInfo{mForegroundPackageName='com.miui.home', mForegroundUid=10087, mForegroundPid=27235, mLastForegroundPackageName='work.dynet.developer', mLastForegroundUid=10923, mLastForegroundPid=11613, mMultiWindowForegroundPackageName='com.miui.home', mMultiWindowForegroundUid=10087, mFlags=0}
07-05 20:54:06.863 30837 30854 D PerfEngineController: ForegroundInfo{mForegroundPackageName='com.miui.home', mForegroundUid=10087, mForegroundPid=27235, mLastForegroundPackageName='work.dynet.developer', mLastForegroundUid=10923, mLastForegroundPid=11613, mMultiWindowForegroundPackageName='com.miui.home', mMultiWindowForegroundUid=10087, mFlags=0}
07-05 20:54:06.863  3830  3844 I GST     : forePkg: com.miui.home, preForePkg: work.dynet.developer
07-05 20:54:06.863 27986 23592 I ProcessMonitor: onForegroundInfoChanged: ForegroundInfo{mForegroundPackageName='com.miui.home', mForegroundUid=10087, mForegroundPid=27235, mLastForegroundPackageName='work.dynet.developer', mLastForegroundUid=10923, mLastForegroundPid=11613, mMultiWindowForegroundPackageName='com.miui.home', mMultiWindowForegroundUid=10087, mFlags=0}
07-05 20:54:06.865 30837 31207 I ThermalInfoCollector: collectForgroundAppsInfo: work.dynet.developer
07-05 20:54:06.866 27986 23592 I GameBoosterService: onForegroundInfoChanged: Cur=com.miui.home	 last=work.dynet.developer
07-05 20:54:06.867 27986 23592 D GameBoosterService: onGameStatusChange foreground:ForegroundInfo{mForegroundPackageName='com.miui.home', mForegroundUid=10087, mForegroundPid=27235, mLastForegroundPackageName='work.dynet.developer', mLastForegroundUid=10923, mLastForegroundPid=11613, mMultiWindowForegroundPackageName='com.miui.home', mMultiWindowForegroundUid=10087, mFlags=0}
07-05 20:54:06.898 26590 28075 D WindowManager: setParent old=ActivityRecord{1e36ac4 u0 work.dynet.developer/.MainActivity t14146 f} isExiting},new=null,this window=Window{10e6f30 u0 Splash Screen work.dynet.developer},callers=com.android.server.wm.WindowContainer.removeChild:613 com.android.server.wm.ActivityRecord.removeChild:4232 com.android.server.wm.ActivityRecord.removeChild:417 com.android.server.wm.WindowContainer.removeImmediately:665 com.android.server.wm.WindowState.removeImmediately:2523 com.android.server.wm.WindowState.destroySurface:3712 
07-05 20:54:06.899 26590 28075 W InputManager-JNI: Input channel object '10e6f30 Splash Screen work.dynet.developer (client)' was disposed without first being removed with the input manager!
07-05 20:54:06.918 26590 26612 D WindowManager: setParent old=Task{ff45dad #14146 type=standard I=work.dynet.developer/.MainActivity U=0 visible=false mode=fullscreen translucent=true sz=0},new=null,this window=ActivityRecord{1e36ac4 u0 work.dynet.developer/.MainActivity t14146 f}},callers=com.android.server.wm.WindowContainer.removeChild:613 com.android.server.wm.Task.removeChild:1895 com.android.server.wm.Task.removeChild:1876 com.android.server.wm.WindowContainer.removeImmediately:665 com.android.server.wm.WindowToken.removeImmediately:363 com.android.server.wm.ActivityRecord.removeImmediately:4049 
07-05 20:54:06.919 26590 26612 D WindowManager: setParent old=DefaultTaskDisplayArea@199727272,new=null,this window=Task{ff45dad #14146 type=standard I=work.dynet.developer/.MainActivity U=0 visible=false mode=fullscreen translucent=true sz=0},callers=com.android.server.wm.WindowContainer.removeChild:613 com.android.server.wm.TaskDisplayArea.removeChildTask:402 com.android.server.wm.TaskDisplayArea.removeChild:393 com.android.server.wm.WindowContainer.removeImmediately:665 com.android.server.wm.Task.removeImmediately:3694 com.android.server.wm.Task.removeIfPossible:1085 
07-05 20:54:07.146   852   852 I BufferQueueDebug: [Splash Screen work.dynet.developer#0](this:0xb400007423fe7900,id:-1,api:0,p:-1,c:852) onDestructor()
07-05 20:54:07.315 26590 26611 W ActivityTaskManager: Activity top resumed state loss timeout for ActivityRecord{1e36ac4 u0 work.dynet.developer/.MainActivity t-1 f}}
07-05 20:54:07.315 26590 26611 I PowerHalWrapper: amsBoostNotify pid:27235,activity:com.miui.home.launcher.Launcher, package:com.miui.home, mProcessCreatePackwork.dynet.developer 
07-05 20:54:07.316   760   787 I mtkpower@impl: [notifyAppState] pc:0, work.dynet.developer => com.miui.home
07-05 20:54:07.609 27235 27235 D TaskView: TaskView bind task, task=[TaskKey{id=14146, stackId=0, baseIntent=Intent { act=android.intent.action.MAIN cat=[android.intent.category.LAUNCHER] flg=0x10200000 cmp=work.dynet.developer/.MainActivity }, userId=0, lastActiveTime=29298914762, windowingMode=1, isThumbnailBlur=false, isScreening=false, topActivity=ComponentInfo{work.dynet.developer/work.dynet.developer.MainActivity}, mHashCode=422347038}, title=dydev, titleDescription=dydev, bounds=null, isLaunchTarget=true, isStackTask=true, isSystemApp=false, isDockable=true, baseActivity=ComponentInfo{work.dynet.developer/work.dynet.developer.MainActivity}, isLocked=false, isAccessLocked=false, mNeedHide=false] , isLock=false
07-05 20:54:07.609 27235 27235 D TaskViewThumbnail: updateThumbnailScale, t=[TaskKey{id=14146, stackId=0, baseIntent=Intent { act=android.intent.action.MAIN cat=[android.intent.category.LAUNCHER] flg=0x10200000 cmp=work.dynet.developer/.MainActivity }, userId=0, lastActiveTime=29298914762, windowingMode=1, isThumbnailBlur=false, isScreening=false, topActivity=ComponentInfo{work.dynet.developer/work.dynet.developer.MainActivity}, mHashCode=422347038}, title=dydev, titleDescription=dydev, bounds=null, isLaunchTarget=true, isStackTask=true, isSystemApp=false, isDockable=true, baseActivity=ComponentInfo{work.dynet.developer/work.dynet.developer.MainActivity}, isLocked=false, isAccessLocked=false, mNeedHide=false] , mThumbnailBitmapSizeAfterScaled=(469, 959)
07-05 20:54:07.609 27235 27235 D TaskView: TaskView bind task, task=[TaskKey{id=14146, stackId=0, baseIntent=Intent { act=android.intent.action.MAIN cat=[android.intent.category.LAUNCHER] flg=0x10200000 cmp=work.dynet.developer/.MainActivity }, userId=0, lastActiveTime=29298914762, windowingMode=1, isThumbnailBlur=false, isScreening=false, topActivity=ComponentInfo{work.dynet.developer/work.dynet.developer.MainActivity}, mHashCode=422347038}, title=dydev, titleDescription=dydev, bounds=null, isLaunchTarget=true, isStackTask=true, isSystemApp=false, isDockable=true, baseActivity=ComponentInfo{work.dynet.developer/work.dynet.developer.MainActivity}, isLocked=false, isAccessLocked=false, mNeedHide=false] , isLock=false
07-05 20:54:07.610 27235 27235 D TaskViewThumbnail: updateThumbnailScale, t=[TaskKey{id=14146, stackId=0, baseIntent=Intent { act=android.intent.action.MAIN cat=[android.intent.category.LAUNCHER] flg=0x10200000 cmp=work.dynet.developer/.MainActivity }, userId=0, lastActiveTime=29298914762, windowingMode=1, isThumbnailBlur=false, isScreening=false, topActivity=ComponentInfo{work.dynet.developer/work.dynet.developer.MainActivity}, mHashCode=422347038}, title=dydev, titleDescription=dydev, bounds=null, isLaunchTarget=true, isStackTask=true, isSystemApp=false, isDockable=true, baseActivity=ComponentInfo{work.dynet.developer/work.dynet.developer.MainActivity}, isLocked=false, isAccessLocked=false, mNeedHide=false] , mThumbnailBitmapSizeAfterScaled=(469, 959)
07-05 20:54:07.975 26590 28074 I PowerHalWrapper: amsBoostNotify pid:10457,activity:com.termux.app.TermuxActivity, package:com.termux, mProcessCreatePackwork.dynet.developer 
07-05 20:54:07.983 26590 28074 I PowerHalWrapper: amsBoostNotify pid:27235,activity:com.miui.home.launcher.Launcher, package:com.miui.home, mProcessCreatePackwork.dynet.developer 
07-05 20:54:08.153 27235 27605 E ActivityManagerWrapper: getRecentTasks: taskId=14146   userId=0   baseIntent=Intent { act=android.intent.action.MAIN flag=270532608 cmp=ComponentInfo{work.dynet.developer/work.dynet.developer.MainActivity} }
07-05 20:54:08.574 26590 26611 I PowerHalWrapper: amsBoostNotify pid:27235,activity:com.miui.home.launcher.Launcher, package:com.miui.home, mProcessCreatePackwork.dynet.developer 
07-05 20:54:13.224 27235 27235 D TaskView: TaskView bind task, task=[TaskKey{id=14146, stackId=0, baseIntent=Intent { act=android.intent.action.MAIN cat=[android.intent.category.LAUNCHER] flg=0x10200000 cmp=work.dynet.developer/.MainActivity }, userId=0, lastActiveTime=29298914806, windowingMode=1, isThumbnailBlur=false, isScreening=false, topActivity=null, mHashCode=422347038}, title=dydev, titleDescription=dydev, bounds=null, isLaunchTarget=false, isStackTask=true, isSystemApp=false, isDockable=true, baseActivity=null, isLocked=false, isAccessLocked=false, mNeedHide=false] , isLock=false
07-05 20:54:13.224 27235 27235 D TaskViewThumbnail: updateThumbnailScale, t=[TaskKey{id=14146, stackId=0, baseIntent=Intent { act=android.intent.action.MAIN cat=[android.intent.category.LAUNCHER] flg=0x10200000 cmp=work.dynet.developer/.MainActivity }, userId=0, lastActiveTime=29298914806, windowingMode=1, isThumbnailBlur=false, isScreening=false, topActivity=null, mHashCode=422347038}, title=dydev, titleDescription=dydev, bounds=null, isLaunchTarget=false, isStackTask=true, isSystemApp=false, isDockable=true, baseActivity=null, isLocked=false, isAccessLocked=false, mNeedHide=false] , mThumbnailBitmapSizeAfterScaled=(469, 959)
07-05 20:54:13.225 27235 27235 D TaskView: TaskView bind task, task=[TaskKey{id=14146, stackId=0, baseIntent=Intent { act=android.intent.action.MAIN cat=[android.intent.category.LAUNCHER] flg=0x10200000 cmp=work.dynet.developer/.MainActivity }, userId=0, lastActiveTime=29298914806, windowingMode=1, isThumbnailBlur=false, isScreening=false, topActivity=null, mHashCode=422347038}, title=dydev, titleDescription=dydev, bounds=null, isLaunchTarget=false, isStackTask=true, isSystemApp=false, isDockable=true, baseActivity=null, isLocked=false, isAccessLocked=false, mNeedHide=false] , isLock=false
07-05 20:54:13.225 27235 27235 D TaskViewThumbnail: updateThumbnailScale, t=[TaskKey{id=14146, stackId=0, baseIntent=Intent { act=android.intent.action.MAIN cat=[android.intent.category.LAUNCHER] flg=0x10200000 cmp=work.dynet.developer/.MainActivity }, userId=0, lastActiveTime=29298914806, windowingMode=1, isThumbnailBlur=false, isScreening=false, topActivity=null, mHashCode=422347038}, title=dydev, titleDescription=dydev, bounds=null, isLaunchTarget=false, isStackTask=true, isSystemApp=false, isDockable=true, baseActivity=null, isLocked=false, isAccessLocked=false, mNeedHide=false] , mThumbnailBitmapSizeAfterScaled=(469, 959)
07-05 20:54:13.227 27235 27235 D TaskView: TaskView bind task, task=[TaskKey{id=14146, stackId=0, baseIntent=Intent { act=android.intent.action.MAIN cat=[android.intent.category.LAUNCHER] flg=0x10200000 cmp=work.dynet.developer/.MainActivity }, userId=0, lastActiveTime=29298914806, windowingMode=1, isThumbnailBlur=false, isScreening=false, topActivity=null, mHashCode=422347038}, title=dydev, titleDescription=dydev, bounds=null, isLaunchTarget=false, isStackTask=true, isSystemApp=false, isDockable=true, baseActivity=null, isLocked=false, isAccessLocked=false, mNeedHide=false] , isLock=false
07-05 20:54:13.227 27235 27235 D TaskViewThumbnail: updateThumbnailScale, t=[TaskKey{id=14146, stackId=0, baseIntent=Intent { act=android.intent.action.MAIN cat=[android.intent.category.LAUNCHER] flg=0x10200000 cmp=work.dynet.developer/.MainActivity }, userId=0, lastActiveTime=29298914806, windowingMode=1, isThumbnailBlur=false, isScreening=false, topActivity=null, mHashCode=422347038}, title=dydev, titleDescription=dydev, bounds=null, isLaunchTarget=false, isStackTask=true, isSystemApp=false, isDockable=true, baseActivity=null, isLocked=false, isAccessLocked=false, mNeedHide=false] , mThumbnailBitmapSizeAfterScaled=(469, 959)
07-05 20:54:13.261 27235 27235 D TaskView: TaskView bind task, task=[TaskKey{id=14146, stackId=0, baseIntent=Intent { act=android.intent.action.MAIN cat=[android.intent.category.LAUNCHER] flg=0x10200000 cmp=work.dynet.developer/.MainActivity }, userId=0, lastActiveTime=29298914806, windowingMode=1, isThumbnailBlur=false, isScreening=false, topActivity=null, mHashCode=422347038}, title=dydev, titleDescription=dydev, bounds=null, isLaunchTarget=false, isStackTask=true, isSystemApp=false, isDockable=true, baseActivity=null, isLocked=false, isAccessLocked=false, mNeedHide=false] , isLock=false
07-05 20:54:13.261 27235 27235 D TaskViewThumbnail: updateThumbnailScale, t=[TaskKey{id=14146, stackId=0, baseIntent=Intent { act=android.intent.action.MAIN cat=[android.intent.category.LAUNCHER] flg=0x10200000 cmp=work.dynet.developer/.MainActivity }, userId=0, lastActiveTime=29298914806, windowingMode=1, isThumbnailBlur=false, isScreening=false, topActivity=null, mHashCode=422347038}, title=dydev, titleDescription=dydev, bounds=null, isLaunchTarget=false, isStackTask=true, isSystemApp=false, isDockable=true, baseActivity=null, isLocked=false, isAccessLocked=false, mNeedHide=false] , mThumbnailBitmapSizeAfterScaled=(469, 959)
07-05 20:54:13.297 26590 28941 I PowerHalWrapper: amsBoostNotify pid:27235,activity:com.miui.home.launcher.Launcher, package:com.miui.home, mProcessCreatePackwork.dynet.developer 
07-05 20:54:13.577 27235 27605 E ActivityManagerWrapper: getRecentTasks: taskId=14146   userId=0   baseIntent=Intent { act=android.intent.action.MAIN flag=270532608 cmp=ComponentInfo{work.dynet.developer/work.dynet.developer.MainActivity} }
07-05 20:54:13.734 26590 26611 I PowerHalWrapper: amsBoostNotify pid:10457,activity:com.termux.app.TermuxActivity, package:com.termux, mProcessCreatePackwork.dynet.developer 
07-05 20:54:14.293 27235 27235 D RecentsContainer: removeTask: [TaskKey{id=14146, stackId=0, baseIntent=Intent { act=android.intent.action.MAIN cat=[android.intent.category.LAUNCHER] flg=0x10200000 cmp=work.dynet.developer/.MainActivity }, userId=0, lastActiveTime=29298914806, windowingMode=1, isThumbnailBlur=false, isScreening=false, topActivity=null, mHashCode=422347038}, title=dydev, titleDescription=dydev, bounds=null, isLaunchTarget=false, isStackTask=true, isSystemApp=false, isDockable=true, baseActivity=null, isLocked=false, isAccessLocked=false, mNeedHide=false] 
07-05 20:54:14.323 26590 29111 D WindowProcessUtils: remove task: Task{ff45dad #14146 type=standard I=work.dynet.developer/.MainActivity U=0 visible=false mode=fullscreen translucent=true sz=0}
07-05 20:54:14.494 26590 28072 I PowerHalWrapper: amsBoostNotify pid:10457,activity:com.termux.app.TermuxActivity, package:com.termux, mProcessCreatePackwork.dynet.developer 
07-05 20:54:14.506 26590 28072 I PowerHalWrapper: amsBoostNotify pid:27235,activity:com.miui.home.launcher.Launcher, package:com.miui.home, mProcessCreatePackwork.dynet.developer 
07-05 20:54:15.090 26590 26611 I PowerHalWrapper: amsBoostNotify pid:27235,activity:com.miui.home.launcher.Launcher, package:com.miui.home, mProcessCreatePackwork.dynet.developer 
07-05 20:54:19.887 26590 28888 I PowerHalWrapper: amsBoostNotify pid:27235,activity:com.miui.home.launcher.Launcher, package:com.miui.home, mProcessCreatePackwork.dynet.developer 
07-05 20:54:20.406 26590 26611 I PowerHalWrapper: amsBoostNotify pid:10457,activity:com.termux.app.TermuxActivity, package:com.termux, mProcessCreatePackwork.dynet.developer 
07-05 20:54:22.643 26590 28072 I PowerHalWrapper: amsBoostNotify pid:32585,activity:com.microsoft.ruby.Main, package:com.microsoft.emmx, mProcessCreatePackwork.dynet.developer 
07-05 20:54:22.651 26590 28072 I PowerHalWrapper: amsBoostNotify pid:27235,activity:com.miui.home.launcher.Launcher, package:com.miui.home, mProcessCreatePackwork.dynet.developer 
07-05 20:54:23.334 26590 26611 I PowerHalWrapper: amsBoostNotify pid:27235,activity:com.miui.home.launcher.Launcher, package:com.miui.home, mProcessCreatePackwork.dynet.developer 
07-05 20:54:24.295 26590 28072 I PowerHalWrapper: amsBoostNotify pid:27235,activity:com.miui.home.launcher.Launcher, package:com.miui.home, mProcessCreatePackwork.dynet.developer 
07-05 20:54:24.306 26590 28072 I PowerHalWrapper: amsBoostNotify pid:32585,activity:com.microsoft.ruby.Main, package:com.microsoft.emmx, mProcessCreatePackwork.dynet.developer 
07-05 20:54:24.730 26590 28073 I PowerHalWrapper: amsBoostNotify pid:10457,activity:com.termux.app.TermuxActivity, package:com.termux, mProcessCreatePackwork.dynet.developer 
07-05 20:54:24.737 26590 28073 I PowerHalWrapper: amsBoostNotify pid:27235,activity:com.miui.home.launcher.Launcher, package:com.miui.home, mProcessCreatePackwork.dynet.developer 
07-05 20:54:24.975 26590 28910 I PowerHalWrapper: amsBoostNotify pid:32585,activity:com.microsoft.ruby.Main, package:com.microsoft.emmx, mProcessCreatePackwork.dynet.developer 
07-05 20:54:25.392 26590 26611 I PowerHalWrapper: amsBoostNotify pid:27235,activity:com.miui.home.launcher.Launcher, package:com.miui.home, mProcessCreatePackwork.dynet.developer 
07-05 20:54:45.511 26590 28795 I PowerHalWrapper: amsBoostNotify pid:27235,activity:com.miui.home.launcher.Launcher, package:com.miui.home, mProcessCreatePackwork.dynet.developer 
07-05 20:54:46.018 26590 26611 I PowerHalWrapper: amsBoostNotify pid:10457,activity:com.termux.app.TermuxActivity, package:com.termux, mProcessCreatePackwork.dynet.developer 
07-05 20:54:46.600 26590 28888 I PowerHalWrapper: amsBoostNotify pid:4403,activity:l.ᩳۡ᩹, package:bin.mt.plus, mProcessCreatePackwork.dynet.developer 
07-05 20:54:46.608 26590 28888 I PowerHalWrapper: amsBoostNotify pid:27235,activity:com.miui.home.launcher.Launcher, package:com.miui.home, mProcessCreatePackwork.dynet.developer 
07-05 20:54:47.103 26590 27393 I PowerHalWrapper: amsBoostNotify pid:4403,activity:bin.mt.plus.Main, package:bin.mt.plus, mProcessCreatePackwork.dynet.developer 
07-05 20:54:47.114 26590 27393 I PowerHalWrapper: amsBoostNotify pid:4403,activity:l.ᩳۡ᩹, package:bin.mt.plus, mProcessCreatePackwork.dynet.developer 
07-05 20:54:47.277 26590 29114 I PowerHalWrapper: amsBoostNotify pid:27235,activity:com.miui.home.launcher.Launcher, package:com.miui.home, mProcessCreatePackwork.dynet.developer 
07-05 20:54:52.177 26590 26603 I PowerHalWrapper: amsBoostNotify pid:27235,activity:com.miui.home.launcher.Launcher, package:com.miui.home, mProcessCreatePackwork.dynet.developer 
07-05 20:54:52.699 26590 26611 I PowerHalWrapper: amsBoostNotify pid:4403,activity:bin.mt.plus.Main, package:bin.mt.plus, mProcessCreatePackwork.dynet.developer 
07-05 20:54:52.823 26590 28073 I PowerHalWrapper: amsBoostNotify pid:10457,activity:com.termux.app.TermuxActivity, package:com.termux, mProcessCreatePackwork.dynet.developer 
07-05 20:54:52.831 26590 28073 I PowerHalWrapper: amsBoostNotify pid:27235,activity:com.miui.home.launcher.Launcher, package:com.miui.home, mProcessCreatePackwork.dynet.developer 
07-05 20:54:53.401 26590 26611 I PowerHalWrapper: amsBoostNotify pid:27235,activity:com.miui.home.launcher.Launcher, package:com.miui.home, mProcessCreatePackwork.dynet.developer 
07-05 20:54:56.598 26590 28910 I PowerHalWrapper: amsBoostNotify pid:27235,activity:com.miui.home.launcher.Launcher, package:com.miui.home, mProcessCreatePackwork.dynet.developer 
07-05 20:54:57.266 26590 26611 I PowerHalWrapper: amsBoostNotify pid:10457,activity:com.termux.app.TermuxActivity, package:com.termux, mProcessCreatePackwork.dynet.developer 
07-05 20:54:57.434 27235 27235 D Launcher.CellLayout: touch item:ShortcutInfo, id=1082, itemType=0, user=UserHandle{0}, mIconType=0, pkgName=work.dynet.developer, className=work.dynet.developer.MainActivity, screenId=3, container=-100, cellX=1, cellY=4, spanX=1, spanY=1
07-05 20:54:57.507 26590 27462 I ActivityTaskManager: START u0 {act=android.intent.action.MAIN cat=[android.intent.category.LAUNCHER] flg=0x10200000 cmp=work.dynet.developer/.MainActivity bnds=[330,1353][502,1525] (has extras)} from uid 10087 from pid 27235 callingPackage com.miui.home
07-05 20:54:57.537 26590 28073 I PowerHalWrapper: amsBoostNotify pid:27235,activity:com.miui.home.launcher.Launcher, package:com.miui.home, mProcessCreatePackwork.dynet.developer 
07-05 20:54:57.538 26590 26611 I PowerHalWrapper: amsBoostProcessCreate package:work.dynet.developer 
07-05 20:54:57.539 26590 26611 D SBE-LaunchIdentify: SBE boost:work.dynet.developer begin
07-05 20:54:57.544   852   937 E BufferQueueDebug: [Splash Screen work.dynet.developer#0](this:0xb4000074592c2100,id:-1,api:0,p:-1,c:-1) id info cannot be read from 'Splash Screen work.dynet.developer#0'
07-05 20:54:57.544   852   937 I BufferQueueDebug: [Splash Screen work.dynet.developer#0](this:0xb4000074592c2100,id:-1,api:0,p:-1,c:-1) BufferQueue core=(852:/system/bin/surfaceflinger)
07-05 20:54:57.550 26590 26630 I ActivityManager: Start proc 12606:work.dynet.developer/u0a923 for pre-top-activity {work.dynet.developer/work.dynet.developer.MainActivity} caller=others
07-05 20:54:57.584 26590 27366 I PowerHalWrapper: amsBoostNotify pid:12606,activity:work.dynet.developer.MainActivity, package:work.dynet.developer, mProcessCreatePackwork.dynet.developer 
07-05 20:54:57.584   760   837 I libPowerHal: [perfNotifyAppState] pack:work.dynet.developer, act:work.dynet.developer.MainActivity, state:1, pid:12606, uid:10923, fps:-1
07-05 20:54:57.584   760   837 I libPowerHal: [perfNotifyAppState] foreground:work.dynet.developer, pid:12606, uid:10923
07-05 20:54:57.585   760   837 I UxUtility: notifyForegroundApp pack:work.dynet.developer, uid:10923
07-05 20:54:57.585   760   787 I mtkpower@impl: [notifyAppState] pc:1, com.miui.home => work.dynet.developer
07-05 20:54:57.585 30837 30932 D PerfEngineController: ForegroundInfo{mForegroundPackageName='work.dynet.developer', mForegroundUid=10923, mForegroundPid=12606, mLastForegroundPackageName='com.miui.home', mLastForegroundUid=10087, mLastForegroundPid=27235, mMultiWindowForegroundPackageName='work.dynet.developer', mMultiWindowForegroundUid=10923, mFlags=1}
07-05 20:54:57.586 27235 29684 D AppObserver: ForegroundInfo{mForegroundPackageName='work.dynet.developer', mForegroundUid=10923, mForegroundPid=12606, mLastForegroundPackageName='com.miui.home', mLastForegroundUid=10087, mLastForegroundPid=27235, mMultiWindowForegroundPackageName='work.dynet.developer', mMultiWindowForegroundUid=10923, mFlags=1}
07-05 20:54:57.586 27986 13234 I ProcessMonitor: onForegroundInfoChanged: ForegroundInfo{mForegroundPackageName='work.dynet.developer', mForegroundUid=10923, mForegroundPid=12606, mLastForegroundPackageName='com.miui.home', mLastForegroundUid=10087, mLastForegroundPid=27235, mMultiWindowForegroundPackageName='work.dynet.developer', mMultiWindowForegroundUid=10923, mFlags=1}
07-05 20:54:57.586 30837 31306 D LS-ForegroundStatusManager: handleMessage ForegroundInfoChanged. pkg = work.dynet.developer, uid = 10923, mCurrentForegroundUid = 10087
07-05 20:54:57.586  3830  3844 I GST     : forePkg: work.dynet.developer, preForePkg: com.miui.home
07-05 20:54:57.587 27986 13234 I GameBoosterService: onForegroundInfoChanged: Cur=work.dynet.developer	 last=com.miui.home
07-05 20:54:57.593 28133  2183 W MQSService: CallerName:work.dynet.developer,calling Uid:10923
07-05 20:54:57.594 29009 29009 D AppLifecycleObserver: onReceive: work.dynet.developer FOREGROUND
07-05 20:54:57.594 28133  2183 D MQSService: registerApplicationScoutThread pid = 12606, packageName = work.dynet.developer
07-05 20:54:57.594 29009 29009 I GameEventTag: notify failed, pkg=work.dynet.developer event=3 version not match
07-05 20:54:57.595 27986 13234 D GameBoosterService: onGameStatusChange foreground:ForegroundInfo{mForegroundPackageName='work.dynet.developer', mForegroundUid=10923, mForegroundPid=12606, mLastForegroundPackageName='com.miui.home', mLastForegroundUid=10087, mLastForegroundPid=27235, mMultiWindowForegroundPackageName='work.dynet.developer', mMultiWindowForegroundUid=10923, mFlags=1}
07-05 20:54:57.596 29009 29009 D PkgUtils: getApplicationInfo packageName:work.dynet.developer, flags:128 applicationInfo:ApplicationInfo{7593ff4 work.dynet.developer} needSecondSpace:false
07-05 20:54:57.598 27986 30736 E SuggestManager: openApp name = work.dynet.developer
07-05 20:54:57.609 12606 12606 V GraphicsEnvironment: ANGLE Developer option for 'work.dynet.developer' set to: 'default'
07-05 20:54:57.620 12606 12606 I ForceDarkHelperStubImpl: initialize for work.dynet.developer , ForceDarkOrigin
07-05 20:54:57.638 27235 27605 W RecentsModel: getRunningTask   taskInfo=TaskInfo{userId=0 taskId=14147 displayId=0 isRunning=true baseIntent=Intent { act=android.intent.action.MAIN cat=[android.intent.category.LAUNCHER] flg=0x10200000 cmp=work.dynet.developer/.MainActivity } baseActivity=ComponentInfo{work.dynet.developer/work.dynet.developer.MainActivity} topActivity=ComponentInfo{work.dynet.developer/work.dynet.developer.MainActivity} origActivity=null realActivity=ComponentInfo{work.dynet.developer/work.dynet.developer.MainActivity} numActivities=1 lastActiveTime=29298965621 supportsSplitScreenMultiWindow=true supportsMultiWindow=true resizeMode=1 isResizeable=true token=WCT{android.window.IWindowContainerToken$Stub$Proxy@c4d2fc2} topActivityType=1 pictureInPictureParams=PictureInPictureParams( aspectRatio=null sourceRectHint=null hasSetActions=false isAutoPipEnabled=false isSeamlessResizeEnabled=true) displayCutoutSafeInsets=Rect(0, 99 - 0, 0) topActivityInfo=ActivityInfo{376a1d3 work.dynet.developer.MainActivity} launchCookies=[] positionInParent=Point(0, 0) parentTaskId=-1 isFocused=false isVisible=true topActivityInSizeCompat=false locusId= null windowMode=0}
07-05 20:54:57.638 27235 27605 W RecentsModel: getTaskInfoIgnoreHomeAndFreeform   taskInfo=ComponentInfo{work.dynet.developer/work.dynet.developer.MainActivity}
07-05 20:54:57.641 27235 27605 E ActivityManagerWrapper: getRecentTasks: taskId=14147   userId=0   baseIntent=Intent { act=android.intent.action.MAIN flag=270532608 cmp=ComponentInfo{work.dynet.developer/work.dynet.developer.MainActivity} }
07-05 20:54:57.653 12606 12627 D libMEOW : applied 0 plugin for [work.dynet.developer].
07-05 20:54:57.653 12606 12606 E AndroidRuntime: Process: work.dynet.developer, PID: 12606
07-05 20:54:57.653 12606 12606 E AndroidRuntime: java.lang.RuntimeException: Unable to instantiate activity ComponentInfo{work.dynet.developer/work.dynet.developer.MainActivity}: java.lang.ClassNotFoundException: Didn't find class "work.dynet.developer.MainActivity" on path: DexPathList[[zip file "/data/app/~~NRuCeHs87QVAqZI8u8MQgQ==/work.dynet.developer-DY226kcHQeA9-wMgTAi1lA==/base.apk"],nativeLibraryDirectories=[/data/app/~~NRuCeHs87QVAqZI8u8MQgQ==/work.dynet.developer-DY226kcHQeA9-wMgTAi1lA==/lib/arm64, /data/app/~~NRuCeHs87QVAqZI8u8MQgQ==/work.dynet.developer-DY226kcHQeA9-wMgTAi1lA==/base.apk!/lib/arm64-v8a, /system/lib64, /system/system_ext/lib64]]
07-05 20:54:57.653 12606 12606 E AndroidRuntime: Caused by: java.lang.ClassNotFoundException: Didn't find class "work.dynet.developer.MainActivity" on path: DexPathList[[zip file "/data/app/~~NRuCeHs87QVAqZI8u8MQgQ==/work.dynet.developer-DY226kcHQeA9-wMgTAi1lA==/base.apk"],nativeLibraryDirectories=[/data/app/~~NRuCeHs87QVAqZI8u8MQgQ==/work.dynet.developer-DY226kcHQeA9-wMgTAi1lA==/lib/arm64, /data/app/~~NRuCeHs87QVAqZI8u8MQgQ==/work.dynet.developer-DY226kcHQeA9-wMgTAi1lA==/base.apk!/lib/arm64-v8a, /system/lib64, /system/system_ext/lib64]]
07-05 20:54:57.657   760   837 I libPowerHal: [perfNotifyAppState] pack:work.dynet.developer, act:work.dynet.developer, state:3, pid:12606, uid:10923, fps:-1
07-05 20:54:57.657   760   837 I libPowerHal: [perfNotifyAppState] pack:work.dynet.developer, pid:12606, STATE_DEAD
07-05 20:54:57.658 26590 26604 W ActivityTaskManager:   Force finishing activity work.dynet.developer/.MainActivity
07-05 20:54:57.666   852   852 I SurfaceFlinger: operator()(), mtkRenderCntDebug 67279097, screenshot (Splash Screen work.dynet.developer#0)
07-05 20:54:57.669 28133 28322 D DigestGenerator: digest=============work.dynet.developerjava.lang.RuntimeException: Unable to instantiate activity ComponentInfo{work.dynet.developer/work.dynet.developer.MainActivity}: java.lang.ClassNotFoundException: Didn't find class "work.dynet.developer.MainActivity" on path: DexPathList[[zip file "XXbase.apk!/lib/arm-va, /system/lib /system/system_ext/lib]]
07-05 20:54:57.669 28133 28322 D DigestGenerator: Caused by: java.lang.ClassNotFoundException: Didn't find class "work.dynet.developer.MainActivity" on path: DexPathList[[zip file "XXbase.apk!/lib/arm-va, /system/lib /system/system_ext/lib]]
07-05 20:54:57.686 26590 28073 I ActivityManager: Process work.dynet.developer (pid 12606) has died: fg  TOP 
07-05 20:54:57.687   760   837 I libPowerHal: [perfNotifyAppState] pack:work.dynet.developer, act:work.dynet.developer, state:3, pid:12606, uid:10923, fps:-1
07-05 20:54:57.687   760   837 I libPowerHal: [perfNotifyAppState] pack:work.dynet.developer, pid:12606, STATE_DEAD
07-05 20:54:57.687 29009 29009 D AppLifecycleObserver: onReceive: work.dynet.developer DESTROY
07-05 20:54:57.688 29009 29009 D PkgUtils: getApplicationInfo packageName:work.dynet.developer, flags:128 applicationInfo:ApplicationInfo{7593ff4 work.dynet.developer} needSecondSpace:false
07-05 20:54:57.720 27235 29684 D AppObserver: ForegroundInfo{mForegroundPackageName='com.miui.home', mForegroundUid=10087, mForegroundPid=27235, mLastForegroundPackageName='work.dynet.developer', mLastForegroundUid=10923, mLastForegroundPid=12606, mMultiWindowForegroundPackageName='com.miui.home', mMultiWindowForegroundUid=10087, mFlags=0}
07-05 20:54:57.720 30837 30932 D PerfEngineController: ForegroundInfo{mForegroundPackageName='com.miui.home', mForegroundUid=10087, mForegroundPid=27235, mLastForegroundPackageName='work.dynet.developer', mLastForegroundUid=10923, mLastForegroundPid=12606, mMultiWindowForegroundPackageName='com.miui.home', mMultiWindowForegroundUid=10087, mFlags=0}
07-05 20:54:57.721 27986 32462 I ProcessMonitor: onForegroundInfoChanged: ForegroundInfo{mForegroundPackageName='com.miui.home', mForegroundUid=10087, mForegroundPid=27235, mLastForegroundPackageName='work.dynet.developer', mLastForegroundUid=10923, mLastForegroundPid=12606, mMultiWindowForegroundPackageName='com.miui.home', mMultiWindowForegroundUid=10087, mFlags=0}
07-05 20:54:57.721 30837 31207 I ThermalInfoCollector: collectForgroundAppsInfo: work.dynet.developer
07-05 20:54:57.721  3830  3844 I GST     : forePkg: com.miui.home, preForePkg: work.dynet.developer
07-05 20:54:57.723 27986 32462 I GameBoosterService: onForegroundInfoChanged: Cur=com.miui.home	 last=work.dynet.developer
07-05 20:54:57.729 27986 32462 D GameBoosterService: onGameStatusChange foreground:ForegroundInfo{mForegroundPackageName='com.miui.home', mForegroundUid=10087, mForegroundPid=27235, mLastForegroundPackageName='work.dynet.developer', mLastForegroundUid=10923, mLastForegroundPid=12606, mMultiWindowForegroundPackageName='com.miui.home', mMultiWindowForegroundUid=10087, mFlags=0}
07-05 20:54:57.759 26590 28074 D WindowManager: setParent old=ActivityRecord{7c245af u0 work.dynet.developer/.MainActivity t14147 f} isExiting},new=null,this window=Window{ef78dcb u0 Splash Screen work.dynet.developer},callers=com.android.server.wm.WindowContainer.removeChild:613 com.android.server.wm.ActivityRecord.removeChild:4232 com.android.server.wm.ActivityRecord.removeChild:417 com.android.server.wm.WindowContainer.removeImmediately:665 com.android.server.wm.WindowState.removeImmediately:2523 com.android.server.wm.WindowState.destroySurface:3712 
07-05 20:54:57.759 26590 28074 W InputManager-JNI: Input channel object 'ef78dcb Splash Screen work.dynet.developer (client)' was disposed without first being removed with the input manager!
07-05 20:54:57.772 26590 26612 D WindowManager: setParent old=Task{34d2dbc #14147 type=standard I=work.dynet.developer/.MainActivity U=0 visible=false mode=fullscreen translucent=true sz=0},new=null,this window=ActivityRecord{7c245af u0 work.dynet.developer/.MainActivity t14147 f}},callers=com.android.server.wm.WindowContainer.removeChild:613 com.android.server.wm.Task.removeChild:1895 com.android.server.wm.Task.removeChild:1876 com.android.server.wm.WindowContainer.removeImmediately:665 com.android.server.wm.WindowToken.removeImmediately:363 com.android.server.wm.ActivityRecord.removeImmediately:4049 
07-05 20:54:57.774 26590 26612 D WindowManager: setParent old=DefaultTaskDisplayArea@199727272,new=null,this window=Task{34d2dbc #14147 type=standard I=work.dynet.developer/.MainActivity U=0 visible=false mode=fullscreen translucent=true sz=0},callers=com.android.server.wm.WindowContainer.removeChild:613 com.android.server.wm.TaskDisplayArea.removeChildTask:402 com.android.server.wm.TaskDisplayArea.removeChild:393 com.android.server.wm.WindowContainer.removeImmediately:665 com.android.server.wm.Task.removeImmediately:3694 com.android.server.wm.Task.removeIfPossible:1085 
07-05 20:54:57.991   852   852 I BufferQueueDebug: [Splash Screen work.dynet.developer#0](this:0xb4000074592c2100,id:-1,api:0,p:-1,c:852) onDestructor()
07-05 20:54:58.162 26590 26611 W ActivityTaskManager: Activity top resumed state loss timeout for ActivityRecord{7c245af u0 work.dynet.developer/.MainActivity t-1 f}}
07-05 20:54:58.163 26590 26611 I PowerHalWrapper: amsBoostNotify pid:27235,activity:com.miui.home.launcher.Launcher, package:com.miui.home, mProcessCreatePackwork.dynet.developer 
07-05 20:54:58.164   760   787 I mtkpower@impl: [notifyAppState] pc:0, work.dynet.developer => com.miui.home
07-05 20:54:58.758 27235 27235 D TaskView: TaskView bind task, task=[TaskKey{id=14147, stackId=0, baseIntent=Intent { act=android.intent.action.MAIN cat=[android.intent.category.LAUNCHER] flg=0x10200000 cmp=work.dynet.developer/.MainActivity }, userId=0, lastActiveTime=29298965621, windowingMode=1, isThumbnailBlur=false, isScreening=false, topActivity=ComponentInfo{work.dynet.developer/work.dynet.developer.MainActivity}, mHashCode=422376829}, title=dydev, titleDescription=dydev, bounds=null, isLaunchTarget=true, isStackTask=true, isSystemApp=false, isDockable=true, baseActivity=ComponentInfo{work.dynet.developer/work.dynet.developer.MainActivity}, isLocked=false, isAccessLocked=false, mNeedHide=false] , isLock=false
07-05 20:54:58.758 27235 27235 D TaskViewThumbnail: updateThumbnailScale, t=[TaskKey{id=14147, stackId=0, baseIntent=Intent { act=android.intent.action.MAIN cat=[android.intent.category.LAUNCHER] flg=0x10200000 cmp=work.dynet.developer/.MainActivity }, userId=0, lastActiveTime=29298965621, windowingMode=1, isThumbnailBlur=false, isScreening=false, topActivity=ComponentInfo{work.dynet.developer/work.dynet.developer.MainActivity}, mHashCode=422376829}, title=dydev, titleDescription=dydev, bounds=null, isLaunchTarget=true, isStackTask=true, isSystemApp=false, isDockable=true, baseActivity=ComponentInfo{work.dynet.developer/work.dynet.developer.MainActivity}, isLocked=false, isAccessLocked=false, mNeedHide=false] , mThumbnailBitmapSizeAfterScaled=(469, 959)
07-05 20:54:58.758 27235 27235 D TaskView: TaskView bind task, task=[TaskKey{id=14147, stackId=0, baseIntent=Intent { act=android.intent.action.MAIN cat=[android.intent.category.LAUNCHER] flg=0x10200000 cmp=work.dynet.developer/.MainActivity }, userId=0, lastActiveTime=29298965621, windowingMode=1, isThumbnailBlur=false, isScreening=false, topActivity=ComponentInfo{work.dynet.developer/work.dynet.developer.MainActivity}, mHashCode=422376829}, title=dydev, titleDescription=dydev, bounds=null, isLaunchTarget=true, isStackTask=true, isSystemApp=false, isDockable=true, baseActivity=ComponentInfo{work.dynet.developer/work.dynet.developer.MainActivity}, isLocked=false, isAccessLocked=false, mNeedHide=false] , isLock=false
07-05 20:54:58.758 27235 27235 D TaskViewThumbnail: updateThumbnailScale, t=[TaskKey{id=14147, stackId=0, baseIntent=Intent { act=android.intent.action.MAIN cat=[android.intent.category.LAUNCHER] flg=0x10200000 cmp=work.dynet.developer/.MainActivity }, userId=0, lastActiveTime=29298965621, windowingMode=1, isThumbnailBlur=false, isScreening=false, topActivity=ComponentInfo{work.dynet.developer/work.dynet.developer.MainActivity}, mHashCode=422376829}, title=dydev, titleDescription=dydev, bounds=null, isLaunchTarget=true, isStackTask=true, isSystemApp=false, isDockable=true, baseActivity=ComponentInfo{work.dynet.developer/work.dynet.developer.MainActivity}, isLocked=false, isAccessLocked=false, mNeedHide=false] , mThumbnailBitmapSizeAfterScaled=(469, 959)
07-05 20:54:59.637 26590 28910 I PowerHalWrapper: amsBoostNotify pid:10457,activity:com.termux.app.TermuxActivity, package:com.termux, mProcessCreatePackwork.dynet.developer 
07-05 20:54:59.645 26590 28910 I PowerHalWrapper: amsBoostNotify pid:27235,activity:com.miui.home.launcher.Launcher, package:com.miui.home, mProcessCreatePackwork.dynet.developer 
07-05 20:54:59.848 27235 27605 E ActivityManagerWrapper: getRecentTasks: taskId=14147   userId=0   baseIntent=Intent { act=android.intent.action.MAIN flag=270532608 cmp=ComponentInfo{work.dynet.developer/work.dynet.developer.MainActivity} }
