07-05 20:50:17.834 29009 29009 D AppLifecycleObserver: onReceive: work.dynet.developer DESTROY
07-05 20:50:17.837 29009 29009 D PkgUtils: getApplicationInfo packageName:work.dynet.developer, flags:128 applicationInfo:ApplicationInfo{82d9358 work.dynet.developer} needSecondSpace:false
07-05 20:50:17.847   760   837 I libPowerHal: [perfNotifyAppState] pack:work.dynet.developer, act:work.dynet.developer, state:3, pid:8716, uid:10923, fps:-1
07-05 20:50:17.847   760   837 I libPowerHal: [perfNotifyAppState] pack:work.dynet.developer, pid:8716, STATE_DEAD
07-05 20:50:17.852 26590 28945 D WindowManager: setParent old=ActivityRecord{1e7c61a u0 work.dynet.developer/.MainActivity t14142 f}},new=null,this window=Window{2ac29e6 u0 Splash Screen work.dynet.developer},callers=com.android.server.wm.WindowContainer.removeChild:613 com.android.server.wm.ActivityRecord.removeChild:4232 com.android.server.wm.ActivityRecord.removeChild:417 com.android.server.wm.WindowContainer.removeImmediately:665 com.android.server.wm.WindowState.removeImmediately:2523 com.android.server.wm.WindowState.destroySurface:3712 
07-05 20:50:17.852 26590 28945 W InputManager-JNI: Input channel object '2ac29e6 Splash Screen work.dynet.developer (client)' was disposed without first being removed with the input manager!
07-05 20:50:17.859 26590 28945 D WindowManager: setParent old=Task{27754b #14142 type=standard I=work.dynet.developer/.MainActivity U=0 visible=false mode=fullscreen translucent=true sz=0},new=null,this window=ActivityRecord{1e7c61a u0 work.dynet.developer/.MainActivity t14142 f}},callers=com.android.server.wm.WindowContainer.removeChild:613 com.android.server.wm.Task.removeChild:1895 com.android.server.wm.Task.removeChild:1876 com.android.server.wm.WindowContainer.removeImmediately:665 com.android.server.wm.WindowToken.removeImmediately:363 com.android.server.wm.ActivityRecord.removeImmediately:4049 
07-05 20:50:17.860 26590 28945 D WindowManager: setParent old=DefaultTaskDisplayArea@199727272,new=null,this window=Task{27754b #14142 type=standard I=work.dynet.developer/.MainActivity U=0 visible=true mode=fullscreen translucent=true sz=0},callers=com.android.server.wm.WindowContainer.removeChild:613 com.android.server.wm.TaskDisplayArea.removeChildTask:402 com.android.server.wm.TaskDisplayArea.removeChild:393 com.android.server.wm.WindowContainer.removeImmediately:665 com.android.server.wm.Task.removeImmediately:3694 com.android.server.wm.Task.removeIfPossible:1085 
07-05 20:50:17.885 27235 29684 D AppObserver: ForegroundInfo{mForegroundPackageName='com.miui.home', mForegroundUid=10087, mForegroundPid=27235, mLastForegroundPackageName='work.dynet.developer', mLastForegroundUid=10923, mLastForegroundPid=8716, mMultiWindowForegroundPackageName='com.miui.home', mMultiWindowForegroundUid=10087, mFlags=0}
07-05 20:50:17.885 30837 31823 D PerfEngineController: ForegroundInfo{mForegroundPackageName='com.miui.home', mForegroundUid=10087, mForegroundPid=27235, mLastForegroundPackageName='work.dynet.developer', mLastForegroundUid=10923, mLastForegroundPid=8716, mMultiWindowForegroundPackageName='com.miui.home', mMultiWindowForegroundUid=10087, mFlags=0}
07-05 20:50:17.885 27986 23592 I ProcessMonitor: onForegroundInfoChanged: ForegroundInfo{mForegroundPackageName='com.miui.home', mForegroundUid=10087, mForegroundPid=27235, mLastForegroundPackageName='work.dynet.developer', mLastForegroundUid=10923, mLastForegroundPid=8716, mMultiWindowForegroundPackageName='com.miui.home', mMultiWindowForegroundUid=10087, mFlags=0}
07-05 20:50:17.886 27986 23592 I GameBoosterService: onForegroundInfoChanged: Cur=com.miui.home	 last=work.dynet.developer
07-05 20:50:17.886  3830  3844 I GST     : forePkg: com.miui.home, preForePkg: work.dynet.developer
07-05 20:50:17.886 30837 31207 I ThermalInfoCollector: collectForgroundAppsInfo: work.dynet.developer
07-05 20:50:17.894 27986 23592 D GameBoosterService: onGameStatusChange foreground:ForegroundInfo{mForegroundPackageName='com.miui.home', mForegroundUid=10087, mForegroundPid=27235, mLastForegroundPackageName='work.dynet.developer', mLastForegroundUid=10923, mLastForegroundPid=8716, mMultiWindowForegroundPackageName='com.miui.home', mMultiWindowForegroundUid=10087, mFlags=0}
07-05 20:50:18.160 27235 27235 D Launcher.CellLayout: touch item:ShortcutInfo, id=1082, itemType=0, user=UserHandle{0}, mIconType=0, pkgName=work.dynet.developer, className=work.dynet.developer.MainActivity, screenId=3, container=-100, cellX=1, cellY=4, spanX=1, spanY=1
07-05 20:50:18.183   852   852 I BufferQueueDebug: [Splash Screen work.dynet.developer#0](this:0xb400007424136100,id:-1,api:0,p:-1,c:852) onDestructor()
07-05 20:50:18.221 26590 27366 I ActivityTaskManager: START u0 {act=android.intent.action.MAIN cat=[android.intent.category.LAUNCHER] flg=0x10200000 cmp=work.dynet.developer/.MainActivity bnds=[330,1353][502,1525] (has extras)} from uid 10087 from pid 27235 callingPackage com.miui.home
07-05 20:50:18.252 26590 28072 I PowerHalWrapper: amsBoostNotify pid:27235,activity:com.miui.home.launcher.Launcher, package:com.miui.home, mProcessCreatePackwork.dynet.developer 
07-05 20:50:18.253   852  1740 E BufferQueueDebug: [Splash Screen work.dynet.developer#0](this:0xb400007424139900,id:-1,api:0,p:-1,c:-1) id info cannot be read from 'Splash Screen work.dynet.developer#0'
07-05 20:50:18.254   852  1740 I BufferQueueDebug: [Splash Screen work.dynet.developer#0](this:0xb400007424139900,id:-1,api:0,p:-1,c:-1) BufferQueue core=(852:/system/bin/surfaceflinger)
07-05 20:50:18.261 26590 26611 I PowerHalWrapper: amsBoostProcessCreate package:work.dynet.developer 
07-05 20:50:18.261 26590 26611 D SBE-LaunchIdentify: SBE boost:work.dynet.developer begin
07-05 20:50:18.268 26590 26611 W ActivityTaskManager: Activity top resumed state loss timeout for ActivityRecord{1e7c61a u0 work.dynet.developer/.MainActivity t-1 f}}
07-05 20:50:18.276 26590 26630 I ActivityManager: Start proc 8745:work.dynet.developer/u0a923 for pre-top-activity {work.dynet.developer/work.dynet.developer.MainActivity} caller=others
07-05 20:50:18.311 26590 26940 I PowerHalWrapper: amsBoostNotify pid:8745,activity:work.dynet.developer.MainActivity, package:work.dynet.developer, mProcessCreatePackwork.dynet.developer 
07-05 20:50:18.311   760   837 I libPowerHal: [perfNotifyAppState] pack:work.dynet.developer, act:work.dynet.developer.MainActivity, state:1, pid:8745, uid:10923, fps:-1
07-05 20:50:18.322 29009 29009 D AppLifecycleObserver: onReceive: work.dynet.developer FOREGROUND
07-05 20:50:18.322 29009 29009 I GameEventTag: notify failed, pkg=work.dynet.developer event=3 version not match
07-05 20:50:18.322 27235 29684 D AppObserver: ForegroundInfo{mForegroundPackageName='work.dynet.developer', mForegroundUid=10923, mForegroundPid=8745, mLastForegroundPackageName='com.miui.home', mLastForegroundUid=10087, mLastForegroundPid=27235, mMultiWindowForegroundPackageName='work.dynet.developer', mMultiWindowForegroundUid=10923, mFlags=1}
07-05 20:50:18.320 28133  2251 W MQSService: CallerName:work.dynet.developer,calling Uid:10923
07-05 20:50:18.322 30837 31823 D PerfEngineController: ForegroundInfo{mForegroundPackageName='work.dynet.developer', mForegroundUid=10923, mForegroundPid=8745, mLastForegroundPackageName='com.miui.home', mLastForegroundUid=10087, mLastForegroundPid=27235, mMultiWindowForegroundPackageName='work.dynet.developer', mMultiWindowForegroundUid=10923, mFlags=1}
07-05 20:50:18.322 28133  2251 D MQSService: registerApplicationScoutThread pid = 8745, packageName = work.dynet.developer
07-05 20:50:18.322 27986 29755 I ProcessMonitor: onForegroundInfoChanged: ForegroundInfo{mForegroundPackageName='work.dynet.developer', mForegroundUid=10923, mForegroundPid=8745, mLastForegroundPackageName='com.miui.home', mLastForegroundUid=10087, mLastForegroundPid=27235, mMultiWindowForegroundPackageName='work.dynet.developer', mMultiWindowForegroundUid=10923, mFlags=1}
07-05 20:50:18.323  3830  3844 I GST     : forePkg: work.dynet.developer, preForePkg: com.miui.home
07-05 20:50:18.323 29009 29009 D PkgUtils: getApplicationInfo packageName:work.dynet.developer, flags:128 applicationInfo:ApplicationInfo{82d9358 work.dynet.developer} needSecondSpace:false
07-05 20:50:18.323 30837 31306 D LS-ForegroundStatusManager: handleMessage ForegroundInfoChanged. pkg = work.dynet.developer, uid = 10923, mCurrentForegroundUid = 10087
07-05 20:50:18.323 27986 29755 I GameBoosterService: onForegroundInfoChanged: Cur=work.dynet.developer	 last=com.miui.home
07-05 20:50:18.324 27986 29755 D GameBoosterService: onGameStatusChange foreground:ForegroundInfo{mForegroundPackageName='work.dynet.developer', mForegroundUid=10923, mForegroundPid=8745, mLastForegroundPackageName='com.miui.home', mLastForegroundUid=10087, mLastForegroundPid=27235, mMultiWindowForegroundPackageName='work.dynet.developer', mMultiWindowForegroundUid=10923, mFlags=1}
07-05 20:50:18.325 27986 30736 E SuggestManager: openApp name = work.dynet.developer
07-05 20:50:18.344  8745  8745 V GraphicsEnvironment: ANGLE Developer option for 'work.dynet.developer' set to: 'default'
07-05 20:50:18.348  8745  8745 I ForceDarkHelperStubImpl: initialize for work.dynet.developer , ForceDarkOrigin
07-05 20:50:18.353 27235 27605 W RecentsModel: getRunningTask   taskInfo=TaskInfo{userId=0 taskId=14143 displayId=0 isRunning=true baseIntent=Intent { act=android.intent.action.MAIN cat=[android.intent.category.LAUNCHER] flg=0x10200000 cmp=work.dynet.developer/.MainActivity } baseActivity=ComponentInfo{work.dynet.developer/work.dynet.developer.MainActivity} topActivity=ComponentInfo{work.dynet.developer/work.dynet.developer.MainActivity} origActivity=null realActivity=ComponentInfo{work.dynet.developer/work.dynet.developer.MainActivity} numActivities=1 lastActiveTime=29298686335 supportsSplitScreenMultiWindow=true supportsMultiWindow=true resizeMode=1 isResizeable=true token=WCT{android.window.IWindowContainerToken$Stub$Proxy@444a776} topActivityType=1 pictureInPictureParams=PictureInPictureParams( aspectRatio=null sourceRectHint=null hasSetActions=false isAutoPipEnabled=false isSeamlessResizeEnabled=true) displayCutoutSafeInsets=Rect(0, 99 - 0, 0) topActivityInfo=ActivityInfo{7857177 work.dynet.developer.MainActivity} launchCookies=[] positionInParent=Point(0, 0) parentTaskId=-1 isFocused=false isVisible=true topActivityInSizeCompat=false locusId= null windowMode=0}
07-05 20:50:18.353 27235 27605 W RecentsModel: getTaskInfoIgnoreHomeAndFreeform   taskInfo=ComponentInfo{work.dynet.developer/work.dynet.developer.MainActivity}
07-05 20:50:18.356 27235 27605 E ActivityManagerWrapper: getRecentTasks: taskId=14143   userId=0   baseIntent=Intent { act=android.intent.action.MAIN flag=270532608 cmp=ComponentInfo{work.dynet.developer/work.dynet.developer.MainActivity} }
07-05 20:50:18.391  8745  8765 D libMEOW : applied 0 plugin for [work.dynet.developer].
07-05 20:50:18.392  8745  8745 E AndroidRuntime: Process: work.dynet.developer, PID: 8745
07-05 20:50:18.392  8745  8745 E AndroidRuntime: java.lang.RuntimeException: Unable to instantiate activity ComponentInfo{work.dynet.developer/work.dynet.developer.MainActivity}: java.lang.ClassNotFoundException: Didn't find class "work.dynet.developer.MainActivity" on path: DexPathList[[zip file "/data/app/~~NRuCeHs87QVAqZI8u8MQgQ==/work.dynet.developer-DY226kcHQeA9-wMgTAi1lA==/base.apk"],nativeLibraryDirectories=[/data/app/~~NRuCeHs87QVAqZI8u8MQgQ==/work.dynet.developer-DY226kcHQeA9-wMgTAi1lA==/lib/arm64, /data/app/~~NRuCeHs87QVAqZI8u8MQgQ==/work.dynet.developer-DY226kcHQeA9-wMgTAi1lA==/base.apk!/lib/arm64-v8a, /system/lib64, /system/system_ext/lib64]]
07-05 20:50:18.392  8745  8745 E AndroidRuntime: Caused by: java.lang.ClassNotFoundException: Didn't find class "work.dynet.developer.MainActivity" on path: DexPathList[[zip file "/data/app/~~NRuCeHs87QVAqZI8u8MQgQ==/work.dynet.developer-DY226kcHQeA9-wMgTAi1lA==/base.apk"],nativeLibraryDirectories=[/data/app/~~NRuCeHs87QVAqZI8u8MQgQ==/work.dynet.developer-DY226kcHQeA9-wMgTAi1lA==/lib/arm64, /data/app/~~NRuCeHs87QVAqZI8u8MQgQ==/work.dynet.developer-DY226kcHQeA9-wMgTAi1lA==/base.apk!/lib/arm64-v8a, /system/lib64, /system/system_ext/lib64]]
07-05 20:50:18.398   760   837 I libPowerHal: [perfNotifyAppState] pack:work.dynet.developer, act:work.dynet.developer, state:3, pid:8745, uid:10923, fps:-1
07-05 20:50:18.398   760   837 I libPowerHal: [perfNotifyAppState] pack:work.dynet.developer, pid:8745, STATE_DEAD
07-05 20:50:18.401 26590 26940 W ActivityTaskManager:   Force finishing activity work.dynet.developer/.MainActivity
07-05 20:50:18.406   852   852 I SurfaceFlinger: operator()(), mtkRenderCntDebug 67277928, screenshot (Splash Screen work.dynet.developer#0)
07-05 20:50:18.412 28133 28322 D DigestGenerator: digest=============work.dynet.developerjava.lang.RuntimeException: Unable to instantiate activity ComponentInfo{work.dynet.developer/work.dynet.developer.MainActivity}: java.lang.ClassNotFoundException: Didn't find class "work.dynet.developer.MainActivity" on path: DexPathList[[zip file "XXbase.apk!/lib/arm-va, /system/lib /system/system_ext/lib]]
07-05 20:50:18.412 28133 28322 D DigestGenerator: Caused by: java.lang.ClassNotFoundException: Didn't find class "work.dynet.developer.MainActivity" on path: DexPathList[[zip file "XXbase.apk!/lib/arm-va, /system/lib /system/system_ext/lib]]
07-05 20:50:18.427 26590 27366 I ActivityManager: Process work.dynet.developer (pid 8745) has died: fg  TOP 
07-05 20:50:18.430   760   837 I libPowerHal: [perfNotifyAppState] pack:work.dynet.developer, act:work.dynet.developer, state:3, pid:8745, uid:10923, fps:-1
07-05 20:50:18.430   760   837 I libPowerHal: [perfNotifyAppState] pack:work.dynet.developer, pid:8745, STATE_DEAD
07-05 20:50:18.431 29009 29009 D AppLifecycleObserver: onReceive: work.dynet.developer DESTROY
07-05 20:50:18.433 29009 29009 D PkgUtils: getApplicationInfo packageName:work.dynet.developer, flags:128 applicationInfo:ApplicationInfo{82d9358 work.dynet.developer} needSecondSpace:false
07-05 20:50:18.458 27235 29684 D AppObserver: ForegroundInfo{mForegroundPackageName='com.miui.home', mForegroundUid=10087, mForegroundPid=27235, mLastForegroundPackageName='work.dynet.developer', mLastForegroundUid=10923, mLastForegroundPid=8745, mMultiWindowForegroundPackageName='com.miui.home', mMultiWindowForegroundUid=10087, mFlags=0}
07-05 20:50:18.459  3830  3844 I GST     : forePkg: com.miui.home, preForePkg: work.dynet.developer
07-05 20:50:18.459 27986 13113 I ProcessMonitor: onForegroundInfoChanged: ForegroundInfo{mForegroundPackageName='com.miui.home', mForegroundUid=10087, mForegroundPid=27235, mLastForegroundPackageName='work.dynet.developer', mLastForegroundUid=10923, mLastForegroundPid=8745, mMultiWindowForegroundPackageName='com.miui.home', mMultiWindowForegroundUid=10087, mFlags=0}
07-05 20:50:18.460 30837 31207 I ThermalInfoCollector: collectForgroundAppsInfo: work.dynet.developer
07-05 20:50:18.461 30837 30854 D PerfEngineController: ForegroundInfo{mForegroundPackageName='com.miui.home', mForegroundUid=10087, mForegroundPid=27235, mLastForegroundPackageName='work.dynet.developer', mLastForegroundUid=10923, mLastForegroundPid=8745, mMultiWindowForegroundPackageName='com.miui.home', mMultiWindowForegroundUid=10087, mFlags=0}
07-05 20:50:18.461 27986 13113 I GameBoosterService: onForegroundInfoChanged: Cur=com.miui.home	 last=work.dynet.developer
07-05 20:50:18.463 27986 13113 D GameBoosterService: onGameStatusChange foreground:ForegroundInfo{mForegroundPackageName='com.miui.home', mForegroundUid=10087, mForegroundPid=27235, mLastForegroundPackageName='work.dynet.developer', mLastForegroundUid=10923, mLastForegroundPid=8745, mMultiWindowForegroundPackageName='com.miui.home', mMultiWindowForegroundUid=10087, mFlags=0}
07-05 20:50:18.472 26590 28074 D WindowManager: setParent old=ActivityRecord{70b821d u0 work.dynet.developer/.MainActivity t14143 f} isExiting},new=null,this window=Window{6632319 u0 Splash Screen work.dynet.developer},callers=com.android.server.wm.WindowContainer.removeChild:613 com.android.server.wm.ActivityRecord.removeChild:4232 com.android.server.wm.ActivityRecord.removeChild:417 com.android.server.wm.WindowContainer.removeImmediately:665 com.android.server.wm.WindowState.removeImmediately:2523 com.android.server.wm.WindowState.destroySurface:3712 
07-05 20:50:18.472 26590 28074 W InputManager-JNI: Input channel object '6632319 Splash Screen work.dynet.developer (client)' was disposed without first being removed with the input manager!
07-05 20:50:18.494 26590 26612 D WindowManager: setParent old=Task{f96c92 #14143 type=standard I=work.dynet.developer/.MainActivity U=0 visible=false mode=fullscreen translucent=true sz=0},new=null,this window=ActivityRecord{70b821d u0 work.dynet.developer/.MainActivity t14143 f}},callers=com.android.server.wm.WindowContainer.removeChild:613 com.android.server.wm.Task.removeChild:1895 com.android.server.wm.Task.removeChild:1876 com.android.server.wm.WindowContainer.removeImmediately:665 com.android.server.wm.WindowToken.removeImmediately:363 com.android.server.wm.ActivityRecord.removeImmediately:4049 
07-05 20:50:18.496 26590 26612 D WindowManager: setParent old=DefaultTaskDisplayArea@199727272,new=null,this window=Task{f96c92 #14143 type=standard I=work.dynet.developer/.MainActivity U=0 visible=false mode=fullscreen translucent=true sz=0},callers=com.android.server.wm.WindowContainer.removeChild:613 com.android.server.wm.TaskDisplayArea.removeChildTask:402 com.android.server.wm.TaskDisplayArea.removeChild:393 com.android.server.wm.WindowContainer.removeImmediately:665 com.android.server.wm.Task.removeImmediately:3694 com.android.server.wm.Task.removeIfPossible:1085 
07-05 20:50:18.745   852   852 I BufferQueueDebug: [Splash Screen work.dynet.developer#0](this:0xb400007424139900,id:-1,api:0,p:-1,c:852) onDestructor()
07-05 20:50:18.903 26590 26611 W ActivityTaskManager: Activity top resumed state loss timeout for ActivityRecord{70b821d u0 work.dynet.developer/.MainActivity t-1 f}}
07-05 20:50:18.903 26590 26611 I PowerHalWrapper: amsBoostNotify pid:27235,activity:com.miui.home.launcher.Launcher, package:com.miui.home, mProcessCreatePackwork.dynet.developer 
07-05 20:50:18.904   760   787 I mtkpower@impl: [notifyAppState] pc:0, work.dynet.developer => com.miui.home
07-05 20:50:20.161 27235 27605 E ActivityManagerWrapper: getRecentTasks: taskId=14143   userId=0   baseIntent=Intent { act=android.intent.action.MAIN flag=270532608 cmp=ComponentInfo{work.dynet.developer/work.dynet.developer.MainActivity} }
07-05 20:51:01.098 27235 27235 D TaskView: TaskView bind task, task=[TaskKey{id=14143, stackId=0, baseIntent=Intent { act=android.intent.action.MAIN cat=[android.intent.category.LAUNCHER] flg=0x10200000 cmp=work.dynet.developer/.MainActivity }, userId=0, lastActiveTime=29298686393, windowingMode=1, isThumbnailBlur=false, isScreening=false, topActivity=null, mHashCode=422257665}, title=dydev, titleDescription=dydev, bounds=null, isLaunchTarget=false, isStackTask=true, isSystemApp=false, isDockable=true, baseActivity=null, isLocked=false, isAccessLocked=false, mNeedHide=false] , isLock=false
07-05 20:51:01.098 27235 27235 D TaskViewThumbnail: updateThumbnailScale, t=[TaskKey{id=14143, stackId=0, baseIntent=Intent { act=android.intent.action.MAIN cat=[android.intent.category.LAUNCHER] flg=0x10200000 cmp=work.dynet.developer/.MainActivity }, userId=0, lastActiveTime=29298686393, windowingMode=1, isThumbnailBlur=false, isScreening=false, topActivity=null, mHashCode=422257665}, title=dydev, titleDescription=dydev, bounds=null, isLaunchTarget=false, isStackTask=true, isSystemApp=false, isDockable=true, baseActivity=null, isLocked=false, isAccessLocked=false, mNeedHide=false] , mThumbnailBitmapSizeAfterScaled=(469, 959)
07-05 20:51:01.099 27235 27235 D TaskView: TaskView bind task, task=[TaskKey{id=14143, stackId=0, baseIntent=Intent { act=android.intent.action.MAIN cat=[android.intent.category.LAUNCHER] flg=0x10200000 cmp=work.dynet.developer/.MainActivity }, userId=0, lastActiveTime=29298686393, windowingMode=1, isThumbnailBlur=false, isScreening=false, topActivity=null, mHashCode=422257665}, title=dydev, titleDescription=dydev, bounds=null, isLaunchTarget=false, isStackTask=true, isSystemApp=false, isDockable=true, baseActivity=null, isLocked=false, isAccessLocked=false, mNeedHide=false] , isLock=false
07-05 20:51:01.099 27235 27235 D TaskViewThumbnail: updateThumbnailScale, t=[TaskKey{id=14143, stackId=0, baseIntent=Intent { act=android.intent.action.MAIN cat=[android.intent.category.LAUNCHER] flg=0x10200000 cmp=work.dynet.developer/.MainActivity }, userId=0, lastActiveTime=29298686393, windowingMode=1, isThumbnailBlur=false, isScreening=false, topActivity=null, mHashCode=422257665}, title=dydev, titleDescription=dydev, bounds=null, isLaunchTarget=false, isStackTask=true, isSystemApp=false, isDockable=true, baseActivity=null, isLocked=false, isAccessLocked=false, mNeedHide=false] , mThumbnailBitmapSizeAfterScaled=(469, 959)
07-05 20:51:01.104 27235 27235 D TaskView: TaskView bind task, task=[TaskKey{id=14143, stackId=0, baseIntent=Intent { act=android.intent.action.MAIN cat=[android.intent.category.LAUNCHER] flg=0x10200000 cmp=work.dynet.developer/.MainActivity }, userId=0, lastActiveTime=29298686393, windowingMode=1, isThumbnailBlur=false, isScreening=false, topActivity=null, mHashCode=422257665}, title=dydev, titleDescription=dydev, bounds=null, isLaunchTarget=false, isStackTask=true, isSystemApp=false, isDockable=true, baseActivity=null, isLocked=false, isAccessLocked=false, mNeedHide=false] , isLock=false
07-05 20:51:01.104 27235 27235 D TaskViewThumbnail: updateThumbnailScale, t=[TaskKey{id=14143, stackId=0, baseIntent=Intent { act=android.intent.action.MAIN cat=[android.intent.category.LAUNCHER] flg=0x10200000 cmp=work.dynet.developer/.MainActivity }, userId=0, lastActiveTime=29298686393, windowingMode=1, isThumbnailBlur=false, isScreening=false, topActivity=null, mHashCode=422257665}, title=dydev, titleDescription=dydev, bounds=null, isLaunchTarget=false, isStackTask=true, isSystemApp=false, isDockable=true, baseActivity=null, isLocked=false, isAccessLocked=false, mNeedHide=false] , mThumbnailBitmapSizeAfterScaled=(469, 959)
07-05 20:51:01.161 27235 27235 D TaskView: TaskView bind task, task=[TaskKey{id=14143, stackId=0, baseIntent=Intent { act=android.intent.action.MAIN cat=[android.intent.category.LAUNCHER] flg=0x10200000 cmp=work.dynet.developer/.MainActivity }, userId=0, lastActiveTime=29298686393, windowingMode=1, isThumbnailBlur=false, isScreening=false, topActivity=null, mHashCode=422257665}, title=dydev, titleDescription=dydev, bounds=null, isLaunchTarget=false, isStackTask=true, isSystemApp=false, isDockable=true, baseActivity=null, isLocked=false, isAccessLocked=false, mNeedHide=false] , isLock=false
07-05 20:51:01.161 27235 27235 D TaskViewThumbnail: updateThumbnailScale, t=[TaskKey{id=14143, stackId=0, baseIntent=Intent { act=android.intent.action.MAIN cat=[android.intent.category.LAUNCHER] flg=0x10200000 cmp=work.dynet.developer/.MainActivity }, userId=0, lastActiveTime=29298686393, windowingMode=1, isThumbnailBlur=false, isScreening=false, topActivity=null, mHashCode=422257665}, title=dydev, titleDescription=dydev, bounds=null, isLaunchTarget=false, isStackTask=true, isSystemApp=false, isDockable=true, baseActivity=null, isLocked=false, isAccessLocked=false, mNeedHide=false] , mThumbnailBitmapSizeAfterScaled=(469, 959)
07-05 20:51:01.259 27235 27605 E ActivityManagerWrapper: getRecentTasks: taskId=14143   userId=0   baseIntent=Intent { act=android.intent.action.MAIN flag=270532608 cmp=ComponentInfo{work.dynet.developer/work.dynet.developer.MainActivity} }
07-05 20:51:01.974 27235 27235 D TaskViewThumbnail: updateThumbnailScale, t=[TaskKey{id=14143, stackId=0, baseIntent=Intent { act=android.intent.action.MAIN cat=[android.intent.category.LAUNCHER] flg=0x10200000 cmp=work.dynet.developer/.MainActivity }, userId=0, lastActiveTime=29298686393, windowingMode=1, isThumbnailBlur=false, isScreening=false, topActivity=null, mHashCode=422257665}, title=dydev, titleDescription=dydev, bounds=null, isLaunchTarget=false, isStackTask=true, isSystemApp=false, isDockable=true, baseActivity=null, isLocked=false, isAccessLocked=false, mNeedHide=false] , mThumbnailBitmapSizeAfterScaled=(468, 959)
07-05 20:51:01.991 27235 27235 D TaskViewThumbnail: updateThumbnailScale, t=[TaskKey{id=14143, stackId=0, baseIntent=Intent { act=android.intent.action.MAIN cat=[android.intent.category.LAUNCHER] flg=0x10200000 cmp=work.dynet.developer/.MainActivity }, userId=0, lastActiveTime=29298686393, windowingMode=1, isThumbnailBlur=false, isScreening=false, topActivity=null, mHashCode=422257665}, title=dydev, titleDescription=dydev, bounds=null, isLaunchTarget=false, isStackTask=true, isSystemApp=false, isDockable=true, baseActivity=null, isLocked=false, isAccessLocked=false, mNeedHide=false] , mThumbnailBitmapSizeAfterScaled=(469, 959)
07-05 20:51:02.007 27235 27235 D TaskViewThumbnail: updateThumbnailScale, t=[TaskKey{id=14143, stackId=0, baseIntent=Intent { act=android.intent.action.MAIN cat=[android.intent.category.LAUNCHER] flg=0x10200000 cmp=work.dynet.developer/.MainActivity }, userId=0, lastActiveTime=29298686393, windowingMode=1, isThumbnailBlur=false, isScreening=false, topActivity=null, mHashCode=422257665}, title=dydev, titleDescription=dydev, bounds=null, isLaunchTarget=false, isStackTask=true, isSystemApp=false, isDockable=true, baseActivity=null, isLocked=false, isAccessLocked=false, mNeedHide=false] , mThumbnailBitmapSizeAfterScaled=(468, 959)
07-05 20:51:02.024 27235 27235 D TaskViewThumbnail: updateThumbnailScale, t=[TaskKey{id=14143, stackId=0, baseIntent=Intent { act=android.intent.action.MAIN cat=[android.intent.category.LAUNCHER] flg=0x10200000 cmp=work.dynet.developer/.MainActivity }, userId=0, lastActiveTime=29298686393, windowingMode=1, isThumbnailBlur=false, isScreening=false, topActivity=null, mHashCode=422257665}, title=dydev, titleDescription=dydev, bounds=null, isLaunchTarget=false, isStackTask=true, isSystemApp=false, isDockable=true, baseActivity=null, isLocked=false, isAccessLocked=false, mNeedHide=false] , mThumbnailBitmapSizeAfterScaled=(469, 959)
07-05 20:51:02.057 27235 27235 D TaskViewThumbnail: updateThumbnailScale, t=[TaskKey{id=14143, stackId=0, baseIntent=Intent { act=android.intent.action.MAIN cat=[android.intent.category.LAUNCHER] flg=0x10200000 cmp=work.dynet.developer/.MainActivity }, userId=0, lastActiveTime=29298686393, windowingMode=1, isThumbnailBlur=false, isScreening=false, topActivity=null, mHashCode=422257665}, title=dydev, titleDescription=dydev, bounds=null, isLaunchTarget=false, isStackTask=true, isSystemApp=false, isDockable=true, baseActivity=null, isLocked=false, isAccessLocked=false, mNeedHide=false] , mThumbnailBitmapSizeAfterScaled=(468, 959)
07-05 20:51:02.073 27235 27235 D TaskViewThumbnail: updateThumbnailScale, t=[TaskKey{id=14143, stackId=0, baseIntent=Intent { act=android.intent.action.MAIN cat=[android.intent.category.LAUNCHER] flg=0x10200000 cmp=work.dynet.developer/.MainActivity }, userId=0, lastActiveTime=29298686393, windowingMode=1, isThumbnailBlur=false, isScreening=false, topActivity=null, mHashCode=422257665}, title=dydev, titleDescription=dydev, bounds=null, isLaunchTarget=false, isStackTask=true, isSystemApp=false, isDockable=true, baseActivity=null, isLocked=false, isAccessLocked=false, mNeedHide=false] , mThumbnailBitmapSizeAfterScaled=(469, 959)
07-05 20:51:02.263 27235 27605 E ActivityManagerWrapper: getRecentTasks: taskId=14143   userId=0   baseIntent=Intent { act=android.intent.action.MAIN flag=270532608 cmp=ComponentInfo{work.dynet.developer/work.dynet.developer.MainActivity} }
07-05 20:51:03.114 27235 27235 D TaskView: TaskView bind task, task=[TaskKey{id=14143, stackId=0, baseIntent=Intent { act=android.intent.action.MAIN cat=[android.intent.category.LAUNCHER] flg=0x10200000 cmp=work.dynet.developer/.MainActivity }, userId=0, lastActiveTime=29298686393, windowingMode=1, isThumbnailBlur=false, isScreening=false, topActivity=null, mHashCode=422257665}, title=dydev, titleDescription=dydev, bounds=null, isLaunchTarget=false, isStackTask=true, isSystemApp=false, isDockable=true, baseActivity=null, isLocked=false, isAccessLocked=false, mNeedHide=false] , isLock=false
07-05 20:51:03.147 27235 27235 D TaskViewThumbnail: updateThumbnailScale, t=[TaskKey{id=14143, stackId=0, baseIntent=Intent { act=android.intent.action.MAIN cat=[android.intent.category.LAUNCHER] flg=0x10200000 cmp=work.dynet.developer/.MainActivity }, userId=0, lastActiveTime=29298686393, windowingMode=1, isThumbnailBlur=false, isScreening=false, topActivity=null, mHashCode=422257665}, title=dydev, titleDescription=dydev, bounds=null, isLaunchTarget=false, isStackTask=true, isSystemApp=false, isDockable=true, baseActivity=null, isLocked=false, isAccessLocked=false, mNeedHide=false] , mThumbnailBitmapSizeAfterScaled=(469, 959)
07-05 20:51:04.886 27235 27235 D TaskView: TaskView bind task, task=[TaskKey{id=14143, stackId=0, baseIntent=Intent { act=android.intent.action.MAIN cat=[android.intent.category.LAUNCHER] flg=0x10200000 cmp=work.dynet.developer/.MainActivity }, userId=0, lastActiveTime=29298686393, windowingMode=1, isThumbnailBlur=false, isScreening=false, topActivity=null, mHashCode=422257665}, title=dydev, titleDescription=dydev, bounds=null, isLaunchTarget=false, isStackTask=true, isSystemApp=false, isDockable=true, baseActivity=null, isLocked=false, isAccessLocked=false, mNeedHide=false] , isLock=false
07-05 20:51:04.886 27235 27235 D TaskViewThumbnail: updateThumbnailScale, t=[TaskKey{id=14143, stackId=0, baseIntent=Intent { act=android.intent.action.MAIN cat=[android.intent.category.LAUNCHER] flg=0x10200000 cmp=work.dynet.developer/.MainActivity }, userId=0, lastActiveTime=29298686393, windowingMode=1, isThumbnailBlur=false, isScreening=false, topActivity=null, mHashCode=422257665}, title=dydev, titleDescription=dydev, bounds=null, isLaunchTarget=false, isStackTask=true, isSystemApp=false, isDockable=true, baseActivity=null, isLocked=false, isAccessLocked=false, mNeedHide=false] , mThumbnailBitmapSizeAfterScaled=(469, 959)
07-05 20:51:04.887 27235 27235 D TaskView: TaskView bind task, task=[TaskKey{id=14143, stackId=0, baseIntent=Intent { act=android.intent.action.MAIN cat=[android.intent.category.LAUNCHER] flg=0x10200000 cmp=work.dynet.developer/.MainActivity }, userId=0, lastActiveTime=29298686393, windowingMode=1, isThumbnailBlur=false, isScreening=false, topActivity=null, mHashCode=422257665}, title=dydev, titleDescription=dydev, bounds=null, isLaunchTarget=false, isStackTask=true, isSystemApp=false, isDockable=true, baseActivity=null, isLocked=false, isAccessLocked=false, mNeedHide=false] , isLock=false
07-05 20:51:04.887 27235 27235 D TaskViewThumbnail: updateThumbnailScale, t=[TaskKey{id=14143, stackId=0, baseIntent=Intent { act=android.intent.action.MAIN cat=[android.intent.category.LAUNCHER] flg=0x10200000 cmp=work.dynet.developer/.MainActivity }, userId=0, lastActiveTime=29298686393, windowingMode=1, isThumbnailBlur=false, isScreening=false, topActivity=null, mHashCode=422257665}, title=dydev, titleDescription=dydev, bounds=null, isLaunchTarget=false, isStackTask=true, isSystemApp=false, isDockable=true, baseActivity=null, isLocked=false, isAccessLocked=false, mNeedHide=false] , mThumbnailBitmapSizeAfterScaled=(469, 959)
07-05 20:51:05.988 27235 27235 D TaskView: TaskView bind task, task=[TaskKey{id=14143, stackId=0, baseIntent=Intent { act=android.intent.action.MAIN cat=[android.intent.category.LAUNCHER] flg=0x10200000 cmp=work.dynet.developer/.MainActivity }, userId=0, lastActiveTime=29298686393, windowingMode=1, isThumbnailBlur=false, isScreening=false, topActivity=null, mHashCode=422257665}, title=dydev, titleDescription=dydev, bounds=null, isLaunchTarget=false, isStackTask=true, isSystemApp=false, isDockable=true, baseActivity=null, isLocked=false, isAccessLocked=false, mNeedHide=false] , isLock=false
07-05 20:51:06.021 27235 27235 D TaskViewThumbnail: updateThumbnailScale, t=[TaskKey{id=14143, stackId=0, baseIntent=Intent { act=android.intent.action.MAIN cat=[android.intent.category.LAUNCHER] flg=0x10200000 cmp=work.dynet.developer/.MainActivity }, userId=0, lastActiveTime=29298686393, windowingMode=1, isThumbnailBlur=false, isScreening=false, topActivity=null, mHashCode=422257665}, title=dydev, titleDescription=dydev, bounds=null, isLaunchTarget=false, isStackTask=true, isSystemApp=false, isDockable=true, baseActivity=null, isLocked=false, isAccessLocked=false, mNeedHide=false] , mThumbnailBitmapSizeAfterScaled=(469, 959)
07-05 20:51:06.678 27235 27605 E ActivityManagerWrapper: getRecentTasks: taskId=14143   userId=0   baseIntent=Intent { act=android.intent.action.MAIN flag=270532608 cmp=ComponentInfo{work.dynet.developer/work.dynet.developer.MainActivity} }
07-05 20:51:07.168 26590 27040 I ActivityTaskManager: START u0 {act=android.intent.action.MAIN cat=[android.intent.category.LAUNCHER] flg=0x10300000 cmp=work.dynet.developer/.MainActivity (has extras)} from uid 10087 from pid -1 callingPackage com.miui.home
07-05 20:51:07.200 26590 26611 I PowerHalWrapper: amsBoostProcessCreate package:work.dynet.developer 
07-05 20:51:07.200 26590 26611 D SBE-LaunchIdentify: SBE boost:work.dynet.developer begin
07-05 20:51:07.203   852   936 E BufferQueueDebug: [Splash Screen work.dynet.developer#0](this:0xb400007423d2c900,id:-1,api:0,p:-1,c:-1) id info cannot be read from 'Splash Screen work.dynet.developer#0'
07-05 20:51:07.203   852   936 I BufferQueueDebug: [Splash Screen work.dynet.developer#0](this:0xb400007423d2c900,id:-1,api:0,p:-1,c:-1) BufferQueue core=(852:/system/bin/surfaceflinger)
07-05 20:51:07.237 26590 26630 I ActivityManager: Start proc 9271:work.dynet.developer/u0a923 for pre-top-activity {work.dynet.developer/work.dynet.developer.MainActivity} caller=others
07-05 20:51:07.269 26590 27040 I PowerHalWrapper: amsBoostNotify pid:9271,activity:work.dynet.developer.MainActivity, package:work.dynet.developer, mProcessCreatePackwork.dynet.developer 
07-05 20:51:07.269   760   837 I libPowerHal: [perfNotifyAppState] pack:work.dynet.developer, act:work.dynet.developer.MainActivity, state:1, pid:9271, uid:10923, fps:60
07-05 20:51:07.269   760   837 I libPowerHal: [perfNotifyAppState] foreground:work.dynet.developer, pid:9271, uid:10923
07-05 20:51:07.270   760   837 I UxUtility: notifyForegroundApp pack:work.dynet.developer, uid:10923
07-05 20:51:07.270   760   787 I mtkpower@impl: [notifyAppState] pc:1, com.miui.home => work.dynet.developer
07-05 20:51:07.273 28133 21962 W MQSService: CallerName:work.dynet.developer,calling Uid:10923
07-05 20:51:07.274 28133 21962 D MQSService: registerApplicationScoutThread pid = 9271, packageName = work.dynet.developer
07-05 20:51:07.288 27235 14595 D AppObserver: ForegroundInfo{mForegroundPackageName='work.dynet.developer', mForegroundUid=10923, mForegroundPid=9271, mLastForegroundPackageName='com.miui.home', mLastForegroundUid=10087, mLastForegroundPid=27235, mMultiWindowForegroundPackageName='work.dynet.developer', mMultiWindowForegroundUid=10923, mFlags=1}
07-05 20:51:07.288 30837 31823 D PerfEngineController: ForegroundInfo{mForegroundPackageName='work.dynet.developer', mForegroundUid=10923, mForegroundPid=9271, mLastForegroundPackageName='com.miui.home', mLastForegroundUid=10087, mLastForegroundPid=27235, mMultiWindowForegroundPackageName='work.dynet.developer', mMultiWindowForegroundUid=10923, mFlags=1}
07-05 20:51:07.289 27986 23592 I ProcessMonitor: onForegroundInfoChanged: ForegroundInfo{mForegroundPackageName='work.dynet.developer', mForegroundUid=10923, mForegroundPid=9271, mLastForegroundPackageName='com.miui.home', mLastForegroundUid=10087, mLastForegroundPid=27235, mMultiWindowForegroundPackageName='work.dynet.developer', mMultiWindowForegroundUid=10923, mFlags=1}
07-05 20:51:07.289  3830  3844 I GST     : forePkg: work.dynet.developer, preForePkg: com.miui.home
07-05 20:51:07.290 30837 31306 D LS-ForegroundStatusManager: handleMessage ForegroundInfoChanged. pkg = work.dynet.developer, uid = 10923, mCurrentForegroundUid = 10087
07-05 20:51:07.291  9271  9271 V GraphicsEnvironment: ANGLE Developer option for 'work.dynet.developer' set to: 'default'
07-05 20:51:07.291 27986 23592 I GameBoosterService: onForegroundInfoChanged: Cur=work.dynet.developer	 last=com.miui.home
07-05 20:51:07.292 27986 23592 D GameBoosterService: onGameStatusChange foreground:ForegroundInfo{mForegroundPackageName='work.dynet.developer', mForegroundUid=10923, mForegroundPid=9271, mLastForegroundPackageName='com.miui.home', mLastForegroundUid=10087, mLastForegroundPid=27235, mMultiWindowForegroundPackageName='work.dynet.developer', mMultiWindowForegroundUid=10923, mFlags=1}
07-05 20:51:07.294 27986 30736 E SuggestManager: openApp name = work.dynet.developer
07-05 20:51:07.295  9271  9271 I ForceDarkHelperStubImpl: initialize for work.dynet.developer , ForceDarkOrigin
07-05 20:51:07.338  9271  9271 E AndroidRuntime: Process: work.dynet.developer, PID: 9271
07-05 20:51:07.338  9271  9271 E AndroidRuntime: java.lang.RuntimeException: Unable to instantiate activity ComponentInfo{work.dynet.developer/work.dynet.developer.MainActivity}: java.lang.ClassNotFoundException: Didn't find class "work.dynet.developer.MainActivity" on path: DexPathList[[zip file "/data/app/~~NRuCeHs87QVAqZI8u8MQgQ==/work.dynet.developer-DY226kcHQeA9-wMgTAi1lA==/base.apk"],nativeLibraryDirectories=[/data/app/~~NRuCeHs87QVAqZI8u8MQgQ==/work.dynet.developer-DY226kcHQeA9-wMgTAi1lA==/lib/arm64, /data/app/~~NRuCeHs87QVAqZI8u8MQgQ==/work.dynet.developer-DY226kcHQeA9-wMgTAi1lA==/base.apk!/lib/arm64-v8a, /system/lib64, /system/system_ext/lib64]]
07-05 20:51:07.338  9271  9271 E AndroidRuntime: Caused by: java.lang.ClassNotFoundException: Didn't find class "work.dynet.developer.MainActivity" on path: DexPathList[[zip file "/data/app/~~NRuCeHs87QVAqZI8u8MQgQ==/work.dynet.developer-DY226kcHQeA9-wMgTAi1lA==/base.apk"],nativeLibraryDirectories=[/data/app/~~NRuCeHs87QVAqZI8u8MQgQ==/work.dynet.developer-DY226kcHQeA9-wMgTAi1lA==/lib/arm64, /data/app/~~NRuCeHs87QVAqZI8u8MQgQ==/work.dynet.developer-DY226kcHQeA9-wMgTAi1lA==/base.apk!/lib/arm64-v8a, /system/lib64, /system/system_ext/lib64]]
07-05 20:51:07.338  9271  9293 D libMEOW : applied 0 plugin for [work.dynet.developer].
07-05 20:51:07.355 28133 28322 D DigestGenerator: digest=============work.dynet.developerjava.lang.RuntimeException: Unable to instantiate activity ComponentInfo{work.dynet.developer/work.dynet.developer.MainActivity}: java.lang.ClassNotFoundException: Didn't find class "work.dynet.developer.MainActivity" on path: DexPathList[[zip file "XXbase.apk!/lib/arm-va, /system/lib /system/system_ext/lib]]
07-05 20:51:07.355 28133 28322 D DigestGenerator: Caused by: java.lang.ClassNotFoundException: Didn't find class "work.dynet.developer.MainActivity" on path: DexPathList[[zip file "XXbase.apk!/lib/arm-va, /system/lib /system/system_ext/lib]]
07-05 20:51:07.360   760   837 I libPowerHal: [perfNotifyAppState] pack:work.dynet.developer, act:work.dynet.developer, state:3, pid:9271, uid:10923, fps:60
07-05 20:51:07.360   760   837 I libPowerHal: [perfNotifyAppState] pack:work.dynet.developer, pid:9271, STATE_DEAD
07-05 20:51:07.386 26590 27053 W ActivityTaskManager:   Force finishing activity work.dynet.developer/.MainActivity
07-05 20:51:07.390   852   852 I SurfaceFlinger: operator()(), mtkRenderCntDebug 67277931, screenshot (Splash Screen work.dynet.developer#0)
07-05 20:51:07.403 29009 29009 D AppLifecycleObserver: onReceive: work.dynet.developer FOREGROUND
07-05 20:51:07.403 29009 29009 I GameEventTag: notify failed, pkg=work.dynet.developer event=3 version not match
07-05 20:51:07.405 29009 29009 D PkgUtils: getApplicationInfo packageName:work.dynet.developer, flags:128 applicationInfo:ApplicationInfo{78ecbb3 work.dynet.developer} needSecondSpace:false
07-05 20:51:07.413 27235 27605 E ActivityManagerWrapper: getRecentTasks: taskId=14143   userId=0   baseIntent=Intent { act=android.intent.action.MAIN flag=271581184 cmp=ComponentInfo{work.dynet.developer/work.dynet.developer.MainActivity} }
07-05 20:51:07.418 27235 27235 D TaskViewThumbnail: updateThumbnailScale, t=[TaskKey{id=14143, stackId=0, baseIntent=Intent { act=android.intent.action.MAIN cat=[android.intent.category.LAUNCHER] flg=0x10200000 cmp=work.dynet.developer/.MainActivity }, userId=0, lastActiveTime=29298686393, windowingMode=1, isThumbnailBlur=false, isScreening=false, topActivity=null, mHashCode=422257665}, title=dydev, titleDescription=dydev, bounds=null, isLaunchTarget=false, isStackTask=true, isSystemApp=false, isDockable=true, baseActivity=null, isLocked=false, isAccessLocked=false, mNeedHide=false] , mThumbnailBitmapSizeAfterScaled=(469, 959)
07-05 20:51:07.426 26590 28945 I ActivityManager: Process work.dynet.developer (pid 9271) has died: prcp TOP 
07-05 20:51:07.428   760   837 I libPowerHal: [perfNotifyAppState] pack:work.dynet.developer, act:work.dynet.developer, state:3, pid:9271, uid:10923, fps:60
07-05 20:51:07.428   760   837 I libPowerHal: [perfNotifyAppState] pack:work.dynet.developer, pid:9271, STATE_DEAD
07-05 20:51:07.432 29009 29009 D AppLifecycleObserver: onReceive: work.dynet.developer DESTROY
07-05 20:51:07.433 29009 29009 D PkgUtils: getApplicationInfo packageName:work.dynet.developer, flags:128 applicationInfo:ApplicationInfo{78ecbb3 work.dynet.developer} needSecondSpace:false
07-05 20:51:07.467 30837 31823 D PerfEngineController: ForegroundInfo{mForegroundPackageName='com.miui.home', mForegroundUid=10087, mForegroundPid=27235, mLastForegroundPackageName='work.dynet.developer', mLastForegroundUid=10923, mLastForegroundPid=9271, mMultiWindowForegroundPackageName='com.miui.home', mMultiWindowForegroundUid=10087, mFlags=0}
07-05 20:51:07.467  3830  3844 I GST     : forePkg: com.miui.home, preForePkg: work.dynet.developer
07-05 20:51:07.467 27986 28268 I ProcessMonitor: onForegroundInfoChanged: ForegroundInfo{mForegroundPackageName='com.miui.home', mForegroundUid=10087, mForegroundPid=27235, mLastForegroundPackageName='work.dynet.developer', mLastForegroundUid=10923, mLastForegroundPid=9271, mMultiWindowForegroundPackageName='com.miui.home', mMultiWindowForegroundUid=10087, mFlags=0}
07-05 20:51:07.468 30837 31207 I ThermalInfoCollector: collectForgroundAppsInfo: work.dynet.developer
07-05 20:51:07.468 27235 29684 D AppObserver: ForegroundInfo{mForegroundPackageName='com.miui.home', mForegroundUid=10087, mForegroundPid=27235, mLastForegroundPackageName='work.dynet.developer', mLastForegroundUid=10923, mLastForegroundPid=9271, mMultiWindowForegroundPackageName='com.miui.home', mMultiWindowForegroundUid=10087, mFlags=0}
07-05 20:51:07.469 27986 28268 I GameBoosterService: onForegroundInfoChanged: Cur=com.miui.home	 last=work.dynet.developer
07-05 20:51:07.470 27986 28268 D GameBoosterService: onGameStatusChange foreground:ForegroundInfo{mForegroundPackageName='com.miui.home', mForegroundUid=10087, mForegroundPid=27235, mLastForegroundPackageName='work.dynet.developer', mLastForegroundUid=10923, mLastForegroundPid=9271, mMultiWindowForegroundPackageName='com.miui.home', mMultiWindowForegroundUid=10087, mFlags=0}
07-05 20:51:07.708 26590 27487 D WindowManager: setParent old=ActivityRecord{39fdb30 u0 work.dynet.developer/.MainActivity t14143 f} isExiting},new=null,this window=Window{9589e3a u0 Splash Screen work.dynet.developer},callers=com.android.server.wm.WindowContainer.removeChild:613 com.android.server.wm.ActivityRecord.removeChild:4232 com.android.server.wm.ActivityRecord.removeChild:417 com.android.server.wm.WindowContainer.removeImmediately:665 com.android.server.wm.WindowState.removeImmediately:2523 com.android.server.wm.WindowState.destroySurface:3712 
07-05 20:51:07.708 26590 27487 W InputManager-JNI: Input channel object '9589e3a Splash Screen work.dynet.developer (client)' was disposed without first being removed with the input manager!
07-05 20:51:07.727 26590 26612 D WindowManager: setParent old=Task{f96c92 #14143 type=standard I=work.dynet.developer/.MainActivity U=0 visible=false mode=fullscreen translucent=true sz=0},new=null,this window=ActivityRecord{39fdb30 u0 work.dynet.developer/.MainActivity t14143 f}},callers=com.android.server.wm.WindowContainer.removeChild:613 com.android.server.wm.Task.removeChild:1895 com.android.server.wm.Task.removeChild:1876 com.android.server.wm.WindowContainer.removeImmediately:665 com.android.server.wm.WindowToken.removeImmediately:363 com.android.server.wm.ActivityRecord.removeImmediately:4049 
07-05 20:51:07.730 26590 26612 D WindowManager: setParent old=DefaultTaskDisplayArea@199727272,new=null,this window=Task{f96c92 #14143 type=standard I=work.dynet.developer/.MainActivity U=0 visible=false mode=fullscreen translucent=true sz=0},callers=com.android.server.wm.WindowContainer.removeChild:613 com.android.server.wm.TaskDisplayArea.removeChildTask:402 com.android.server.wm.TaskDisplayArea.removeChild:393 com.android.server.wm.WindowContainer.removeImmediately:665 com.android.server.wm.Task.removeImmediately:3694 com.android.server.wm.Task.removeIfPossible:1085 
07-05 20:51:07.758   852   852 I BufferQueueDebug: [Splash Screen work.dynet.developer#0](this:0xb400007423d2c900,id:-1,api:0,p:-1,c:852) onDestructor()
07-05 20:51:07.888 26590 26611 W ActivityTaskManager: Activity top resumed state loss timeout for ActivityRecord{39fdb30 u0 work.dynet.developer/.MainActivity t-1 f}}
07-05 20:51:07.888 26590 26611 I PowerHalWrapper: amsBoostNotify pid:27235,activity:com.miui.home.launcher.Launcher, package:com.miui.home, mProcessCreatePackwork.dynet.developer 
07-05 20:51:07.889   760   787 I mtkpower@impl: [notifyAppState] pc:0, work.dynet.developer => com.miui.home
07-05 20:51:08.675 27235 27235 D TaskView: TaskView bind task, task=[TaskKey{id=14143, stackId=0, baseIntent=Intent { act=android.intent.action.MAIN cat=[android.intent.category.LAUNCHER] flg=0x10300000 cmp=work.dynet.developer/.MainActivity }, userId=0, lastActiveTime=29298735380, windowingMode=1, isThumbnailBlur=false, isScreening=false, topActivity=null, mHashCode=422257665}, title=dydev, titleDescription=dydev, bounds=null, isLaunchTarget=false, isStackTask=true, isSystemApp=false, isDockable=true, baseActivity=null, isLocked=false, isAccessLocked=false, mNeedHide=false] , isLock=false
07-05 20:51:08.675 27235 27235 D TaskViewThumbnail: updateThumbnailScale, t=[TaskKey{id=14143, stackId=0, baseIntent=Intent { act=android.intent.action.MAIN cat=[android.intent.category.LAUNCHER] flg=0x10300000 cmp=work.dynet.developer/.MainActivity }, userId=0, lastActiveTime=29298735380, windowingMode=1, isThumbnailBlur=false, isScreening=false, topActivity=null, mHashCode=422257665}, title=dydev, titleDescription=dydev, bounds=null, isLaunchTarget=false, isStackTask=true, isSystemApp=false, isDockable=true, baseActivity=null, isLocked=false, isAccessLocked=false, mNeedHide=false] , mThumbnailBitmapSizeAfterScaled=(469, 959)
07-05 20:51:08.675 27235 27235 D TaskView: TaskView bind task, task=[TaskKey{id=14143, stackId=0, baseIntent=Intent { act=android.intent.action.MAIN cat=[android.intent.category.LAUNCHER] flg=0x10300000 cmp=work.dynet.developer/.MainActivity }, userId=0, lastActiveTime=29298735380, windowingMode=1, isThumbnailBlur=false, isScreening=false, topActivity=null, mHashCode=422257665}, title=dydev, titleDescription=dydev, bounds=null, isLaunchTarget=false, isStackTask=true, isSystemApp=false, isDockable=true, baseActivity=null, isLocked=false, isAccessLocked=false, mNeedHide=false] , isLock=false
07-05 20:51:08.675 27235 27235 D TaskViewThumbnail: updateThumbnailScale, t=[TaskKey{id=14143, stackId=0, baseIntent=Intent { act=android.intent.action.MAIN cat=[android.intent.category.LAUNCHER] flg=0x10300000 cmp=work.dynet.developer/.MainActivity }, userId=0, lastActiveTime=29298735380, windowingMode=1, isThumbnailBlur=false, isScreening=false, topActivity=null, mHashCode=422257665}, title=dydev, titleDescription=dydev, bounds=null, isLaunchTarget=false, isStackTask=true, isSystemApp=false, isDockable=true, baseActivity=null, isLocked=false, isAccessLocked=false, mNeedHide=false] , mThumbnailBitmapSizeAfterScaled=(469, 959)
07-05 20:51:10.672 27235 27235 D TaskView: TaskView bind task, task=[TaskKey{id=14143, stackId=0, baseIntent=Intent { act=android.intent.action.MAIN cat=[android.intent.category.LAUNCHER] flg=0x10300000 cmp=work.dynet.developer/.MainActivity }, userId=0, lastActiveTime=29298735380, windowingMode=1, isThumbnailBlur=false, isScreening=false, topActivity=null, mHashCode=422257665}, title=dydev, titleDescription=dydev, bounds=null, isLaunchTarget=false, isStackTask=true, isSystemApp=false, isDockable=true, baseActivity=null, isLocked=false, isAccessLocked=false, mNeedHide=false] , isLock=false
07-05 20:51:10.672 27235 27235 D TaskViewThumbnail: updateThumbnailScale, t=[TaskKey{id=14143, stackId=0, baseIntent=Intent { act=android.intent.action.MAIN cat=[android.intent.category.LAUNCHER] flg=0x10300000 cmp=work.dynet.developer/.MainActivity }, userId=0, lastActiveTime=29298735380, windowingMode=1, isThumbnailBlur=false, isScreening=false, topActivity=null, mHashCode=422257665}, title=dydev, titleDescription=dydev, bounds=null, isLaunchTarget=false, isStackTask=true, isSystemApp=false, isDockable=true, baseActivity=null, isLocked=false, isAccessLocked=false, mNeedHide=false] , mThumbnailBitmapSizeAfterScaled=(469, 959)
