07-05 20:49:16.895  5137  5181 D IconCustomizer: Generate customized icon for work.dynet.developer.png
07-05 20:49:21.056 26590 26657 I PackageDexOptimizer: Running dexopt (dexoptNeeded=1) on: /data/app/~~NRuCeHs87QVAqZI8u8MQgQ==/work.dynet.developer-DY226kcHQeA9-wMgTAi1lA==/base.apk pkg=work.dynet.developer isa=arm64 dexoptFlags=boot_complete,profile_guided,public,enable_hidden_api_checks targetFilter=speed-profile oatDir=/data/app/~~NRuCeHs87QVAqZI8u8MQgQ==/work.dynet.developer-DY226kcHQeA9-wMgTAi1lA==/oat classLoaderContext=PCL[]{}
07-05 20:49:21.058  1147  8328 V installd: DexInv: --- BEGIN '/data/app/~~NRuCeHs87QVAqZI8u8MQgQ==/work.dynet.developer-DY226kcHQeA9-wMgTAi1lA==/base.apk' ---
07-05 20:49:21.058  1147  8328 V installd: Running /apex/com.android.art/bin/dex2oat64 in=base.apk out=/data/app/~~NRuCeHs87QVAqZI8u8MQgQ==/work.dynet.developer-DY226kcHQeA9-wMgTAi1lA==/oat/arm64/base.odex
07-05 20:49:21.144  7491  7491 W dex2oat64: /apex/com.android.art/bin/dex2oat64 --zip-fd=8 --zip-location=base.apk --oat-fd=9 --oat-location=/data/app/~~NRuCeHs87QVAqZI8u8MQgQ==/work.dynet.developer-DY226kcHQeA9-wMgTAi1lA==/oat/arm64/base.odex --input-vdex-fd=-1 --output-vdex-fd=10 --swap-fd=11 --classpath-dir=/data/app/~~NRuCeHs87QVAqZI8u8MQgQ==/work.dynet.developer-DY226kcHQeA9-wMgTAi1lA== --class-loader-context=PCL[]{} --compact-dex-level=none --instruction-set=arm64 --instruction-set-features=default --instruction-set-variant=cortex-a55 --compiler-filter=speed-profile --compilation-reason=install --max-image-block-size=524288 --resolve-startup-const-strings=true --generate-mini-debug-info --runtime-arg -Xtarget-sdk-version:36 --runtime-arg -Xhidden-api-policy:enabled --cpu-set=0,1,2,3,4,5 -j4 --runtime-arg -Xms64m --runtime-arg -Xmx512m
07-05 20:49:21.144  7491  7491 I dex2oat64: /apex/com.android.art/bin/dex2oat64 --input-vdex-fd=-1 --output-vdex-fd=10 --classpath-dir=/data/app/~~NRuCeHs87QVAqZI8u8MQgQ==/work.dynet.developer-DY226kcHQeA9-wMgTAi1lA== --class-loader-context=PCL[]{} --compact-dex-level=none --compiler-filter=speed-profile --compilation-reason=install --max-image-block-size=524288 --resolve-startup-const-strings=true --generate-mini-debug-info --cpu-set=0,1,2,3,4,5 -j4
07-05 20:49:21.444  1147  8328 V installd: DexInv: --- END '/data/app/~~NRuCeHs87QVAqZI8u8MQgQ==/work.dynet.developer-DY226kcHQeA9-wMgTAi1lA==/base.apk' (success) ---
07-05 20:49:21.444 26590 26657 W PackageManager: Freeze package work.dynet.developer about 1.181 seconds for reason: installPackageLI
07-05 20:49:21.447 26590 26657 I BackupManagerService: [UserID:0] restoreAtInstall pkg=work.dynet.developer token=6e restoreSet=0
07-05 20:49:36.853 26590 26657 I InstallationTiming: work.dynet.developer|com.android.shell|48638|1096|153|4289|1656|390
07-05 20:49:37.141 26590 26626 I MiuiCompatModePackages: package work.dynet.developer updated, removing config
07-05 20:49:37.142 26590 26848 D MiuiNetworkPolicyAppBuckets: updateAppPN packageName=work.dynet.developer,uid=10923,installed=true
07-05 20:49:37.142 26590 26848 D MiuiNetworkPolicyTrafficLimit: updateAppPN packageName=work.dynet.developer,uid=10923,installed=true
07-05 20:49:37.143 28018 28018 I MediaProvider: Invalidating LocalCallingIdentity cache for package work.dynet.developer. Reason: package android.intent.action.PACKAGE_ADDED
07-05 20:49:37.145 28344 28344 D VoiceCommandApp/VoiceTriggerService: package: work.dynet.developer action:android.intent.action.PACKAGE_ADDED
07-05 20:49:37.146 27986 30668 I MiuiVpnManageService: PackageMonitor. onPackageAdded: packageName =work.dynet.developer
07-05 20:49:37.146 27986 27986 I InstalledAppMonitor: work.dynet.developeronReceive add pkg=work.dynet.developer
07-05 20:49:37.146 27986 27986 D AppPredictService: AppChangedReceiver::onReceive::packageName = work.dynet.developer action = android.intent.action.PACKAGE_ADDED
07-05 20:49:37.146 27986 27986 I AppPredict: updateInstalledPkgList: pkg = work.dynet.developer isInstall = true
07-05 20:49:37.146 27986 30116 D AppInstalledReceiver: packageName: work.dynet.developer
07-05 20:49:37.147 28212 28212 E SLAAppLib: initBroadcastReceiverwork.dynet.developer
07-05 20:49:37.147 28212 28212 I SLAAppLib: ACTION_PACKAGE_ADDED uid = 10923work.dynet.developer
07-05 20:49:37.147  3540  3540 I PackageInstallReceiver: action = android.intent.action.PACKAGE_ADDED packageName = work.dynet.developer
07-05 20:49:37.154 30339 30339 I WakePathManager: PackageMonitor. onPackageAdded: packageName =work.dynet.developer
07-05 20:49:37.156 28868 28868 D services: [XMS][observer] PackageMonitor onReceive packageName: work.dynet.developer
07-05 20:49:37.161 27986 30595 I GameBoosterNewApp: work.dynet.developer isGameFromJson false
07-05 20:49:37.164 28868  1976 D services: [XMS][observer] sendInnerBroadcast action: com.xiaomi.xms.action.PACKAGE_ADDED, packageName: work.dynet.developer
07-05 20:49:37.167 27986 30595 I GameBoosterNewApp: work.dynet.developer isGameFromLocal false
07-05 20:49:37.178 26590 26933 E AppScanObserverService: Try to add a invalid package: work.dynet.developer | 10923 | 0
07-05 20:49:37.210 26590 26940 W BroadcastQueue: Background execution not allowed: receiving Intent { act=android.intent.action.PACKAGE_ADDED dat=package:work.dynet.developer flg=0x4000010 (has extras) } to com.lbe.security.miui/com.lbe.security.service.BootReceiver
07-05 20:49:37.222 30837 31377 D UidObserver: autoStart name=work.dynet.developer uid=10923
07-05 20:49:37.222 30837 31377 D UidObserver: getPkgName uid=10923 name=work.dynet.developer
07-05 20:49:37.337 27217 27217 D ImsResolver: maybeAddedImsService, packageName: work.dynet.developer
07-05 20:49:37.340 27986 30116 I LocalNotificationMgr: pkg: work.dynet.developer mode:0
07-05 20:49:37.349   863  1037 I Finsky  : [2046] mzf.a(58): AIM: AppInfoManager-Perf > OnDeviceAppInfo > cacheHitCount=0, cacheMissCount=1. Missed  in cache (limit 10) : [work.dynet.developer]
07-05 20:49:37.371   863   863 I Finsky  : [2] mxk.f(9): AIM: AppInfoCacheUpdater -> invalidating apps: [work.dynet.developer]
07-05 20:49:37.374   863  1037 I Finsky  : [2046] mzf.a(58): AIM: AppInfoManager-Perf > OnDeviceAppInfo > cacheHitCount=0, cacheMissCount=1. Missed  in cache (limit 10) : [work.dynet.developer]
07-05 20:49:37.377 28868  1976 I GameEventTag: notify failed, pkg=work.dynet.developer event=1 version not match
07-05 20:49:37.378 26590 26629 W BroadcastQueue: Background execution not allowed: receiving Intent { act=android.intent.action.PACKAGE_ADDED dat=package:work.dynet.developer flg=0x4000010 (has extras) } to com.miui.packageinstaller/com.android.packageinstaller.PackageInstalledReceiver
07-05 20:49:37.450   863  1099 D IconCustomizer: Generate customized icon for work.dynet.developer.png
07-05 20:49:37.627 28868 29132 W PushService: [Tid:1285] [AppSubManager] work.dynet.developer is not in whitelist when handle package install, aborting pull.
07-05 20:49:37.627 28868 29132 W PushService: [Tid:1285] [ScenePushRightsManager] handlePackageInstall: trigger rights pull, pkg=work.dynet.developer
07-05 20:49:37.672 26590 26629 W BroadcastQueue: Background execution not allowed: receiving Intent { act=android.intent.action.PACKAGE_ADDED dat=package:work.dynet.developer flg=0x4000010 (has extras) } to com.android.providers.downloads/.receiver.ApplicationInstallReceiver
07-05 20:49:37.958 26590 26629 W BroadcastQueue: Background execution not allowed: receiving Intent { act=android.intent.action.PACKAGE_ADDED dat=package:work.dynet.developer flg=0x4000010 (has extras) } to com.android.settings/.search.provider.UpdateReceiver
07-05 20:49:37.978 27986 30961 I ThumbnailBlurUtils: loadPrivacyThumbnailBlurMonthly successd{"com.xunmeng.pinduoduo":9,"com.miui.player":27,"com.tencent.mobileqq":2,"pm.utopia.app":-1,"ru.kslabs.ksweb":5,"org.videolan.vlc":5,"dev.solsynth.cloudysky":-1,"dev.solsynth.solian":-1,"com.termux":5,"com.example.gxcs_app":10,"com.miui.compass":5,"moe.ouom.neriplayer":-1,"com.miui.calculator":5,"com.abilvcha.main":-1,"com.android.contacts":5,"com.android.deskclock":5,"com.waves.tempovpn":-1,"moe.shizuku.privileged.api":-1,"com.mio.plugin.renderer.turnip2511.r28b.sdk29":-1,"hev.sockstun":-1,"com.geofs.sr":-1,"com.zidongdianji":5,"com.cloudflare.cloudflareoneagent":-1,"com.twitter.android":2,"player.efis.pfd":-1,"com.mio.plugin.renderer.ltw":-1,"com.media720.games2020":-1,"originoldcentury.nrff.thsl.us.kg":-1,"com.haohaomazi.app":-1,"ru.tech.imageresizershrinker":-1,"org.maoist2009.tlsfragment":-1,"flar2.devcheck":5,"com.discord":2,"org.dpdns.thsl.fzfwsp.misword":-1,"com.StefMorojna.SpaceflightSimulator.mt":15,"com.waterdaaan.cpufloat":-1,"de.rwth_aachen.phyphox":5,"com.xiaomi.market":5,"com.gorillasoftware.everyproxy":5,"zhu.filer":-1,"org.fdroid.fdroid":-1,"com.mio.plugin.renderer.mesa2434":-1,"ru.iiec.pydroid3":5,"net.fanvpn.android":-1,"com.example.administrator.searchpicturetool":6,"de.szalkowski.activitylauncher":5,"org.telegram.messenger.web":-1,"com.ss.android.ugc.aweme.lite":6,"com.deniscerri.ytdl":-1,"com.microsoft.skydrive":10,"work.dynet.developer":-1,"ch.protonmail.android":5,"com.miui.virtualsim":5,"com.miui.weather2":5,"com.imageline.FLM":-1,"net.huanci.hsjpro":5,"io.qzz.luolingy.groovybox":-1,"com.mio.plugin.renderer.purplevk2500d.r27.sdk30.a7xx":-1,"com.android.mms":5,"com.F2Games.GBDE":-1,"com.mojang.minecraftpe":15,"com.android.thememanager":5,"com.android.camera":6,"com.android.calendar":10,"com.android.settings":-1,"com.v2ray.ang":5,"net.steampp.app":-1,"com.jingdong.app.mall":9,"com.android.soundrecorder":5,"keepass2android.keepass2android":5,"org.sunsetware.phocid":-1,"com.mattermost.rn":-1,"com.tencent.mm":2,"org.exbin.bined.editor.android":-1,"com.microsoft.emmx":5,"org.localsend.localsend_app":-1,"com.android.fileexplorer":5,"com.appveyor.flet":-1,"org.dpdns.thsl.coralisland.snchat":-1,"org.thoughtcrime.securesms":5,"com.ambrose.overwall":5,"wanjie.quicklook":-1,"com.miui.voiceassist":5,"com.xiaomi.scanner":5,"com.miui.securitycenter":5,"bin.mt.plus":5,"com.ultimategamestudio.mcpecenter.mods":5,"com.android.vending":5,"com.taobao.litetao":9,"com.duokan.reader":7,"com.android.stk":-1,"com.example.songdownloader":-1,"tv.danmaku.bili":27,"com.miui.gallery":6,"uk.co.powdertoy.tpt":5,"com.google.android.youtube":5,"com.miui.screenrecorder":5,"com.lyxoto.master.forminecraftpe":5,"com.android.email":10,"com.eg.android.AlipayGphone":1,"bin.mt.plus.canary":-1,"com.miui.notes":5,"com.dv.adm":5,"com.miui.miservice":5,"io.mewtant.pixaiart":-1,"com.xiaomi.gamecenter":5,"make.more.r2d2.cellular_z.play":-1,"com.taobao.taobao":9,"xyz.chatboxapp.chatbox":-1,"com.poppingmoon.aria":-1,"com.android.browser":5,"com.baidu.youavideo":6,"org.joinmastodon.android":-1,"com.valvesoftware.android.steam.community":5,"com.miui.video":27,"com.tungsten.fcl":-1,"com.fcl.plugin.mobileglues":-1,"com.android.providers.downloads.ui":5,"com.google.android.gm":5,"com.termux.x11":-1}
07-05 20:49:38.018 26590 26652 E VerityUtils: Failed to measure fs-verity, errno 1: /data/app/~~NRuCeHs87QVAqZI8u8MQgQ==/work.dynet.developer-DY226kcHQeA9-wMgTAi1lA==/base.apk
07-05 20:49:38.042 27986 28327 I ClipboardFeature: refreshAiClipboardEnable for function close:work.dynet.developer
07-05 20:49:38.100 26590 26629 W BroadcastQueue: Background execution not allowed: receiving Intent { act=android.intent.action.PACKAGE_ADDED dat=package:work.dynet.developer flg=0x4000010 (has extras) } to com.android.vending/com.google.android.finsky.packagemonitor.impl.PackageMonitorReceiverImpl$RegisteredReceiver
07-05 20:49:38.300 26590 26629 W BroadcastQueue: Background execution not allowed: receiving Intent { act=android.intent.action.PACKAGE_ADDED dat=package:work.dynet.developer flg=0x4000010 (has extras) } to com.android.vending/com.google.android.finsky.packagemonitor.backgroundimpl.BackgroundPackageMonitorReceiverImpl$RegisteredReceiver
07-05 20:49:38.433 27235 27235 D Launcher.Model: LauncherAppsCallback onPackageAdded|work.dynet.developer|UserHandle{0}
07-05 20:49:38.437 27235 27294 D Launcher.Model: Got broadcast:Intent { act=android.intent.action.PACKAGE_ADDED dat=package:work.dynet.developer (has extras) }
07-05 20:49:38.456 27235 27294 D IconCustomizer: Generate customized icon for work.dynet.developer.png
07-05 20:49:38.466 26590 26629 W BroadcastQueue: Background execution not allowed: receiving Intent { act=android.intent.action.PACKAGE_ADDED dat=package:work.dynet.developer flg=0x4000010 (has extras) } to com.google.android.gms/.gass.chimera.PackageChangeBroadcastReceiver
07-05 20:49:38.532 27235 27294 E Launcher.AllAppsList: Can't load postion for packageName: work.dynet.developer activityName: work.dynet.developer.MainActivity
07-05 20:49:38.539 27235 27294 D Launcher.Model: onReceiveBackground, mAllAppsList=add=[(0, AppInfo, id=-1, itemType=0, user=UserHandle{0}, mIconType=0, pkgName=work.dynet.developer, className=work.dynet.developer.MainActivity, screenId=-1, container=-1, cellX=-1, cellY=-1, spanX=1, spanY=1)], remove=[], modified=[]
07-05 20:49:38.540 27235 27235 D Launcher: add item to launcher when bind apps added, info=ShortcutInfo, id=-1, itemType=0, user=UserHandle{0}, mIconType=0, pkgName=work.dynet.developer, className=work.dynet.developer.MainActivity, screenId=-1, container=-1, cellX=-1, cellY=-1, spanX=1, spanY=1
07-05 20:49:38.541 27235 27235 D Launcher: addItemToWorkspace, add item into db, item=ShortcutInfo, id=-1, itemType=0, user=UserHandle{0}, mIconType=0, pkgName=work.dynet.developer, className=work.dynet.developer.MainActivity, screenId=3, container=-100, cellX=1, cellY=4, spanX=1, spanY=1
07-05 20:49:38.543 27235 27235 D Launcher.Model: Insert item work.dynet.developer to database (1, 4) of screen 3
07-05 20:49:38.543 27235 27294 D Launcher.ShortcutInfo: onAddToDatabase, this=ShortcutInfo, id=1082, itemType=0, user=UserHandle{0}, mIconType=0, pkgName=work.dynet.developer, className=work.dynet.developer.MainActivity, screenId=3, container=-100, cellX=1, cellY=4, spanX=1, spanY=1
07-05 20:49:38.579 27235 27235 D Launcher.CellLayout: updateCellOccupiedMarks, update, ShortcutInfo, id=1082, itemType=0, user=UserHandle{0}, mIconType=0, pkgName=work.dynet.developer, className=work.dynet.developer.MainActivity, screenId=3, container=-100, cellX=1, cellY=4, spanX=1, spanY=1
07-05 20:49:38.764 31349  7627 W GCM     : Unexpected forwarded intent: Intent { act=android.intent.action.PACKAGE_ADDED dat=package:work.dynet.developer flg=0x4000010 pkg=com.google.android.gms cmp=com.google.android.gms/.chimera.PersistentIntentOperationService (has extras) }
07-05 20:49:38.767 31349  7626 W NetworkScheduler: Unexpected forwarded intent: Intent { act=android.intent.action.PACKAGE_ADDED dat=package:work.dynet.developer flg=0x4000010 pkg=com.google.android.gms cmp=com.google.android.gms/.chimera.PersistentIntentOperationService (has extras) }
07-05 20:49:38.789 26590 26629 W BroadcastQueue: Background execution not allowed: receiving Intent { act=android.intent.action.PACKAGE_ADDED dat=package:work.dynet.developer flg=0x4000010 (has extras) } to com.google.android.gms/.chimera.GmsIntentOperationService$PersistentTrustedReceiver
07-05 20:49:38.892 26590 26629 W BroadcastQueue: Background execution not allowed: receiving Intent { act=android.intent.action.PACKAGE_ADDED dat=package:work.dynet.developer flg=0x4000010 (has extras) } to com.xiaomi.market/.receiver.MyPackageMonitor
07-05 20:49:38.941 26590 26629 W BroadcastQueue: Background execution not allowed: receiving Intent { act=android.intent.action.PACKAGE_ADDED dat=package:work.dynet.developer flg=0x4000010 (has extras) } to com.xiaomi.misettings/.usagestats.AppTimerReceiver
07-05 20:49:40.376 26590 26608 D CompanionDeviceManagerService: onPackageModified(packageName = work.dynet.developer)
07-05 20:49:40.379 28344 28344 D VoiceCommandApp/VoiceTriggerService: package: work.dynet.developer action:android.intent.action.PACKAGE_CHANGED
07-05 20:49:40.380 30837 30837 D PowerKeeper.GMS: pkgName: work.dynet.developer
07-05 20:49:40.380  3540  3540 I PackageInstallReceiver: action = android.intent.action.PACKAGE_CHANGED packageName = work.dynet.developer
07-05 20:49:40.381  3540  3540 I AppWidgetDelegate: updateAppWidgets for work.dynet.developer
07-05 20:49:40.381  3540  3540 I WidgetController: WidgetController.updateOrRemoveStackWhenPackageChanged: packageName work.dynet.developer
07-05 20:49:40.386 27217 27217 D ImsResolver: maybeAddedImsService, packageName: work.dynet.developer
07-05 20:49:40.999 27235 27235 D Launcher.Model: LauncherAppsCallback onPackageChanged|work.dynet.developer|UserHandle{0}
07-05 20:49:40.999 27235 27294 D Launcher.Model: Got broadcast:Intent { act=android.intent.action.PACKAGE_CHANGED dat=package:work.dynet.developer (has extras) }
07-05 20:49:41.004 27235 27294 D IconCustomizer: Generate customized icon for work.dynet.developer.png
07-05 20:49:41.018 27235 27294 D Launcher.AllAppsList: updatePackage, packageName=work.dynet.developer, loadMissing=false, user=UserHandle{0}, matchedSize=1
07-05 20:49:41.019 27235 27294 D Launcher.AllAppsList: updatePackage, find appInfo=AppInfo, id=-1, itemType=0, user=UserHandle{0}, mIconType=0, pkgName=work.dynet.developer, className=work.dynet.developer.MainActivity, screenId=-1, container=-1, cellX=-1, cellY=-1, spanX=1, spanY=1 from ComponentInfo{work.dynet.developer/work.dynet.developer.MainActivity}
07-05 20:49:41.020 27235 27294 D Launcher.Model: onReceiveBackground, mAllAppsList=add=[], remove=[], modified=[(0, AppInfo, id=-1, itemType=0, user=UserHandle{0}, mIconType=0, pkgName=work.dynet.developer, className=work.dynet.developer.MainActivity, screenId=-1, container=-1, cellX=-1, cellY=-1, spanX=1, spanY=1)]
07-05 20:49:44.120   863   863 I Finsky  : [2] mxk.f(9): AIM: AppInfoCacheUpdater -> invalidating apps: [work.dynet.developer]
07-05 20:49:44.121   863  1037 I Finsky  : [2046] mzf.a(58): AIM: AppInfoManager-Perf > OnDeviceAppInfo > cacheHitCount=0, cacheMissCount=1. Missed  in cache (limit 10) : [work.dynet.developer]
07-05 20:49:44.865  7846  7846 I VSC-AppInstallReceiver: action: android.intent.action.PACKAGE_CHANGED, packageName: work.dynet.developer
07-05 20:50:03.571 26590 28072 I ActivityTaskManager: START u0 {act=android.intent.action.MAIN cat=[android.intent.category.LAUNCHER] flg=0x11000000 pkg=work.dynet.developer cmp=work.dynet.developer/.MainActivity} from uid 10445 from pid -1 callingPackage bin.mt.plus
07-05 20:50:03.582 26590 28072 I PowerHalWrapper: <amsBoostResume> last:com.miui.securitycenter, next:work.dynet.developer 
07-05 20:50:03.590 28868 29089 I WakeupConsumer: event=FRONT_APP_ENTER subject=FRONT_APP data=ForegroundAppState(packageName=work.dynet.developer, trackId=work.dynet.developer, lastEnterAt=1783255803589, lastExitAt=-1, stayTime=-1, attributes=ForegroundAppAttributes(categoryL1=unknown, categoryL2=unknown, categoryL3=unknown))
07-05 20:50:03.606   852  1740 E BufferQueueDebug: [Splash Screen work.dynet.developer#0](this:0xb4000074240ea900,id:-1,api:0,p:-1,c:-1) id info cannot be read from 'Splash Screen work.dynet.developer#0'
07-05 20:50:03.606   852  1740 I BufferQueueDebug: [Splash Screen work.dynet.developer#0](this:0xb4000074240ea900,id:-1,api:0,p:-1,c:-1) BufferQueue core=(852:/system/bin/surfaceflinger)
07-05 20:50:03.678 26590 26611 I PowerHalWrapper: amsBoostProcessCreate package:work.dynet.developer 
07-05 20:50:03.678 26590 26611 D SBE-LaunchIdentify: SBE boost:work.dynet.developer begin
07-05 20:50:03.687  6880  7094 D AppStatChecker: first launch package: work.dynet.developer
07-05 20:50:03.695 27235 27605 W RecentsModel: getRunningTask   taskInfo=TaskInfo{userId=0 taskId=14137 displayId=0 isRunning=true baseIntent=Intent { act=android.intent.action.MAIN cat=[android.intent.category.LAUNCHER] flg=0x11000000 pkg=work.dynet.developer cmp=work.dynet.developer/.MainActivity } baseActivity=ComponentInfo{work.dynet.developer/work.dynet.developer.MainActivity} topActivity=ComponentInfo{work.dynet.developer/work.dynet.developer.MainActivity} origActivity=null realActivity=ComponentInfo{work.dynet.developer/work.dynet.developer.MainActivity} numActivities=1 lastActiveTime=29298671679 supportsSplitScreenMultiWindow=true supportsMultiWindow=true resizeMode=1 isResizeable=true token=WCT{android.window.IWindowContainerToken$Stub$Proxy@5e53d4b} topActivityType=1 pictureInPictureParams=PictureInPictureParams( aspectRatio=null sourceRectHint=null hasSetActions=false isAutoPipEnabled=false isSeamlessResizeEnabled=true) displayCutoutSafeInsets=Rect(0, 99 - 0, 0) topActivityInfo=ActivityInfo{e4a2328 work.dynet.developer.MainActivity} launchCookies=[] positionInParent=Point(0, 0) parentTaskId=-1 isFocused=false isVisible=true topActivityInSizeCompat=false locusId= null windowMode=0}
07-05 20:50:03.695 27235 27605 W RecentsModel: getTaskInfoIgnoreHomeAndFreeform   taskInfo=ComponentInfo{work.dynet.developer/work.dynet.developer.MainActivity}
07-05 20:50:03.699 27235 27605 E ActivityManagerWrapper: getRecentTasks: taskId=14137   userId=0   baseIntent=Intent { act=android.intent.action.MAIN flag=285212672 cmp=ComponentInfo{work.dynet.developer/work.dynet.developer.MainActivity} }
07-05 20:50:03.721 26590 26622 I ActivityManager: Start proc 8093:work.dynet.developer/u0a923 for pre-top-activity {work.dynet.developer/work.dynet.developer.MainActivity} caller=others
07-05 20:50:03.725 26590 26622 I PowerHalWrapper: amsBoostNotify pid:8093,activity:work.dynet.developer.MainActivity, package:work.dynet.developer, mProcessCreatePackwork.dynet.developer 
07-05 20:50:03.725   760   837 I libPowerHal: [perfNotifyAppState] pack:work.dynet.developer, act:work.dynet.developer.MainActivity, state:1, pid:8093, uid:10923, fps:60
07-05 20:50:03.726   760   837 I libPowerHal: [perfNotifyAppState] foreground:work.dynet.developer, pid:8093, uid:10923
07-05 20:50:03.726   760   837 I UxUtility: notifyForegroundApp pack:work.dynet.developer, uid:10923
07-05 20:50:03.726   760   787 I mtkpower@impl: [notifyAppState] pc:1, com.miui.securitycenter => work.dynet.developer
07-05 20:50:03.727 27235 14595 D AppObserver: ForegroundInfo{mForegroundPackageName='work.dynet.developer', mForegroundUid=10923, mForegroundPid=8093, mLastForegroundPackageName='com.miui.securitycenter', mLastForegroundUid=1000, mLastForegroundPid=7971, mMultiWindowForegroundPackageName='work.dynet.developer', mMultiWindowForegroundUid=10923, mFlags=1}
07-05 20:50:03.728 27986 28268 I ProcessMonitor: onForegroundInfoChanged: ForegroundInfo{mForegroundPackageName='work.dynet.developer', mForegroundUid=10923, mForegroundPid=8093, mLastForegroundPackageName='com.miui.securitycenter', mLastForegroundUid=1000, mLastForegroundPid=7971, mMultiWindowForegroundPackageName='work.dynet.developer', mMultiWindowForegroundUid=10923, mFlags=1}
07-05 20:50:03.728  3830  3844 I GST     : forePkg: work.dynet.developer, preForePkg: com.miui.securitycenter
07-05 20:50:03.728 30837 30854 D PerfEngineController: ForegroundInfo{mForegroundPackageName='work.dynet.developer', mForegroundUid=10923, mForegroundPid=8093, mLastForegroundPackageName='com.miui.securitycenter', mLastForegroundUid=1000, mLastForegroundPid=7971, mMultiWindowForegroundPackageName='work.dynet.developer', mMultiWindowForegroundUid=10923, mFlags=1}
07-05 20:50:03.728 30837 31306 D LS-ForegroundStatusManager: handleMessage ForegroundInfoChanged. pkg = work.dynet.developer, uid = 10923, mCurrentForegroundUid = 1000
07-05 20:50:03.733 28133  2251 W MQSService: CallerName:work.dynet.developer,calling Uid:10923
07-05 20:50:03.734 28133  2251 D MQSService: registerApplicationScoutThread pid = 8093, packageName = work.dynet.developer
07-05 20:50:03.734 27986 28268 I GameBoosterService: onForegroundInfoChanged: Cur=work.dynet.developer	 last=com.miui.securitycenter
07-05 20:50:03.734 27986 28268 D GameBoosterService: onGameStatusChange foreground:ForegroundInfo{mForegroundPackageName='work.dynet.developer', mForegroundUid=10923, mForegroundPid=8093, mLastForegroundPackageName='com.miui.securitycenter', mLastForegroundUid=1000, mLastForegroundPid=7971, mMultiWindowForegroundPackageName='work.dynet.developer', mMultiWindowForegroundUid=10923, mFlags=1}
07-05 20:50:03.736 29009 29009 D AppLifecycleObserver: onReceive: work.dynet.developer FOREGROUND
07-05 20:50:03.736 29009 29009 I GameEventTag: notify failed, pkg=work.dynet.developer event=3 version not match
07-05 20:50:03.736 27986 30736 E SuggestManager: openApp name = work.dynet.developer
07-05 20:50:03.737 28868  8112 D MyLog   : -->log(1): [Tid:11642] [ActivationManager_ac] -->onPackageGoForeground(): packageName=work.dynet.developer, uid10923, myUid=0, pkgUserId=0
07-05 20:50:03.740 29009 29009 D PkgUtils: getApplicationInfo packageName:work.dynet.developer, flags:128 applicationInfo:ApplicationInfo{8d51c6c work.dynet.developer} needSecondSpace:false
07-05 20:50:03.745 28868  8112 D MyLog   : -->log(1): [Tid:11642] [ActivationDAO_ac] -->insertRecord(): result=true, record=ActivationRecord{id=0, packageName='work.dynet.developer', pageName='null', activeTime=1783255803739, caller='com.miui.securitycenter', activationSource='com.miui.securitycenter', installer='com.android.shell', firstInstallTime=1783255760263, lastUpdateTime=1783255760263, versionName='1.0.0', versionCode=1, spaceId=0, traceId='null', activeId='null', uploadFlag=0, syncOneTrackFlag=0, isCachedItem=false}
07-05 20:50:03.756  8093  8093 V GraphicsEnvironment: ANGLE Developer option for 'work.dynet.developer' set to: 'default'
07-05 20:50:03.761  8093  8093 I ForceDarkHelperStubImpl: initialize for work.dynet.developer , ForceDarkOrigin
07-05 20:50:03.786  8093  8093 E AndroidRuntime: Process: work.dynet.developer, PID: 8093
07-05 20:50:03.786  8093  8093 E AndroidRuntime: java.lang.RuntimeException: Unable to instantiate activity ComponentInfo{work.dynet.developer/work.dynet.developer.MainActivity}: java.lang.ClassNotFoundException: Didn't find class "work.dynet.developer.MainActivity" on path: DexPathList[[zip file "/data/app/~~NRuCeHs87QVAqZI8u8MQgQ==/work.dynet.developer-DY226kcHQeA9-wMgTAi1lA==/base.apk"],nativeLibraryDirectories=[/data/app/~~NRuCeHs87QVAqZI8u8MQgQ==/work.dynet.developer-DY226kcHQeA9-wMgTAi1lA==/lib/arm64, /data/app/~~NRuCeHs87QVAqZI8u8MQgQ==/work.dynet.developer-DY226kcHQeA9-wMgTAi1lA==/base.apk!/lib/arm64-v8a, /system/lib64, /system/system_ext/lib64]]
07-05 20:50:03.786  8093  8093 E AndroidRuntime: Caused by: java.lang.ClassNotFoundException: Didn't find class "work.dynet.developer.MainActivity" on path: DexPathList[[zip file "/data/app/~~NRuCeHs87QVAqZI8u8MQgQ==/work.dynet.developer-DY226kcHQeA9-wMgTAi1lA==/base.apk"],nativeLibraryDirectories=[/data/app/~~NRuCeHs87QVAqZI8u8MQgQ==/work.dynet.developer-DY226kcHQeA9-wMgTAi1lA==/lib/arm64, /data/app/~~NRuCeHs87QVAqZI8u8MQgQ==/work.dynet.developer-DY226kcHQeA9-wMgTAi1lA==/base.apk!/lib/arm64-v8a, /system/lib64, /system/system_ext/lib64]]
07-05 20:50:03.786  8093  8132 D libMEOW : applied 0 plugin for [work.dynet.developer].
07-05 20:50:03.807   760   837 I libPowerHal: [perfNotifyAppState] pack:work.dynet.developer, act:work.dynet.developer, state:3, pid:8093, uid:10923, fps:60
07-05 20:50:03.807   760   837 I libPowerHal: [perfNotifyAppState] pack:work.dynet.developer, pid:8093, STATE_DEAD
07-05 20:50:03.812 26590 29116 W ActivityTaskManager:   Force finishing activity work.dynet.developer/.MainActivity
07-05 20:50:03.814 28133 28322 D DigestGenerator: digest=============work.dynet.developerjava.lang.RuntimeException: Unable to instantiate activity ComponentInfo{work.dynet.developer/work.dynet.developer.MainActivity}: java.lang.ClassNotFoundException: Didn't find class "work.dynet.developer.MainActivity" on path: DexPathList[[zip file "XXbase.apk!/lib/arm-va, /system/lib /system/system_ext/lib]]
07-05 20:50:03.814 28133 28322 D DigestGenerator: Caused by: java.lang.ClassNotFoundException: Didn't find class "work.dynet.developer.MainActivity" on path: DexPathList[[zip file "XXbase.apk!/lib/arm-va, /system/lib /system/system_ext/lib]]
07-05 20:50:03.823   852   852 I SurfaceFlinger: operator()(), mtkRenderCntDebug 67277903, screenshot (Splash Screen work.dynet.developer#0)
07-05 20:50:03.862 26590 28073 I ActivityManager: Process work.dynet.developer (pid 8093) has died: prcp TOP 
07-05 20:50:03.864 29009 29009 D AppLifecycleObserver: onReceive: work.dynet.developer DESTROY
07-05 20:50:03.866 29009 29009 D PkgUtils: getApplicationInfo packageName:work.dynet.developer, flags:128 applicationInfo:ApplicationInfo{8d51c6c work.dynet.developer} needSecondSpace:false
07-05 20:50:03.880 26590 28945 W InputManager-JNI: Input channel object '921051b Splash Screen work.dynet.developer (client)' was disposed without first being removed with the input manager!
07-05 20:50:03.880 26590 28945 D WindowManager: setParent old=ActivityRecord{2aaf3a0 u0 work.dynet.developer/.MainActivity t14137 f}},new=null,this window=Window{921051b u0 Splash Screen work.dynet.developer EXITING},callers=com.android.server.wm.WindowContainer.removeChild:613 com.android.server.wm.ActivityRecord.removeChild:4232 com.android.server.wm.ActivityRecord.removeChild:417 com.android.server.wm.WindowContainer.removeImmediately:665 com.android.server.wm.WindowState.removeImmediately:2523 com.android.server.wm.WindowState.removeIfPossible:2719 
07-05 20:50:03.883   852   852 I BufferQueueDebug: [Splash Screen work.dynet.developer#0](this:0xb4000074240ea900,id:-1,api:0,p:-1,c:852) onDestructor()
07-05 20:50:03.890   760   837 I libPowerHal: [perfNotifyAppState] pack:work.dynet.developer, act:work.dynet.developer, state:3, pid:8093, uid:10923, fps:60
07-05 20:50:03.890   760   837 I libPowerHal: [perfNotifyAppState] pack:work.dynet.developer, pid:8093, STATE_DEAD
07-05 20:50:03.893 26590 28073 D WindowManager: setParent old=Task{6c4ab59 #14137 type=standard I=work.dynet.developer/.MainActivity U=0 visible=false mode=fullscreen translucent=true sz=0},new=null,this window=ActivityRecord{2aaf3a0 u0 work.dynet.developer/.MainActivity t14137 f}},callers=com.android.server.wm.WindowContainer.removeChild:613 com.android.server.wm.Task.removeChild:1895 com.android.server.wm.Task.removeChild:1876 com.android.server.wm.WindowContainer.removeImmediately:665 com.android.server.wm.WindowToken.removeImmediately:363 com.android.server.wm.ActivityRecord.removeImmediately:4049 
07-05 20:50:03.896 26590 28073 D WindowManager: setParent old=DefaultTaskDisplayArea@199727272,new=null,this window=Task{6c4ab59 #14137 type=standard I=work.dynet.developer/.MainActivity U=0 visible=false mode=fullscreen translucent=true sz=0},callers=com.android.server.wm.WindowContainer.removeChild:613 com.android.server.wm.TaskDisplayArea.removeChildTask:402 com.android.server.wm.TaskDisplayArea.removeChild:393 com.android.server.wm.WindowContainer.removeImmediately:665 com.android.server.wm.Task.removeImmediately:3694 com.android.server.wm.Task.removeIfPossible:1085 
07-05 20:50:03.910 30837 30932 D PerfEngineController: ForegroundInfo{mForegroundPackageName='bin.mt.plus', mForegroundUid=10445, mForegroundPid=4403, mLastForegroundPackageName='work.dynet.developer', mLastForegroundUid=10923, mLastForegroundPid=8093, mMultiWindowForegroundPackageName='bin.mt.plus', mMultiWindowForegroundUid=10445, mFlags=0}
07-05 20:50:03.910 27235 14595 D AppObserver: ForegroundInfo{mForegroundPackageName='bin.mt.plus', mForegroundUid=10445, mForegroundPid=4403, mLastForegroundPackageName='work.dynet.developer', mLastForegroundUid=10923, mLastForegroundPid=8093, mMultiWindowForegroundPackageName='bin.mt.plus', mMultiWindowForegroundUid=10445, mFlags=0}
07-05 20:50:03.911 27986 13234 I ProcessMonitor: onForegroundInfoChanged: ForegroundInfo{mForegroundPackageName='bin.mt.plus', mForegroundUid=10445, mForegroundPid=4403, mLastForegroundPackageName='work.dynet.developer', mLastForegroundUid=10923, mLastForegroundPid=8093, mMultiWindowForegroundPackageName='bin.mt.plus', mMultiWindowForegroundUid=10445, mFlags=0}
07-05 20:50:03.911  3830  3844 I GST     : forePkg: bin.mt.plus, preForePkg: work.dynet.developer
07-05 20:50:03.911 27986 13234 I GameBoosterService: onForegroundInfoChanged: Cur=bin.mt.plus	 last=work.dynet.developer
07-05 20:50:03.912 30837 31207 I ThermalInfoCollector: collectForgroundAppsInfo: work.dynet.developer
07-05 20:50:03.916 27986 13234 D GameBoosterService: onGameStatusChange foreground:ForegroundInfo{mForegroundPackageName='bin.mt.plus', mForegroundUid=10445, mForegroundPid=4403, mLastForegroundPackageName='work.dynet.developer', mLastForegroundUid=10923, mLastForegroundPid=8093, mMultiWindowForegroundPackageName='bin.mt.plus', mMultiWindowForegroundUid=10445, mFlags=0}
07-05 20:50:03.971  7560  7573 E DatabaseUtils: java.lang.IllegalArgumentException: Failed to determine if primary:Android/data/work.dynet.developer is child of primary:Android/data: java.io.FileNotFoundException: Missing file for primary:Android/data/work.dynet.developer at /storage/emulated/0/Android/data/work.dynet.developer
07-05 20:50:04.327 26590 26611 W ActivityTaskManager: Activity top resumed state loss timeout for ActivityRecord{2aaf3a0 u0 work.dynet.developer/.MainActivity t-1 f}}
07-05 20:50:04.328 26590 26611 I PowerHalWrapper: amsBoostNotify pid:4403,activity:bin.mt.plus.Main, package:bin.mt.plus, mProcessCreatePackwork.dynet.developer 
07-05 20:50:04.333   760   787 I mtkpower@impl: [notifyAppState] pc:0, work.dynet.developer => bin.mt.plus
07-05 20:50:04.459 28868  8112 D MyLog   : -->log(1): [Tid:11642] [ActivationManager_ac] -->onSyncToOneTrackDone(): traceId=work.dynet.developer-405ecde08520a13c-1783255777158
07-05 20:50:04.846  8221  8284 I Market-AppActiveReceiver: use miui action receive app active broadcast for: AppActiveStatRecord{packageName='work.dynet.developer', installer='com.android.shell', miuiActiveId='null', miuiActiveTime=-1, activeTime=1783255804842, activeType=1, userId=0, activationSource='null', reportSource='null'}
07-05 20:50:04.972 28868  8112 D MyLog   : -->log(1): [Tid:11642] [ActivationDAO_ac] -->updateUploadFlag(): result=true, packageName=work.dynet.developer
07-05 20:50:04.974 28868 29089 I WakeupConsumer: event=FRONT_APP_EXIT subject=FRONT_APP data=ForegroundAppState(packageName=work.dynet.developer, trackId=work.dynet.developer, lastEnterAt=1783255803589, lastExitAt=1783255804974, stayTime=-1, attributes=ForegroundAppAttributes(categoryL1=unknown, categoryL2=unknown, categoryL3=unknown))
07-05 20:50:13.162 26590 28926 I PowerHalWrapper: amsBoostNotify pid:27235,activity:com.miui.home.launcher.Launcher, package:com.miui.home, mProcessCreatePackwork.dynet.developer 
07-05 20:50:13.243 27235 27605 E ActivityManagerWrapper: getRecentTasks: taskId=14137   userId=0   baseIntent=Intent { act=android.intent.action.MAIN flag=285212672 cmp=ComponentInfo{work.dynet.developer/work.dynet.developer.MainActivity} }
07-05 20:50:13.271 27235 27235 D Launcher.ShortcutInfo: onAddToDatabase, this=ShortcutInfo, id=1082, itemType=0, user=UserHandle{0}, mIconType=0, pkgName=work.dynet.developer, className=work.dynet.developer.MainActivity, screenId=3, container=-100, cellX=1, cellY=4, spanX=1, spanY=1
07-05 20:50:13.271 27235 27235 D Launcher.Model: updateItemInDatabase, item=ShortcutInfo, id=1082, itemType=0, user=UserHandle{0}, mIconType=0, pkgName=work.dynet.developer, className=work.dynet.developer.MainActivity, screenId=3, container=-100, cellX=1, cellY=4, spanX=1, spanY=1
07-05 20:50:13.271 27235 27235 D Launcher: work.dynet.developer, has been opened, remove its new installed indicator
07-05 20:50:13.811 26590 26611 I PowerHalWrapper: amsBoostNotify pid:4403,activity:bin.mt.plus.Main, package:bin.mt.plus, mProcessCreatePackwork.dynet.developer 
07-05 20:50:14.766 27235 27235 D Launcher.CellLayout: touch item:ShortcutInfo, id=1082, itemType=0, user=UserHandle{0}, mIconType=0, pkgName=work.dynet.developer, className=work.dynet.developer.MainActivity, screenId=3, container=-100, cellX=1, cellY=4, spanX=1, spanY=1
07-05 20:50:14.793 26590 28075 I ActivityTaskManager: START u0 {act=android.intent.action.MAIN cat=[android.intent.category.LAUNCHER] flg=0x10200000 cmp=work.dynet.developer/.MainActivity bnds=[328,1350][500,1522] (has extras)} from uid 10087 from pid 27235 callingPackage com.miui.home
07-05 20:50:14.822 26590 29452 I PowerHalWrapper: amsBoostNotify pid:27235,activity:com.miui.home.launcher.Launcher, package:com.miui.home, mProcessCreatePackwork.dynet.developer 
07-05 20:50:14.824 26590 26611 I PowerHalWrapper: amsBoostProcessCreate package:work.dynet.developer 
07-05 20:50:14.824 26590 26611 D SBE-LaunchIdentify: SBE boost:work.dynet.developer begin
07-05 20:50:14.831   852  2570 E BufferQueueDebug: [Splash Screen work.dynet.developer#0](this:0xb40000744fcb8900,id:-1,api:0,p:-1,c:-1) id info cannot be read from 'Splash Screen work.dynet.developer#0'
07-05 20:50:14.831   852  2570 I BufferQueueDebug: [Splash Screen work.dynet.developer#0](this:0xb40000744fcb8900,id:-1,api:0,p:-1,c:-1) BufferQueue core=(852:/system/bin/surfaceflinger)
07-05 20:50:14.835 26590 26630 I ActivityManager: Start proc 8590:work.dynet.developer/u0a923 for pre-top-activity {work.dynet.developer/work.dynet.developer.MainActivity} caller=others
07-05 20:50:14.867 26590 27366 I PowerHalWrapper: amsBoostNotify pid:8590,activity:work.dynet.developer.MainActivity, package:work.dynet.developer, mProcessCreatePackwork.dynet.developer 
07-05 20:50:14.868   760   837 I libPowerHal: [perfNotifyAppState] pack:work.dynet.developer, act:work.dynet.developer.MainActivity, state:1, pid:8590, uid:10923, fps:60
07-05 20:50:14.868   760   837 I libPowerHal: [perfNotifyAppState] foreground:work.dynet.developer, pid:8590, uid:10923
07-05 20:50:14.868   760   837 I UxUtility: notifyForegroundApp pack:work.dynet.developer, uid:10923
07-05 20:50:14.868   760   787 I mtkpower@impl: [notifyAppState] pc:1, com.miui.home => work.dynet.developer
07-05 20:50:14.869 27235 29684 D AppObserver: ForegroundInfo{mForegroundPackageName='work.dynet.developer', mForegroundUid=10923, mForegroundPid=8590, mLastForegroundPackageName='com.miui.home', mLastForegroundUid=10087, mLastForegroundPid=27235, mMultiWindowForegroundPackageName='work.dynet.developer', mMultiWindowForegroundUid=10923, mFlags=1}
07-05 20:50:14.870  3830  3844 I GST     : forePkg: work.dynet.developer, preForePkg: com.miui.home
07-05 20:50:14.870 30837 31823 D PerfEngineController: ForegroundInfo{mForegroundPackageName='work.dynet.developer', mForegroundUid=10923, mForegroundPid=8590, mLastForegroundPackageName='com.miui.home', mLastForegroundUid=10087, mLastForegroundPid=27235, mMultiWindowForegroundPackageName='work.dynet.developer', mMultiWindowForegroundUid=10923, mFlags=1}
07-05 20:50:14.871 30837 31306 D LS-ForegroundStatusManager: handleMessage ForegroundInfoChanged. pkg = work.dynet.developer, uid = 10923, mCurrentForegroundUid = 10087
07-05 20:50:14.874 27986 28268 I ProcessMonitor: onForegroundInfoChanged: ForegroundInfo{mForegroundPackageName='work.dynet.developer', mForegroundUid=10923, mForegroundPid=8590, mLastForegroundPackageName='com.miui.home', mLastForegroundUid=10087, mLastForegroundPid=27235, mMultiWindowForegroundPackageName='work.dynet.developer', mMultiWindowForegroundUid=10923, mFlags=1}
07-05 20:50:14.875 27986 28268 I GameBoosterService: onForegroundInfoChanged: Cur=work.dynet.developer	 last=com.miui.home
07-05 20:50:14.875 27986 28268 D GameBoosterService: onGameStatusChange foreground:ForegroundInfo{mForegroundPackageName='work.dynet.developer', mForegroundUid=10923, mForegroundPid=8590, mLastForegroundPackageName='com.miui.home', mLastForegroundUid=10087, mLastForegroundPid=27235, mMultiWindowForegroundPackageName='work.dynet.developer', mMultiWindowForegroundUid=10923, mFlags=1}
07-05 20:50:14.876 28133  2251 W MQSService: CallerName:work.dynet.developer,calling Uid:10923
07-05 20:50:14.876 28133  2251 D MQSService: registerApplicationScoutThread pid = 8590, packageName = work.dynet.developer
07-05 20:50:14.876 27986 30736 E SuggestManager: openApp name = work.dynet.developer
07-05 20:50:14.877 29009 29009 D AppLifecycleObserver: onReceive: work.dynet.developer FOREGROUND
07-05 20:50:14.877 29009 29009 I GameEventTag: notify failed, pkg=work.dynet.developer event=3 version not match
07-05 20:50:14.878 29009 29009 D PkgUtils: getApplicationInfo packageName:work.dynet.developer, flags:128 applicationInfo:ApplicationInfo{82d9358 work.dynet.developer} needSecondSpace:false
07-05 20:50:14.886  8590  8590 V GraphicsEnvironment: ANGLE Developer option for 'work.dynet.developer' set to: 'default'
07-05 20:50:14.888  8590  8590 I ForceDarkHelperStubImpl: initialize for work.dynet.developer , ForceDarkOrigin
07-05 20:50:14.920 27235 27605 W RecentsModel: getRunningTask   taskInfo=TaskInfo{userId=0 taskId=14138 displayId=0 isRunning=true baseIntent=Intent { act=android.intent.action.MAIN cat=[android.intent.category.LAUNCHER] flg=0x10200000 cmp=work.dynet.developer/.MainActivity } baseActivity=ComponentInfo{work.dynet.developer/work.dynet.developer.MainActivity} topActivity=ComponentInfo{work.dynet.developer/work.dynet.developer.MainActivity} origActivity=null realActivity=ComponentInfo{work.dynet.developer/work.dynet.developer.MainActivity} numActivities=1 lastActiveTime=29298682904 supportsSplitScreenMultiWindow=true supportsMultiWindow=true resizeMode=1 isResizeable=true token=WCT{android.window.IWindowContainerToken$Stub$Proxy@517f2cd} topActivityType=1 pictureInPictureParams=PictureInPictureParams( aspectRatio=null sourceRectHint=null hasSetActions=false isAutoPipEnabled=false isSeamlessResizeEnabled=true) displayCutoutSafeInsets=Rect(0, 99 - 0, 0) topActivityInfo=ActivityInfo{ebb0782 work.dynet.developer.MainActivity} launchCookies=[] positionInParent=Point(0, 0) parentTaskId=-1 isFocused=false isVisible=true topActivityInSizeCompat=false locusId= null windowMode=0}
07-05 20:50:14.921 27235 27605 W RecentsModel: getTaskInfoIgnoreHomeAndFreeform   taskInfo=ComponentInfo{work.dynet.developer/work.dynet.developer.MainActivity}
07-05 20:50:14.922 27235 27605 E ActivityManagerWrapper: getRecentTasks: taskId=14138   userId=0   baseIntent=Intent { act=android.intent.action.MAIN flag=270532608 cmp=ComponentInfo{work.dynet.developer/work.dynet.developer.MainActivity} }
07-05 20:50:14.931  8590  8614 D libMEOW : applied 0 plugin for [work.dynet.developer].
07-05 20:50:14.931  8590  8590 E AndroidRuntime: Process: work.dynet.developer, PID: 8590
07-05 20:50:14.931  8590  8590 E AndroidRuntime: java.lang.RuntimeException: Unable to instantiate activity ComponentInfo{work.dynet.developer/work.dynet.developer.MainActivity}: java.lang.ClassNotFoundException: Didn't find class "work.dynet.developer.MainActivity" on path: DexPathList[[zip file "/data/app/~~NRuCeHs87QVAqZI8u8MQgQ==/work.dynet.developer-DY226kcHQeA9-wMgTAi1lA==/base.apk"],nativeLibraryDirectories=[/data/app/~~NRuCeHs87QVAqZI8u8MQgQ==/work.dynet.developer-DY226kcHQeA9-wMgTAi1lA==/lib/arm64, /data/app/~~NRuCeHs87QVAqZI8u8MQgQ==/work.dynet.developer-DY226kcHQeA9-wMgTAi1lA==/base.apk!/lib/arm64-v8a, /system/lib64, /system/system_ext/lib64]]
07-05 20:50:14.931  8590  8590 E AndroidRuntime: Caused by: java.lang.ClassNotFoundException: Didn't find class "work.dynet.developer.MainActivity" on path: DexPathList[[zip file "/data/app/~~NRuCeHs87QVAqZI8u8MQgQ==/work.dynet.developer-DY226kcHQeA9-wMgTAi1lA==/base.apk"],nativeLibraryDirectories=[/data/app/~~NRuCeHs87QVAqZI8u8MQgQ==/work.dynet.developer-DY226kcHQeA9-wMgTAi1lA==/lib/arm64, /data/app/~~NRuCeHs87QVAqZI8u8MQgQ==/work.dynet.developer-DY226kcHQeA9-wMgTAi1lA==/base.apk!/lib/arm64-v8a, /system/lib64, /system/system_ext/lib64]]
07-05 20:50:14.947   760   837 I libPowerHal: [perfNotifyAppState] pack:work.dynet.developer, act:work.dynet.developer, state:3, pid:8590, uid:10923, fps:60
07-05 20:50:14.947   760   837 I libPowerHal: [perfNotifyAppState] pack:work.dynet.developer, pid:8590, STATE_DEAD
07-05 20:50:14.949 28133 28322 D DigestGenerator: digest=============work.dynet.developerjava.lang.RuntimeException: Unable to instantiate activity ComponentInfo{work.dynet.developer/work.dynet.developer.MainActivity}: java.lang.ClassNotFoundException: Didn't find class "work.dynet.developer.MainActivity" on path: DexPathList[[zip file "XXbase.apk!/lib/arm-va, /system/lib /system/system_ext/lib]]
07-05 20:50:14.949 28133 28322 D DigestGenerator: Caused by: java.lang.ClassNotFoundException: Didn't find class "work.dynet.developer.MainActivity" on path: DexPathList[[zip file "XXbase.apk!/lib/arm-va, /system/lib /system/system_ext/lib]]
07-05 20:50:14.950 26590 28075 W ActivityTaskManager:   Force finishing activity work.dynet.developer/.MainActivity
07-05 20:50:14.954   852   852 I SurfaceFlinger: operator()(), mtkRenderCntDebug 67277923, screenshot (Splash Screen work.dynet.developer#0)
07-05 20:50:14.982 26590 28074 I ActivityManager: Process work.dynet.developer (pid 8590) has died: fg  TOP 
07-05 20:50:14.984 29009 29009 D AppLifecycleObserver: onReceive: work.dynet.developer DESTROY
07-05 20:50:14.985   760   837 I libPowerHal: [perfNotifyAppState] pack:work.dynet.developer, act:work.dynet.developer, state:3, pid:8590, uid:10923, fps:60
07-05 20:50:14.985   760   837 I libPowerHal: [perfNotifyAppState] pack:work.dynet.developer, pid:8590, STATE_DEAD
07-05 20:50:14.988 29009 29009 D PkgUtils: getApplicationInfo packageName:work.dynet.developer, flags:128 applicationInfo:ApplicationInfo{82d9358 work.dynet.developer} needSecondSpace:false
07-05 20:50:15.018 30837 30854 D PerfEngineController: ForegroundInfo{mForegroundPackageName='com.miui.home', mForegroundUid=10087, mForegroundPid=27235, mLastForegroundPackageName='work.dynet.developer', mLastForegroundUid=10923, mLastForegroundPid=8590, mMultiWindowForegroundPackageName='com.miui.home', mMultiWindowForegroundUid=10087, mFlags=0}
07-05 20:50:15.018 27235 29684 D AppObserver: ForegroundInfo{mForegroundPackageName='com.miui.home', mForegroundUid=10087, mForegroundPid=27235, mLastForegroundPackageName='work.dynet.developer', mLastForegroundUid=10923, mLastForegroundPid=8590, mMultiWindowForegroundPackageName='com.miui.home', mMultiWindowForegroundUid=10087, mFlags=0}
07-05 20:50:15.020 27986 17504 I ProcessMonitor: onForegroundInfoChanged: ForegroundInfo{mForegroundPackageName='com.miui.home', mForegroundUid=10087, mForegroundPid=27235, mLastForegroundPackageName='work.dynet.developer', mLastForegroundUid=10923, mLastForegroundPid=8590, mMultiWindowForegroundPackageName='com.miui.home', mMultiWindowForegroundUid=10087, mFlags=0}
07-05 20:50:15.021 27986 17504 I GameBoosterService: onForegroundInfoChanged: Cur=com.miui.home	 last=work.dynet.developer
07-05 20:50:15.023 30837 31207 I ThermalInfoCollector: collectForgroundAppsInfo: work.dynet.developer
07-05 20:50:15.028  3830  3844 I GST     : forePkg: com.miui.home, preForePkg: work.dynet.developer
07-05 20:50:15.029 27986 17504 D GameBoosterService: onGameStatusChange foreground:ForegroundInfo{mForegroundPackageName='com.miui.home', mForegroundUid=10087, mForegroundPid=27235, mLastForegroundPackageName='work.dynet.developer', mLastForegroundUid=10923, mLastForegroundPid=8590, mMultiWindowForegroundPackageName='com.miui.home', mMultiWindowForegroundUid=10087, mFlags=0}
07-05 20:50:15.060 26590 28072 D WindowManager: setParent old=ActivityRecord{a69a4be u0 work.dynet.developer/.MainActivity t14138 f} isExiting},new=null,this window=Window{974eca u0 Splash Screen work.dynet.developer},callers=com.android.server.wm.WindowContainer.removeChild:613 com.android.server.wm.ActivityRecord.removeChild:4232 com.android.server.wm.ActivityRecord.removeChild:417 com.android.server.wm.WindowContainer.removeImmediately:665 com.android.server.wm.WindowState.removeImmediately:2523 com.android.server.wm.WindowState.destroySurface:3712 
07-05 20:50:15.060 26590 28072 W InputManager-JNI: Input channel object '974eca Splash Screen work.dynet.developer (client)' was disposed without first being removed with the input manager!
07-05 20:50:15.071 26590 26612 D WindowManager: setParent old=Task{821391f #14138 type=standard I=work.dynet.developer/.MainActivity U=0 visible=false mode=fullscreen translucent=true sz=0},new=null,this window=ActivityRecord{a69a4be u0 work.dynet.developer/.MainActivity t14138 f}},callers=com.android.server.wm.WindowContainer.removeChild:613 com.android.server.wm.Task.removeChild:1895 com.android.server.wm.Task.removeChild:1876 com.android.server.wm.WindowContainer.removeImmediately:665 com.android.server.wm.WindowToken.removeImmediately:363 com.android.server.wm.ActivityRecord.removeImmediately:4049 
07-05 20:50:15.073 26590 26612 D WindowManager: setParent old=DefaultTaskDisplayArea@199727272,new=null,this window=Task{821391f #14138 type=standard I=work.dynet.developer/.MainActivity U=0 visible=false mode=fullscreen translucent=true sz=0},callers=com.android.server.wm.WindowContainer.removeChild:613 com.android.server.wm.TaskDisplayArea.removeChildTask:402 com.android.server.wm.TaskDisplayArea.removeChild:393 com.android.server.wm.WindowContainer.removeImmediately:665 com.android.server.wm.Task.removeImmediately:3694 com.android.server.wm.Task.removeIfPossible:1085 
07-05 20:50:15.293   852   852 I BufferQueueDebug: [Splash Screen work.dynet.developer#0](this:0xb40000744fcb8900,id:-1,api:0,p:-1,c:852) onDestructor()
07-05 20:50:15.451 26590 26611 W ActivityTaskManager: Activity top resumed state loss timeout for ActivityRecord{a69a4be u0 work.dynet.developer/.MainActivity t-1 f}}
07-05 20:50:15.451 26590 26611 I PowerHalWrapper: amsBoostNotify pid:27235,activity:com.miui.home.launcher.Launcher, package:com.miui.home, mProcessCreatePackwork.dynet.developer 
07-05 20:50:15.452   760   787 I mtkpower@impl: [notifyAppState] pc:0, work.dynet.developer => com.miui.home
